09-08 02:11:29.235  5020  5126 I TestRunner: started: convertsCelsiusToFahrenheit_defaultDropdowns(com.agustin.converter.ui.ComposeConversionTest)
09-08 02:11:29.543  5020  5126 W ustin.converter: Verification of void com.agustin.converter.ui.ComposeConversionTest.<init>() took 276.895ms (72.23 bytecodes/s) (1776B approximate peak alloc)
09-08 02:11:29.986  5020  5126 W ustin.converter: Verification of androidx.compose.ui.test.TestContext androidx.compose.ui.test.AndroidComposeUiTestEnvironment.access$getTestContext$p(androidx.compose.ui.test.AndroidComposeUiTestEnvironment) took 105.402ms (28.46 bytecodes/s) (1352B approximate peak alloc)
09-08 02:11:30.272  5020  5126 W ustin.converter: Verification of java.lang.Object androidx.compose.ui.test.junit4.IdlingResourceRegistry.withRegistry(kotlin.jvm.functions.Function0) took 261.580ms (229.38 bytecodes/s) (2688B approximate peak alloc)
09-08 02:11:30.305  4990  4990 E ChimeraSrvcProxy: Proxy without impl dropping onStart()
09-08 02:11:30.409  4517  4546 I PeopleGalProvider: Gal directories started.
09-08 02:11:30.411  4517  4546 I PeopleGalProvider: Method 1 completed.
09-08 02:11:30.418  4517  4546 I PeopleGalProvider: Method 1 finished successfully.
09-08 02:11:30.484  5020  5126 W ustin.converter: Verification of kotlinx.coroutines.CompletableJob kotlinx.coroutines.JobKt__JobKt.Job$default(kotlinx.coroutines.Job, int, java.lang.Object) took 120.581ms (82.93 bytecodes/s) (1576B approximate peak alloc)
09-08 02:11:30.590  4517  4546 I PeopleGalProvider: Gal directories started.
09-08 02:11:30.595  4517  4546 I PeopleGalProvider: Method 1 completed.
09-08 02:11:30.596  4517  4546 I PeopleGalProvider: Method 1 finished successfully.
09-08 02:11:30.618  3149  3233 I WM-WorkerWrapper: Worker result SUCCESS for Work [ id=dda92082-c14e-445f-90db-6fd7f5f6f78b, tags={ com.google.apps.tiktok.contrib.work.TikTokListenableWorker, TikTokWorker#com.android.dialer.calleridfeeback.impl.database.retention.CallerIdFeedbackDeletionWorker } ]
09-08 02:11:30.685  2425  2778 W ndroid.contacts: Long monitor contention with owner main (2425) at boolean jau.handleMessage(android.os.Message)(PG:33) waiters=0 in boolean jfs.b(jfr, android.content.ServiceConnection, java.lang.String) for 2.372s
09-08 02:11:30.846  4990  5090 E ChimeraPrvdrProxy: Provider proxy missing implementation
09-08 02:11:30.883  5020  5126 W ustin.converter: Verification of kotlinx.coroutines.JobNode kotlinx.coroutines.JobSupport.makeNode(kotlin.jvm.functions.Function1, boolean) took 126.045ms (531.56 bytecodes/s) (3272B approximate peak alloc)
09-08 02:11:30.966  1103  1103 D ControlsListingControllerImpl: ServiceConfig reloaded, count: 0
09-08 02:11:30.968  1103  1103 I Choreographer: Skipped 44 frames!  The application may be doing too much work on its main thread.
09-08 02:11:31.271  5020  5126 W ustin.converter: Verification of kotlin.coroutines.CoroutineContext kotlinx.coroutines.CoroutineDispatcher.minusKey(kotlin.coroutines.CoroutineContext$Key) took 230.416ms (21.70 bytecodes/s) (1496B approximate peak alloc)
09-08 02:11:31.339   538  5157 I system_server: libdebuggerd_client: started dumping process 3149
09-08 02:11:31.343   185   185 I tombstoned: registered intercept for pid 3149 and type kDebuggerdJavaBacktrace
09-08 02:11:31.577   538  1753 W system_server: Long monitor contention with owner appscheduling.default (663) at void com.android.server.job.JobSchedulerService$JobHandler.handleMessage(android.os.Message)(JobSchedulerService.java:3305) waiters=0 in int com.android.server.job.JobSchedulerService.scheduleAsPackage(android.app.job.JobInfo, android.app.job.JobWorkItem, int, java.lang.String, int, java.lang.String, java.lang.String) for 428ms
09-08 02:11:31.914  5020  5126 W ustin.converter: Verification of void kotlinx.coroutines.scheduling.DefaultIoScheduler.<clinit>() took 119.730ms (317.38 bytecodes/s) (1944B approximate peak alloc)
09-08 02:11:32.030  4990  4990 E ChimeraSrvcProxy: Proxy without impl dropping onStart()
09-08 02:11:32.548  4990  5090 I DynamiteModule: Considering local module com.google.android.gms.googlecertificates:7 and remote module com.google.android.gms.googlecertificates:7
09-08 02:11:32.556  4990  5090 I DynamiteModule: Selected local version of com.google.android.gms.googlecertificates
09-08 02:11:32.596  4517  4517 D BoundBrokerSvc: onBind: Intent { act=com.google.android.gms.common.BIND_SHARED_PREFS pkg=com.google.android.gms }
09-08 02:11:32.597  4517  4517 D BoundBrokerSvc: Loading bound service for intent: Intent { act=com.google.android.gms.common.BIND_SHARED_PREFS pkg=com.google.android.gms }
09-08 02:11:32.840  5020  5126 W ustin.converter: Verification of kotlinx.coroutines.channels.ChannelSegment kotlinx.coroutines.channels.BufferedChannel.findSegmentSend(long, kotlinx.coroutines.channels.ChannelSegment) took 177.265ms (1122.61 bytecodes/s) (6312B approximate peak alloc)
09-08 02:11:33.045   538   594 W system_server: Long monitor contention with owner binder:538_16 (2125) at void com.android.server.power.PowerManagerService.updateWakeLockWorkSourceInternal(android.os.IBinder, android.os.WorkSource, java.lang.String, int)(PowerManagerService.java:1840) waiters=0 in void com.android.server.power.PowerManagerService.handleSandman(int) for 336ms
09-08 02:11:33.084  5020  5126 W ustin.converter: Verification of boolean kotlinx.coroutines.channels.BufferedChannel.tryResumeSender(java.lang.Object, kotlinx.coroutines.channels.ChannelSegment, int) took 110.915ms (1000.77 bytecodes/s) (3760B approximate peak alloc)
09-08 02:11:33.231   538   594 W system_server: Long monitor contention with owner binder:538_17 (2133) at android.os.PowerSaveState com.android.server.power.batterysaver.BatterySaverPolicy.getBatterySaverPolicy(int)(BatterySaverPolicy.java:970) waiters=0 in void com.android.server.power.PowerManagerService.handleSandman(int) for 148ms
09-08 02:11:33.337   538  1015 W BestClock: java.time.DateTimeException: Missing network time fix
09-08 02:11:33.357   325   325 I netd    : tetherGetStats() -> {[]} <1.03ms>
09-08 02:11:33.409   538  1015 W BestClock: java.time.DateTimeException: Missing network time fix
09-08 02:11:33.437  5020  5126 W ustin.converter: Verification of java.util.List kotlinx.coroutines.test.TestScopeImpl.legacyLeave() took 139.099ms (934.59 bytecodes/s) (4448B approximate peak alloc)
09-08 02:11:33.568   325   325 I netd    : bandwidthSetGlobalAlert(2097152) <0.16ms>
09-08 02:11:33.674  5020  5126 W ustin.converter: Verification of void androidx.compose.ui.test.ApplyingContinuationInterceptor$Key.<init>() took 158.408ms (82.07 bytecodes/s) (1712B approximate peak alloc)
09-08 02:11:33.775  4517  4932 E constellation: [event_manager] Couldn't get GCM token
09-08 02:11:33.775  4517  4932 E constellation: java.io.IOException: SERVICE_NOT_AVAILABLE
09-08 02:11:33.775  4517  4932 E constellation: 	at asqz.f(:com.google.android.gms@231818047@23.18.18 (190800-535401451):1)
09-08 02:11:33.775  4517  4932 E constellation: 	at asqh.e(:com.google.android.gms@231818047@23.18.18 (190800-535401451):7)
09-08 02:11:33.775  4517  4932 E constellation: 	at asqh.d(:com.google.android.gms@231818047@23.18.18 (190800-535401451):7)
09-08 02:11:33.775  4517  4932 E constellation: 	at asqh.c(:com.google.android.gms@231818047@23.18.18 (190800-535401451):0)
09-08 02:11:33.775  4517  4932 E constellation: 	at com.google.android.gms.constellation.EventManager.a(:com.google.android.gms@231818047@23.18.18 (190800-535401451):3)
09-08 02:11:33.775  4517  4932 E constellation: 	at com.google.android.gms.constellation.EventManager.b(:com.google.android.gms@231818047@23.18.18 (190800-535401451):5)
09-08 02:11:33.775  4517  4932 E constellation: 	at com.google.android.gms.constellation.EventManager.onHandleIntent(:com.google.android.gms@231818047@23.18.18 (190800-535401451):24)
09-08 02:11:33.775  4517  4932 E constellation: 	at com.google.android.chimera.IntentOperation.onHandleIntent(:com.google.android.gms@231818047@23.18.18 (190800-535401451):2)
09-08 02:11:33.775  4517  4932 E constellation: 	at zhv.onHandleIntent(:com.google.android.gms@231818047@23.18.18 (190800-535401451):4)
09-08 02:11:33.775  4517  4932 E constellation: 	at hjm.run(:com.google.android.gms@231818047@23.18.18 (190800-535401451):3)
09-08 02:11:33.775  4517  4932 E constellation: 	at hjl.run(:com.google.android.gms@231818047@23.18.18 (190800-535401451):11)
09-08 02:11:33.775  4517  4932 E constellation: 	at dfhf.run(:com.google.android.gms@231818047@23.18.18 (190800-535401451):2)
09-08 02:11:33.775  4517  4932 E constellation: 	at java.util.concurrent.ThreadPoolExecutor.runWorker(ThreadPoolExecutor.java:1145)
09-08 02:11:33.775  4517  4932 E constellation: 	at java.util.concurrent.ThreadPoolExecutor$Worker.run(ThreadPoolExecutor.java:644)
09-08 02:11:33.775  4517  4932 E constellation: 	at java.lang.Thread.run(Thread.java:1012)
09-08 02:11:34.075   538  5165 I system_server: libdebuggerd_client: started dumping process 5128
09-08 02:11:34.077   185   185 I tombstoned: registered intercept for pid 5128 and type kDebuggerdJavaBacktrace
09-08 02:11:34.080  5128  5132 I m.android.phone: Thread[2,tid=5132,WaitingInMainSignalCatcherLoop,Thread*=0x7549ddcac6f0,peer=0x12c80460,"Signal Catcher"]: reacting to signal 3
09-08 02:11:34.080  5128  5132 I m.android.phone:
09-08 02:11:34.265   538   563 W system_server: Long monitor contention with owner ActivityManager (575) at android.os.Message android.os.MessageQueue.next()(MessageQueue.java:364) waiters=0 in void android.os.MessageQueue.removeMessages(android.os.Handler, java.lang.Runnable, java.lang.Object) for 196ms
09-08 02:11:34.445   185   185 I tombstoned: received crash request for pid 5128
09-08 02:11:34.445   185   185 I tombstoned: found intercept fd 513 for pid 5128 and type kDebuggerdJavaBacktrace
09-08 02:11:34.450   185   185 W tombstoned: skipping tombstone file creation due to intercept
09-08 02:11:34.462   538  5165 I system_server: libdebuggerd_client: done dumping process 5128
09-08 02:11:34.467  5128  5132 I m.android.phone: Wrote stack traces to tombstoned
09-08 02:11:34.477  4651  4724 E IPCThreadState: Binder transaction failure: 146494/29201/-28
09-08 02:11:34.478  4651  4724 E JavaBinder: !!! FAILED BINDER TRANSACTION !!!  (parcel size = 912)
09-08 02:11:34.482  4651  4724 W GmsClient: IGmsServiceBroker.getService failed
09-08 02:11:34.482  4651  4724 W GmsClient: android.os.DeadObjectException: Transaction failed on small parcel; remote process probably died, but this could also be caused by running out of binder buffer space
09-08 02:11:34.482  4651  4724 W GmsClient: 	at android.os.BinderProxy.transactNative(Native Method)
09-08 02:11:34.482  4651  4724 W GmsClient: 	at android.os.BinderProxy.transact(BinderProxy.java:584)
09-08 02:11:34.482  4651  4724 W GmsClient: 	at fsu.s(PG:14)
09-08 02:11:34.482  4651  4724 W GmsClient: 	at frm.run(PG:65)
09-08 02:11:34.482  4651  4724 W GmsClient: 	at android.os.Handler.handleCallback(Handler.java:958)
09-08 02:11:34.482  4651  4724 W GmsClient: 	at android.os.Handler.dispatchMessage(Handler.java:99)
09-08 02:11:34.482  4651  4724 W GmsClient: 	at android.os.Looper.loopOnce(Looper.java:205)
09-08 02:11:34.482  4651  4724 W GmsClient: 	at android.os.Looper.loop(Looper.java:294)
09-08 02:11:34.482  4651  4724 W GmsClient: 	at android.os.HandlerThread.run(HandlerThread.java:67)
09-08 02:11:34.531  2893  3111 W .apps.wellbeing: Long monitor contention with owner main (2893) at boolean hix.handleMessage(android.os.Message)(PG:14) waiters=0 in boolean hiv.d(hiu, android.content.ServiceConnection) for 4.324s
09-08 02:11:34.577  4990  5002 I ChimeraSrvcProxy: NullBinder for com.google.android.gms.clearcut.service.START triggering remote TransactionTooLargeException due to Service without Chimera impl
09-08 02:11:34.580  4990  5002 W .gms.persistent: Large reply transaction of 1056768 bytes, interface descriptor , code 46
09-08 02:11:34.603  4990  4990 E ChimeraSrvcProxy: Proxy without impl dropping onStart()
09-08 02:11:35.043  5020  5126 W FileTestStorage: Output properties is not supported.
09-08 02:11:35.049  5020  5126 I Tracing : Tracer added: class androidx.test.platform.tracing.AndroidXTracer
09-08 02:11:35.130  4651  4717 I KeywordsRequiringContentDownload: KeywordsRequiringContentDownload.writeToDisk():103 Successfully wrote set of 0 keywords requiring update to disk
09-08 02:11:35.137  4651  4717 I ContentDownloadTask: ContentDownloadTask.lambda$updateMappingWithDownloadedImagesTransform$10():492 Successfully downloaded 307 of 307 images
09-08 02:11:35.202  4651  4717 I ContentMappingManager: ContentMappingManager.writeKeywordMappingsToDisk():51 Successfully wrote keyword mappings to disk
09-08 02:11:35.236  4651  4651 I JobSchedulerImpl: JobSchedulerImpl$TaskRunnerJobService$Callback.onSuccess():379 Task: ContentDownload successes.
09-08 02:11:35.274  4990  4990 E ChimeraSrvcProxy: Proxy without impl failing onBind()
09-08 02:11:35.279  4990  4990 I ChimeraSrvcProxy: com.google.android.location.network.NetworkLocationService returning NullBinder for action com.android.location.service.v3.NetworkLocationProvider
09-08 02:11:35.361  4517  4681 E IPCThreadState: Binder transaction failure: 146616/29201/-28
09-08 02:11:35.365  4517  4681 E JavaBinder: !!! FAILED BINDER TRANSACTION !!!  (parcel size = 468)
09-08 02:11:35.368  4517  4681 W GmsClient: IGmsServiceBroker.getService failed
09-08 02:11:35.368  4517  4681 W GmsClient: android.os.DeadObjectException: Transaction failed on small parcel; remote process probably died, but this could also be caused by running out of binder buffer space
09-08 02:11:35.368  4517  4681 W GmsClient: 	at android.os.BinderProxy.transactNative(Native Method)
09-08 02:11:35.368  4517  4681 W GmsClient: 	at android.os.BinderProxy.transact(BinderProxy.java:584)
09-08 02:11:35.368  4517  4681 W GmsClient: 	at aboj.ge(:com.google.android.gms@231818047@23.18.18 (190800-535401451):5)
09-08 02:11:35.368  4517  4681 W GmsClient: 	at abmq.y(:com.google.android.gms@231818047@23.18.18 (190800-535401451):11)
09-08 02:11:35.368  4517  4681 W GmsClient: 	at aavc.run(:com.google.android.gms@231818047@23.18.18 (190800-535401451):5)
09-08 02:11:35.368  4517  4681 W GmsClient: 	at android.os.Handler.handleCallback(Handler.java:958)
09-08 02:11:35.368  4517  4681 W GmsClient: 	at android.os.Handler.dispatchMessage(Handler.java:99)
09-08 02:11:35.368  4517  4681 W GmsClient: 	at avye.ll(:com.google.android.gms@231818047@23.18.18 (190800-535401451):0)
09-08 02:11:35.368  4517  4681 W GmsClient: 	at avye.dispatchMessage(:com.google.android.gms@231818047@23.18.18 (190800-535401451):14)
09-08 02:11:35.368  4517  4681 W GmsClient: 	at android.os.Looper.loopOnce(Looper.java:205)
09-08 02:11:35.368  4517  4681 W GmsClient: 	at android.os.Looper.loop(Looper.java:294)
09-08 02:11:35.368  4517  4681 W GmsClient: 	at android.os.HandlerThread.run(HandlerThread.java:67)
09-08 02:11:35.380  4990  5003 I ChimeraSrvcProxy: NullBinder for com.google.android.chimera.BoundService.START triggering remote TransactionTooLargeException due to Service without Chimera impl
09-08 02:11:35.381  4990  5003 W .gms.persistent: Large reply transaction of 1056768 bytes, interface descriptor , code 46
09-08 02:11:35.431  5020  5020 D EventInjectionStrategy: Creating injection strategy with input manager.
09-08 02:11:35.434  5020  5020 W ustin.converter: Accessing hidden method Landroid/hardware/input/InputManager;->getInstance()Landroid/hardware/input/InputManager; (unsupported, reflection, allowed)
09-08 02:11:35.436  5020  5020 W ustin.converter: Accessing hidden method Landroid/hardware/input/InputManager;->injectInputEvent(Landroid/view/InputEvent;I)Z (unsupported, reflection, allowed)
09-08 02:11:35.437  5020  5020 W ustin.converter: Accessing hidden field Landroid/hardware/input/InputManager;->INJECT_INPUT_EVENT_MODE_WAIT_FOR_FINISH:I (unsupported, reflection, allowed)
09-08 02:11:35.586  5020  5020 W ustin.converter: Verification of androidx.loader.content.ModernAsyncTask androidx.loader.content.ModernAsyncTask.executeOnExecutor(java.util.concurrent.Executor, java.lang.Object[]) took 110.333ms (616.32 bytecodes/s) (2976B approximate peak alloc)
09-08 02:11:35.696  3149  3239 I DialerCallerIdFeedbackDatabase: com.android.dialer.calleridfeedback.impl.database.CallerIdFeedbackDatabase.deleteAllMatching:409 feedbackCreationTimestamp list empty
09-08 02:11:35.698  3149  3239 I DialerCallerIdFeedbackDatabase: com.android.dialer.calleridfeedback.impl.database.CallerIdFeedbackDatabase$1.onSuccess:351 Deleted old caller IDs.
09-08 02:11:35.783  5020  5020 W ustin.converter: Accessing hidden method Landroid/os/MessageQueue;->next()Landroid/os/Message; (unsupported, reflection, allowed)
09-08 02:11:35.786  5020  5020 W ustin.converter: Accessing hidden field Landroid/os/MessageQueue;->mMessages:Landroid/os/Message; (unsupported, reflection, allowed)
09-08 02:11:35.787  5020  5020 W ustin.converter: Accessing hidden method Landroid/os/Message;->recycleUnchecked()V (unsupported, reflection, allowed)
09-08 02:11:35.792  5020  5126 D IdlingRegistry: Registering idling resources: [androidx.compose.ui.test.junit4.EspressoLink@b49a175]
09-08 02:11:35.991  2893  3013 W WellbeingSettingsProvid: <DWB> Call failed: get_actions
09-08 02:11:35.991  2893  3013 W WellbeingSettingsProvid: java.util.concurrent.TimeoutException: Waited 5000 milliseconds (plus 32 milliseconds, 600000 nanoseconds delay) for lki@6affd76[status=PENDING, info=[inputFuture=[lkh@76d0f77[status=PENDING, setFuture=[ljp@13007e4[status=PENDING, info=[inputFuture=[lki@233044d[status=PENDING, info=[inputFuture=[lki@b967b02[status=PENDING, info=[inputFuture=[lld@e192c13[status=PENDING, info=[futures=[lki@5d7be50[status=PENDING, info=[inputFuture=[lki@ab89849[status=PENDING, info=[inputFuture=[lmb@75454e[status=PENDING, info=[delegate=[lng@560766f[status=PENDING, info=[task=[running=[NOT STARTED YET], propagating=[bwh@7026f7c]]]]]]]], function=[propagating=[bvr@fe97005]]]]], function=[propagating=[cur@f64685a]]]]]]]], function=[propagating=[dce@4945d3a]]]]], function=[propagating=[bvq@5280a8b]]]]], exceptionType=[class java.lang.Throwable], fallback=[propagating=[bwc@77f3748]]]]]]], function=[propagating=[bvq@7c50768]]]]
09-08 02:11:35.991  2893  3013 W WellbeingSettingsProvid: 	at lkf.get(PG:47)
09-08 02:11:35.991  2893  3013 W WellbeingSettingsProvid: 	at llt.get(PG:2)
09-08 02:11:35.991  2893  3013 W WellbeingSettingsProvid: 	at com.google.android.apps.wellbeing.api.impl.WellbeingSettingsProvider.i(PG:1)
09-08 02:11:35.991  2893  3013 W WellbeingSettingsProvid: 	at com.google.android.apps.wellbeing.api.impl.WellbeingSettingsProvider.call(PG:13)
09-08 02:11:35.991  2893  3013 W WellbeingSettingsProvid: 	at android.content.ContentProvider.call(ContentProvider.java:2679)
09-08 02:11:35.991  2893  3013 W WellbeingSettingsProvid: 	at android.content.ContentProvider$Transport.call(ContentProvider.java:628)
09-08 02:11:35.991  2893  3013 W WellbeingSettingsProvid: 	at android.content.ContentProviderNative.onTransact(ContentProviderNative.java:307)
09-08 02:11:35.991  2893  3013 W WellbeingSettingsProvid: 	at android.os.Binder.execTransactInternal(Binder.java:1339)
09-08 02:11:35.991  2893  3013 W WellbeingSettingsProvid: 	at android.os.Binder.execTransact(Binder.java:1275)
09-08 02:11:36.282  5020  5126 W Settings: Setting always_finish_activities has moved from android.provider.Settings.System to android.provider.Settings.Global, returning read-only value.
09-08 02:11:36.314  2425  2778 E IPCThreadState: Binder transaction failure: 147759/29201/-28
09-08 02:11:36.314  2425  2778 E JavaBinder: !!! FAILED BINDER TRANSACTION !!!  (parcel size = 400)
09-08 02:11:36.315  2425  2778 W GmsClient: IGmsServiceBroker.getService failed
09-08 02:11:36.315  2425  2778 W GmsClient: android.os.DeadObjectException: Transaction failed on small parcel; remote process probably died, but this could also be caused by running out of binder buffer space
09-08 02:11:36.315  2425  2778 W GmsClient: 	at android.os.BinderProxy.transactNative(Native Method)
09-08 02:11:36.315  2425  2778 W GmsClient: 	at android.os.BinderProxy.transact(BinderProxy.java:584)
09-08 02:11:36.315  2425  2778 W GmsClient: 	at jfj.s(PG:15)
09-08 02:11:36.315  2425  2778 W GmsClient: 	at jdy.run(PG:82)
09-08 02:11:36.315  2425  2778 W GmsClient: 	at android.os.Handler.handleCallback(Handler.java:958)
09-08 02:11:36.315  2425  2778 W GmsClient: 	at android.os.Handler.dispatchMessage(Handler.java:99)
09-08 02:11:36.315  2425  2778 W GmsClient: 	at android.os.Looper.loopOnce(Looper.java:205)
09-08 02:11:36.315  2425  2778 W GmsClient: 	at android.os.Looper.loop(Looper.java:294)
09-08 02:11:36.315  2425  2778 W GmsClient: 	at android.os.HandlerThread.run(HandlerThread.java:67)
09-08 02:11:36.370  4517  4517 D BoundBrokerSvc: onUnbind: Intent { act=com.google.android.gms.common.BIND_SHARED_PREFS pkg=com.google.android.gms }
09-08 02:11:36.408  4517  4681 E IPCThreadState: Binder transaction failure: 147804/29201/-28
09-08 02:11:36.410  4517  4681 E JavaBinder: !!! FAILED BINDER TRANSACTION !!!  (parcel size = 492)
09-08 02:11:36.411  4517  4681 W GmsClient: IGmsServiceBroker.getService failed
09-08 02:11:36.411  4517  4681 W GmsClient: android.os.DeadObjectException: Transaction failed on small parcel; remote process probably died, but this could also be caused by running out of binder buffer space
09-08 02:11:36.411  4517  4681 W GmsClient: 	at android.os.BinderProxy.transactNative(Native Method)
09-08 02:11:36.411  4517  4681 W GmsClient: 	at android.os.BinderProxy.transact(BinderProxy.java:584)
09-08 02:11:36.411  4517  4681 W GmsClient: 	at aboj.ge(:com.google.android.gms@231818047@23.18.18 (190800-535401451):5)
09-08 02:11:36.411  4517  4681 W GmsClient: 	at abmq.y(:com.google.android.gms@231818047@23.18.18 (190800-535401451):11)
09-08 02:11:36.411  4517  4681 W GmsClient: 	at aavc.run(:com.google.android.gms@231818047@23.18.18 (190800-535401451):5)
09-08 02:11:36.411  4517  4681 W GmsClient: 	at android.os.Handler.handleCallback(Handler.java:958)
09-08 02:11:36.411  4517  4681 W GmsClient: 	at android.os.Handler.dispatchMessage(Handler.java:99)
09-08 02:11:36.411  4517  4681 W GmsClient: 	at avye.ll(:com.google.android.gms@231818047@23.18.18 (190800-535401451):0)
09-08 02:11:36.411  4517  4681 W GmsClient: 	at avye.dispatchMessage(:com.google.android.gms@231818047@23.18.18 (190800-535401451):14)
09-08 02:11:36.411  4517  4681 W GmsClient: 	at android.os.Looper.loopOnce(Looper.java:205)
09-08 02:11:36.411  4517  4681 W GmsClient: 	at android.os.Looper.loop(Looper.java:294)
09-08 02:11:36.411  4517  4681 W GmsClient: 	at android.os.HandlerThread.run(HandlerThread.java:67)
09-08 02:11:36.501  4517  5141 D CompatibilityChangeReporter: Compat change id reported: 194532703; UID 10128; state: ENABLED
09-08 02:11:36.505  4517  5141 D CompatibilityChangeReporter: Compat change id reported: 253665015; UID 10128; state: DISABLED
09-08 02:11:36.609  4990  4990 E ChimeraSrvcProxy: Proxy without impl dropping onStart()
09-08 02:11:36.615  4595  4595 W earchbox:search: Long monitor contention with owner GoogleApiHandler (4630) at boolean com.google.android.gms.common.internal.aj.b(com.google.android.gms.common.internal.af, android.content.ServiceConnection, java.lang.String, java.util.concurrent.Executor)(PG:13) waiters=0 in boolean com.google.android.gms.common.internal.ai.handleMessage(android.os.Message) for 18.809s
09-08 02:11:36.621   538  1753 D ConnectivityService: requestNetwork for uid/pid:1000/538 asUid: 10128 activeRequest: null callbackRequest: 62 [NetworkRequest [ REQUEST id=63, [ Capabilities: INTERNET&NOT_RESTRICTED&TRUSTED&NOT_VCN_MANAGED Uid: 10128 RequestorUid: 1000 RequestorPkg: android UnderlyingNetworks: Null] ]] callback flags: 0 order: 2147483647
09-08 02:11:36.627  4990  5090 I ChimeraSrvcProxy: NullBinder for com.google.android.gms.auth.account.data.service.START triggering remote TransactionTooLargeException due to Service without Chimera impl
09-08 02:11:36.627  4990  5090 W .gms.persistent: Large reply transaction of 1056768 bytes, interface descriptor , code 46
09-08 02:11:36.656  4990  5002 I ChimeraSrvcProxy: NullBinder for com.google.android.gms.clearcut.service.START triggering remote TransactionTooLargeException due to Service without Chimera impl
09-08 02:11:36.664  4990  5002 W .gms.persistent: Large reply transaction of 1056768 bytes, interface descriptor , code 46
09-08 02:11:36.686  3149  3151 I .android.dialer: Thread[2,tid=3151,WaitingInMainSignalCatcherLoop,Thread*=0x7549ddcac6f0,peer=0x130401c8,"Signal Catcher"]: reacting to signal 3
09-08 02:11:36.687  3149  3151 I .android.dialer:
09-08 02:11:36.691   538  1019 D WifiNetworkFactory: got request NetworkRequest [ REQUEST id=63, [ Capabilities: INTERNET&NOT_RESTRICTED&TRUSTED&NOT_VCN_MANAGED Uid: 10128 RequestorUid: 1000 RequestorPkg: android UnderlyingNetworks: Null] ]
09-08 02:11:36.693   538  1019 D UntrustedWifiNetworkFactory: got request NetworkRequest [ REQUEST id=63, [ Capabilities: INTERNET&NOT_RESTRICTED&TRUSTED&NOT_VCN_MANAGED Uid: 10128 RequestorUid: 1000 RequestorPkg: android UnderlyingNetworks: Null] ]
09-08 02:11:36.695   538  1019 D OemPaidWifiNetworkFactory: got request NetworkRequest [ REQUEST id=63, [ Capabilities: INTERNET&NOT_RESTRICTED&TRUSTED&NOT_VCN_MANAGED Uid: 10128 RequestorUid: 1000 RequestorPkg: android UnderlyingNetworks: Null] ]
09-08 02:11:36.717   538  1028 D ConnectivityService: NetReassign [63 : null → 100] [c 0] [a 40] [i 10]
09-08 02:11:36.718   538  1019 D MultiInternetWifiNetworkFactory: got request NetworkRequest [ REQUEST id=63, [ Capabilities: INTERNET&NOT_RESTRICTED&TRUSTED&NOT_VCN_MANAGED Uid: 10128 RequestorUid: 1000 RequestorPkg: android UnderlyingNetworks: Null] ]
09-08 02:11:36.749  4990  5003 E ChimeraPrvdrProxy: Provider proxy missing implementation
09-08 02:11:36.752  4517  4932 E Auth    : [GoogleAuthUtil] RemoteException when fetching accounts
09-08 02:11:36.752  4517  4932 E Auth    : android.os.RemoteException: Null result from AccountChimeraContentProvider
09-08 02:11:36.752  4517  4932 E Auth    : 	at lvj.u(:com.google.android.gms@231818047@23.18.18 (190800-535401451):9)
09-08 02:11:36.752  4517  4932 E Auth    : 	at acvx.b(:com.google.android.gms@231818047@23.18.18 (190800-535401451):2)
09-08 02:11:36.752  4517  4932 E Auth    : 	at com.google.android.gms.constellation.EventManager.c(:com.google.android.gms@231818047@23.18.18 (190800-535401451):7)
09-08 02:11:36.752  4517  4932 E Auth    : 	at com.google.android.gms.constellation.EventManager.onHandleIntent(:com.google.android.gms@231818047@23.18.18 (190800-535401451):24)
09-08 02:11:36.752  4517  4932 E Auth    : 	at com.google.android.chimera.IntentOperation.onHandleIntent(:com.google.android.gms@231818047@23.18.18 (190800-535401451):2)
09-08 02:11:36.752  4517  4932 E Auth    : 	at zhv.onHandleIntent(:com.google.android.gms@231818047@23.18.18 (190800-535401451):4)
09-08 02:11:36.752  4517  4932 E Auth    : 	at hjm.run(:com.google.android.gms@231818047@23.18.18 (190800-535401451):3)
09-08 02:11:36.752  4517  4932 E Auth    : 	at hjl.run(:com.google.android.gms@231818047@23.18.18 (190800-535401451):11)
09-08 02:11:36.752  4517  4932 E Auth    : 	at dfhf.run(:com.google.android.gms@231818047@23.18.18 (190800-535401451):2)
09-08 02:11:36.752  4517  4932 E Auth    : 	at java.util.concurrent.ThreadPoolExecutor.runWorker(ThreadPoolExecutor.java:1145)
09-08 02:11:36.752  4517  4932 E Auth    : 	at java.util.concurrent.ThreadPoolExecutor$Worker.run(ThreadPoolExecutor.java:644)
09-08 02:11:36.752  4517  4932 E Auth    : 	at java.lang.Thread.run(Thread.java:1012)
09-08 02:11:36.813  4517  4932 E constellation: [gaia_util] getGaiaIdsAndTokens fails.
09-08 02:11:36.813  4517  4932 E constellation: android.os.RemoteException: Null result from AccountChimeraContentProvider
09-08 02:11:36.813  4517  4932 E constellation: 	at lvj.u(:com.google.android.gms@231818047@23.18.18 (190800-535401451):9)
09-08 02:11:36.813  4517  4932 E constellation: 	at acvx.b(:com.google.android.gms@231818047@23.18.18 (190800-535401451):2)
09-08 02:11:36.813  4517  4932 E constellation: 	at com.google.android.gms.constellation.EventManager.c(:com.google.android.gms@231818047@23.18.18 (190800-535401451):7)
09-08 02:11:36.813  4517  4932 E constellation: 	at com.google.android.gms.constellation.EventManager.onHandleIntent(:com.google.android.gms@231818047@23.18.18 (190800-535401451):24)
09-08 02:11:36.813  4517  4932 E constellation: 	at com.google.android.chimera.IntentOperation.onHandleIntent(:com.google.android.gms@231818047@23.18.18 (190800-535401451):2)
09-08 02:11:36.813  4517  4932 E constellation: 	at zhv.onHandleIntent(:com.google.android.gms@231818047@23.18.18 (190800-535401451):4)
09-08 02:11:36.813  4517  4932 E constellation: 	at hjm.run(:com.google.android.gms@231818047@23.18.18 (190800-535401451):3)
09-08 02:11:36.813  4517  4932 E constellation: 	at hjl.run(:com.google.android.gms@231818047@23.18.18 (190800-535401451):11)
09-08 02:11:36.813  4517  4932 E constellation: 	at dfhf.run(:com.google.android.gms@231818047@23.18.18 (190800-535401451):2)
09-08 02:11:36.813  4517  4932 E constellation: 	at java.util.concurrent.ThreadPoolExecutor.runWorker(ThreadPoolExecutor.java:1145)
09-08 02:11:36.813  4517  4932 E constellation: 	at java.util.concurrent.ThreadPoolExecutor$Worker.run(ThreadPoolExecutor.java:644)
09-08 02:11:36.813  4517  4932 E constellation: 	at java.lang.Thread.run(Thread.java:1012)
09-08 02:11:36.814  4517  4932 W constellation: [event_manager] Event manager is not initialized
09-08 02:11:36.830   185   185 I tombstoned: received crash request for pid 3149
09-08 02:11:36.830   185   185 I tombstoned: found intercept fd 512 for pid 3149 and type kDebuggerdJavaBacktrace
09-08 02:11:36.831   185   185 W tombstoned: skipping tombstone file creation due to intercept
09-08 02:11:36.831  3149  3151 I .android.dialer: Wrote stack traces to tombstoned
09-08 02:11:36.863   538  5157 I system_server: libdebuggerd_client: done dumping process 3149
09-08 02:11:36.944  4990  5003 I ChimeraSrvcProxy: NullBinder for com.google.android.gms.clearcut.service.START triggering remote TransactionTooLargeException due to Service without Chimera impl
09-08 02:11:36.947  4990  5003 W .gms.persistent: Large reply transaction of 1056768 bytes, interface descriptor , code 46
09-08 02:11:37.005  4990  4990 E ChimeraSrvcProxy: Proxy without impl failing onBind()
09-08 02:11:37.008  4990  4990 I ChimeraSrvcProxy: com.google.android.location.fused.FusedLocationService returning NullBinder for action com.android.location.service.FusedLocationProvider
09-08 02:11:37.068  4517  4517 D BoundBrokerSvc: onBind: Intent { act=com.google.android.gms.common.BIND_SHARED_PREFS pkg=com.google.android.gms }
09-08 02:11:37.075  4517  4517 D BoundBrokerSvc: Loading bound service for intent: Intent { act=com.google.android.gms.common.BIND_SHARED_PREFS pkg=com.google.android.gms }
09-08 02:11:37.265  4517  5087 W OptedInLoggerCreator: Could not retrieve Usage & Diagnostics setting. Giving up.
09-08 02:11:37.269  4517  5087 I GMS_MM_Logger: Memory Metric Logging not allowed. Stopping.
09-08 02:11:37.349  4990  4990 E ChimeraSrvcProxy: Proxy without impl failing onBind()
09-08 02:11:37.365  4990  4990 I ChimeraSrvcProxy: com.google.android.gms.chimera.PersistentDirectBootAwareApiService returning NullBinder for action com.google.android.chimera.BoundService.START
09-08 02:11:37.947  1103  1176 D SplashScreenView: Build android.window.SplashScreenView{e2aa2dd V.E...... ......ID 0,0-0,0}
09-08 02:11:37.947  1103  1176 D SplashScreenView: Icon: view: null drawable: null size: 0
09-08 02:11:37.947  1103  1176 D SplashScreenView: Branding: view: android.view.View{9b4de52 G.ED..... ......I. 0,0-0,0 #10204ef android:id/splashscreen_branding_view} drawable: null size w: 0 h: 0
09-08 02:11:37.984   538   566 W system_server: Long monitor contention with owner binder:538_14 (1753) at android.content.res.Configuration com.android.server.wm.ActivityTaskManagerService.getGlobalConfigurationForPid(int)(ActivityTaskManagerService.java:1133) waiters=0 in void com.android.server.wm.RootWindowContainer$RankTaskLayersRunnable.run() for 520ms
09-08 02:11:38.071  4990  4990 E ChimeraSrvcProxy: Proxy without impl failing onBind()
09-08 02:11:38.082  4990  4990 I ChimeraSrvcProxy: com.google.android.gms.location.geocode.GeocodeService returning NullBinder for action com.android.location.service.GeocodeProvider
09-08 02:11:38.107  4990  5051 E ChimeraPrvdrProxy: Provider proxy missing implementation
09-08 02:11:38.186   394   394 I BpBinder: onLastStrongRef automatically unlinking death recipients:
09-08 02:11:38.425  4990  5103 I ChimeraSrvcProxy: NullBinder for com.google.android.chimera.BoundService.START triggering remote TransactionTooLargeException due to Service without Chimera impl
09-08 02:11:38.427  4990  5103 W .gms.persistent: Large reply transaction of 1056768 bytes, interface descriptor , code 46
09-08 02:11:38.500  1103  1182 E OpenGLRenderer: Unable to match the desired swap behavior.
09-08 02:11:38.750  1103  1175 I Choreographer: Skipped 35 frames!  The application may be doing too much work on its main thread.
09-08 02:11:39.096  5128  5170 D TelephonyProvider: dbh.onOpen: ok, queried table=siminfo
09-08 02:11:39.101  5128  5170 D TelephonyProvider: dbh.onOpen: ok, queried table=carriers
09-08 02:11:39.500  1103  1122 W ndroid.systemui: Long monitor contention with owner SysUiBg (1180) at android.os.Message android.os.MessageQueue.next()(MessageQueue.java:364) waiters=0 in boolean android.os.MessageQueue.enqueueMessage(android.os.Message, long) for 2.749s
09-08 02:11:39.508  1103  1103 W ndroid.systemui: Long monitor contention with owner SysUiBg (1180) at android.os.Message android.os.MessageQueue.next()(MessageQueue.java:364) waiters=1 in boolean android.os.MessageQueue.enqueueMessage(android.os.Message, long) for 2.550s
09-08 02:11:39.604  4595  4813 W earchbox:search: Long monitor contention with owner GoogleApiHandler (4630) at boolean com.google.android.gms.common.internal.aj.b(com.google.android.gms.common.internal.af, android.content.ServiceConnection, java.lang.String, java.util.concurrent.Executor)(PG:13) waiters=1 in void com.google.android.gms.common.internal.aj.d(com.google.android.gms.common.internal.af, android.content.ServiceConnection) for 13.648s
09-08 02:11:39.618   538   567 W system_server: Long monitor contention with owner binder:538_14 (1753) at void com.android.server.wm.WindowManagerService.onAnimationFinished()(WindowManagerService.java:8599) waiters=0 in void com.android.server.wm.InputMonitor$UpdateInputWindows.run() for 145ms
09-08 02:11:40.044  5020  5175 D libEGL  : loaded /vendor/lib64/egl/libEGL_emulation.so
09-08 02:11:40.049  5020  5175 D libEGL  : loaded /vendor/lib64/egl/libGLESv1_CM_emulation.so
09-08 02:11:40.062  5020  5175 D libEGL  : loaded /vendor/lib64/egl/libGLESv2_emulation.so
09-08 02:11:40.087   538  5158 W system_server: Long monitor contention with owner android.fg (563) at void com.android.server.am.OomAdjuster.performUpdateOomAdjPendingTargetsLocked(int)(OomAdjuster.java:920) waiters=1 in void com.android.server.am.ActivityManagerService.appendDropBoxProcessHeaders(com.android.server.am.ProcessRecord, java.lang.String, java.lang.StringBuilder) for 1.946s
09-08 02:11:40.098   538   575 W system_server: Long monitor contention with owner android.fg (563) at int com.android.server.am.ActivityManagerService.bindServiceInstance(android.app.IApplicationThread, android.os.IBinder, android.content.Intent, java.lang.String, android.app.IServiceConnection, long, java.lang.String, boolean, int, java.lang.String, android.app.IApplicationThread, java.lang.String, int)(ActivityManagerService.java:13404) waiters=1 in boolean com.android.server.am.BroadcastQueueModernImpl.lambda$new$0(android.os.Message) for 1.990s
09-08 02:11:40.105  4990  4990 E ChimeraSrvcProxy: Proxy without impl failing onBind()
09-08 02:11:40.112   538  1018 W system_server: Long monitor contention with owner android.fg (563) at void com.android.server.am.OomAdjuster.performUpdateOomAdjPendingTargetsLocked(int)(OomAdjuster.java:920) waiters=2 in void com.android.server.am.ActivityManagerService$LocalService.notifyNetworkPolicyRulesUpdated(int, long) for 1.616s
09-08 02:11:40.384  1390  2649 D OneSearchSuggestProvider: Shut down the binder channel
09-08 02:11:40.402  4990  4990 I ChimeraSrvcProxy: com.google.android.location.internal.server.HardwareArProviderService returning NullBinder for action com.android.location.service.ActivityRecognitionProvider
09-08 02:11:40.427  1103  1103 I Choreographer: Skipped 53 frames!  The application may be doing too much work on its main thread.
09-08 02:11:40.754  1103  1103 D StatusBarIconController: ignoring old pipeline callback because the new wifi icon is enabled
09-08 02:11:40.818  4595  4813 E m       : Got more than one input Future failure. Logging failures after the first
09-08 02:11:40.818  4595  4813 E m       : java.io.IOException: Error on service connection.
09-08 02:11:40.818  4595  4813 E m       : 	at com.google.android.gms.auth.m.g(PG:13)
09-08 02:11:40.818  4595  4813 E m       : 	at com.google.android.gms.auth.f.d(PG:13)
09-08 02:11:40.818  4595  4813 E m       : 	at com.google.android.gms.auth.n.c(PG:1)
09-08 02:11:40.818  4595  4813 E m       : 	at com.google.apps.tiktok.account.data.a.m.a(PG:5)
09-08 02:11:40.818  4595  4813 E m       : 	at com.google.apps.tiktok.tracing.em.a(PG:2)
09-08 02:11:40.818  4595  4813 E m       : 	at com.google.common.util.concurrent.dx.a(PG:1)
09-08 02:11:40.818  4595  4813 E m       : 	at com.google.common.util.concurrent.cv.run(PG:4)
09-08 02:11:40.818  4595  4813 E m       : 	at com.google.common.util.concurrent.dz.run(PG:1)
09-08 02:11:40.818  4595  4813 E m       : 	at com.google.android.libraries.i.ae.run(PG:1)
09-08 02:11:40.818  4595  4813 E m       : 	at java.util.concurrent.ThreadPoolExecutor.runWorker(ThreadPoolExecutor.java:1145)
09-08 02:11:40.818  4595  4813 E m       : 	at java.util.concurrent.ThreadPoolExecutor$Worker.run(ThreadPoolExecutor.java:644)
09-08 02:11:40.818  4595  4813 E m       : 	at com.google.android.libraries.i.i.run(PG:2)
09-08 02:11:40.818  4595  4813 E m       : 	at com.google.android.libraries.i.p.run(PG:4)
09-08 02:11:40.818  4595  4813 E m       : 	at java.lang.Thread.run(Thread.java:1012)
09-08 02:11:40.818  4595  4813 E m       : Caused by: android.os.DeadObjectException: Transaction failed on small parcel; remote process probably died, but this could also be caused by running out of binder buffer space
09-08 02:11:40.818  4595  4813 E m       : 	at android.os.BinderProxy.transactNative(Native Method)
09-08 02:11:40.818  4595  4813 E m       : 	at android.os.BinderProxy.transact(BinderProxy.java:584)
09-08 02:11:40.818  4595  4813 E m       : 	at com.google.android.a.a.hj(PG:2)
09-08 02:11:40.818  4595  4813 E m       : 	at com.google.android.gms.auth.g.a(PG:7)
09-08 02:11:40.818  4595  4813 E m       : 	at com.google.android.gms.auth.m.g(PG:11)
09-08 02:11:40.818  4595  4813 E m       : 	... 13 more
09-08 02:11:40.994  4595  4630 E IPCThreadState: Binder transaction failure: 147935/29201/-28
09-08 02:11:40.996  4595  4630 E JavaBinder: !!! FAILED BINDER TRANSACTION !!!  (parcel size = 852)
09-08 02:11:40.998  4595  4630 W GmsClient: IGmsServiceBroker.getService failed
09-08 02:11:40.998  4595  4630 W GmsClient: android.os.DeadObjectException: Transaction failed on small parcel; remote process probably died, but this could also be caused by running out of binder buffer space
09-08 02:11:40.998  4595  4630 W GmsClient: 	at android.os.BinderProxy.transactNative(Native Method)
09-08 02:11:40.998  4595  4630 W GmsClient: 	at android.os.BinderProxy.transact(BinderProxy.java:584)
09-08 02:11:40.998  4595  4630 W GmsClient: 	at com.google.android.gms.common.internal.n.J(PG:15)
09-08 02:11:40.998  4595  4630 W GmsClient: 	at com.google.android.gms.common.api.internal.bm.run(PG:5)
09-08 02:11:40.998  4595  4630 W GmsClient: 	at android.os.Handler.handleCallback(Handler.java:958)
09-08 02:11:40.998  4595  4630 W GmsClient: 	at android.os.Handler.dispatchMessage(Handler.java:99)
09-08 02:11:40.998  4595  4630 W GmsClient: 	at android.os.Looper.loopOnce(Looper.java:205)
09-08 02:11:40.998  4595  4630 W GmsClient: 	at android.os.Looper.loop(Looper.java:294)
09-08 02:11:40.998  4595  4630 W GmsClient: 	at android.os.HandlerThread.run(HandlerThread.java:67)
09-08 02:11:41.000  4990  5090 I ChimeraSrvcProxy: NullBinder for com.google.android.gms.clearcut.service.START triggering remote TransactionTooLargeException due to Service without Chimera impl
09-08 02:11:41.001  4990  5090 W .gms.persistent: Large reply transaction of 1056768 bytes, interface descriptor , code 46
09-08 02:11:41.085  5020  5020 D LifecycleMonitor: Lifecycle status change: com.agustin.converter.MainActivity@695ef6b in: PRE_ON_CREATE
09-08 02:11:41.103  2893  3111 E IPCThreadState: Binder transaction failure: 148000/29201/-28
09-08 02:11:41.106  2893  3111 E JavaBinder: !!! FAILED BINDER TRANSACTION !!!  (parcel size = 412)
09-08 02:11:41.107  2893  3111 W GmsClient: IGmsServiceBroker.getService failed
09-08 02:11:41.107  2893  3111 W GmsClient: android.os.DeadObjectException: Transaction failed on small parcel; remote process probably died, but this could also be caused by running out of binder buffer space
09-08 02:11:41.107  2893  3111 W GmsClient: 	at android.os.BinderProxy.transactNative(Native Method)
09-08 02:11:41.107  2893  3111 W GmsClient: 	at android.os.BinderProxy.transact(BinderProxy.java:584)
09-08 02:11:41.107  2893  3111 W GmsClient: 	at hih.r(PG:14)
09-08 02:11:41.107  2893  3111 W GmsClient: 	at awn.run(PG:34)
09-08 02:11:41.107  2893  3111 W GmsClient: 	at android.os.Handler.handleCallback(Handler.java:958)
09-08 02:11:41.107  2893  3111 W GmsClient: 	at android.os.Handler.dispatchMessage(Handler.java:99)
09-08 02:11:41.107  2893  3111 W GmsClient: 	at android.os.Looper.loopOnce(Looper.java:205)
09-08 02:11:41.107  2893  3111 W GmsClient: 	at android.os.Looper.loop(Looper.java:294)
09-08 02:11:41.107  2893  3111 W GmsClient: 	at android.os.HandlerThread.run(HandlerThread.java:67)
09-08 02:11:41.130  4651  4724 E IPCThreadState: Binder transaction failure: 147947/29201/-28
09-08 02:11:41.167  5020  5020 V ActivityScenario: Activity lifecycle changed event received but ignored because the reported transition was not ON_CREATE while the last known transition was PRE_ON_CREATE
09-08 02:11:41.209  1103  1180 D StylusManager: Stylus InputDevice changed: 13 virtio_input_multi_touch_10
09-08 02:11:41.295  1103  1180 D StylusManager: Stylus InputDevice changed: 14 virtio_input_multi_touch_11
09-08 02:11:41.369  4651  4724 E JavaBinder: !!! FAILED BINDER TRANSACTION !!!  (parcel size = 420)
09-08 02:11:41.370  4651  4724 W GmsClient: IGmsServiceBroker.getService failed
09-08 02:11:41.370  4651  4724 W GmsClient: android.os.DeadObjectException: Transaction failed on small parcel; remote process probably died, but this could also be caused by running out of binder buffer space
09-08 02:11:41.370  4651  4724 W GmsClient: 	at android.os.BinderProxy.transactNative(Native Method)
09-08 02:11:41.370  4651  4724 W GmsClient: 	at android.os.BinderProxy.transact(BinderProxy.java:584)
09-08 02:11:41.370  4651  4724 W GmsClient: 	at fsu.s(PG:14)
09-08 02:11:41.370  4651  4724 W GmsClient: 	at frm.run(PG:65)
09-08 02:11:41.370  4651  4724 W GmsClient: 	at android.os.Handler.handleCallback(Handler.java:958)
09-08 02:11:41.370  4651  4724 W GmsClient: 	at android.os.Handler.dispatchMessage(Handler.java:99)
09-08 02:11:41.370  4651  4724 W GmsClient: 	at android.os.Looper.loopOnce(Looper.java:205)
09-08 02:11:41.370  4651  4724 W GmsClient: 	at android.os.Looper.loop(Looper.java:294)
09-08 02:11:41.370  4651  4724 W GmsClient: 	at android.os.HandlerThread.run(HandlerThread.java:67)
09-08 02:11:41.372  1103  1180 D StylusManager: Stylus InputDevice changed: 12 virtio_input_multi_touch_9
09-08 02:11:41.377  1103  1180 D StylusManager: Stylus InputDevice changed: 10 virtio_input_multi_touch_7
09-08 02:11:41.417  1103  1180 D StylusManager: Stylus InputDevice changed: 9 virtio_input_multi_touch_6
09-08 02:11:41.422  1103  1180 D StylusManager: Stylus InputDevice changed: 8 virtio_input_multi_touch_5
09-08 02:11:41.474  1103  1180 D StylusManager: Stylus InputDevice changed: 11 virtio_input_multi_touch_8
09-08 02:11:41.500  1103  1180 D StylusManager: Stylus InputDevice changed: 7 virtio_input_multi_touch_4
09-08 02:11:41.522  1103  1180 D StylusManager: Stylus InputDevice changed: 6 virtio_input_multi_touch_3
09-08 02:11:41.584  4517  4681 E IPCThreadState: Binder transaction failure: 148294/29201/-28
09-08 02:11:41.586  4517  4681 E JavaBinder: !!! FAILED BINDER TRANSACTION !!!  (parcel size = 432)
09-08 02:11:41.587  4517  4681 W GmsClient: IGmsServiceBroker.getService failed
09-08 02:11:41.587  4517  4681 W GmsClient: android.os.DeadObjectException: Transaction failed on small parcel; remote process probably died, but this could also be caused by running out of binder buffer space
09-08 02:11:41.587  4517  4681 W GmsClient: 	at android.os.BinderProxy.transactNative(Native Method)
09-08 02:11:41.587  4517  4681 W GmsClient: 	at android.os.BinderProxy.transact(BinderProxy.java:584)
09-08 02:11:41.587  4517  4681 W GmsClient: 	at aboj.ge(:com.google.android.gms@231818047@23.18.18 (190800-535401451):5)
09-08 02:11:41.587  4517  4681 W GmsClient: 	at abmq.y(:com.google.android.gms@231818047@23.18.18 (190800-535401451):11)
09-08 02:11:41.587  4517  4681 W GmsClient: 	at aavc.run(:com.google.android.gms@231818047@23.18.18 (190800-535401451):5)
09-08 02:11:41.587  4517  4681 W GmsClient: 	at android.os.Handler.handleCallback(Handler.java:958)
09-08 02:11:41.587  4517  4681 W GmsClient: 	at android.os.Handler.dispatchMessage(Handler.java:99)
09-08 02:11:41.587  4517  4681 W GmsClient: 	at avye.ll(:com.google.android.gms@231818047@23.18.18 (190800-535401451):0)
09-08 02:11:41.587  4517  4681 W GmsClient: 	at avye.dispatchMessage(:com.google.android.gms@231818047@23.18.18 (190800-535401451):14)
09-08 02:11:41.587  4517  4681 W GmsClient: 	at android.os.Looper.loopOnce(Looper.java:205)
09-08 02:11:41.587  4517  4681 W GmsClient: 	at android.os.Looper.loop(Looper.java:294)
09-08 02:11:41.587  4517  4681 W GmsClient: 	at android.os.HandlerThread.run(HandlerThread.java:67)
09-08 02:11:41.598  1103  1180 D StylusManager: Stylus InputDevice changed: 5 virtio_input_multi_touch_2
09-08 02:11:41.668  4990  5103 I ChimeraSrvcProxy: NullBinder for com.google.android.chimera.BoundService.START triggering remote TransactionTooLargeException due to Service without Chimera impl
09-08 02:11:41.673  4990  5103 W .gms.persistent: Large reply transaction of 1056768 bytes, interface descriptor , code 46
09-08 02:11:41.691  1103  1180 D StylusManager: Stylus InputDevice changed: 4 virtio_input_multi_touch_1
09-08 02:11:41.783   538   564 W system_server: Long monitor contention with owner android.display (566) at void com.android.server.am.ActivityManagerService.trimApplications(boolean, int)(ActivityManagerService.java:16730) waiters=8 in void com.android.server.am.BroadcastQueueModernImpl$1.onUidStateChanged(int, int, long, int) for 1.651s
09-08 02:11:41.789   538   653 W system_server: Long monitor contention with owner android.display (566) at void com.android.server.am.ActivityManagerService.trimApplications(boolean, int)(ActivityManagerService.java:16730) waiters=6 in int com.android.server.am.ActivityManagerService.broadcastIntentWithFeature(android.app.IApplicationThread, java.lang.String, android.content.Intent, java.lang.String, android.content.IIntentReceiver, int, java.lang.String, android.os.Bundle, java.lang.String[], java.lang.String[], java.lang.String[], int, android.os.Bundle, boolean, boolean, int) for 1.451s
09-08 02:11:41.825   538  1748 W system_server: Long monitor contention with owner android.display (566) at void com.android.server.am.ActivityManagerService.trimApplications(boolean, int)(ActivityManagerService.java:16730) waiters=7 in boolean com.android.server.am.ActivityManagerService.unbindService(android.app.IServiceConnection) for 1.447s
09-08 02:11:41.882  4651  4724 W putmethod.latin: Long monitor contention with owner main (4651) at boolean fti.handleMessage(android.os.Message)(PG:20) waiters=0 in boolean ftg.d(ftf, android.content.ServiceConnection) for 511ms
09-08 02:11:42.041  4517  4681 E IPCThreadState: Binder transaction failure: 148831/29201/-28
09-08 02:11:42.046  4517  4681 E JavaBinder: !!! FAILED BINDER TRANSACTION !!!  (parcel size = 476)
09-08 02:11:42.048  4517  4681 W GmsClient: IGmsServiceBroker.getService failed
09-08 02:11:42.048  4517  4681 W GmsClient: android.os.DeadObjectException: Transaction failed on small parcel; remote process probably died, but this could also be caused by running out of binder buffer space
09-08 02:11:42.048  4517  4681 W GmsClient: 	at android.os.BinderProxy.transactNative(Native Method)
09-08 02:11:42.048  4517  4681 W GmsClient: 	at android.os.BinderProxy.transact(BinderProxy.java:584)
09-08 02:11:42.048  4517  4681 W GmsClient: 	at aboj.ge(:com.google.android.gms@231818047@23.18.18 (190800-535401451):5)
09-08 02:11:42.048  4517  4681 W GmsClient: 	at abmq.y(:com.google.android.gms@231818047@23.18.18 (190800-535401451):11)
09-08 02:11:42.048  4517  4681 W GmsClient: 	at aavc.run(:com.google.android.gms@231818047@23.18.18 (190800-535401451):5)
09-08 02:11:42.048  4517  4681 W GmsClient: 	at android.os.Handler.handleCallback(Handler.java:958)
09-08 02:11:42.048  4517  4681 W GmsClient: 	at android.os.Handler.dispatchMessage(Handler.java:99)
