09-08 02:11:49.253  4990  5073 W GmsClient: 	at hhl.onTransact(:com.google.android.gms@231818047@23.18.18 (190800-535401451):2)
09-08 02:11:49.253  4990  5073 W GmsClient: 	at android.os.Binder.transact(Binder.java:1183)
09-08 02:11:49.253  4990  5073 W GmsClient: 	at aboj.ge(:com.google.android.gms@231818047@23.18.18 (190800-535401451):5)
09-08 02:11:49.253  4990  5073 W GmsClient: 	at abmq.y(:com.google.android.gms@231818047@23.18.18 (190800-535401451):12)
09-08 02:11:49.253  4990  5073 W GmsClient: 	at aavc.run(:com.google.android.gms@231818047@23.18.18 (190800-535401451):5)
09-08 02:11:49.253  4990  5073 W GmsClient: 	at android.os.Handler.handleCallback(Handler.java:958)
09-08 02:11:49.253  4990  5073 W GmsClient: 	at android.os.Handler.dispatchMessage(Handler.java:99)
09-08 02:11:49.253  4990  5073 W GmsClient: 	at avye.ll(:com.google.android.gms@231818047@23.18.18 (190800-535401451):0)
09-08 02:11:49.253  4990  5073 W GmsClient: 	at avye.dispatchMessage(:com.google.android.gms@231818047@23.18.18 (190800-535401451):1)
09-08 02:11:49.253  4990  5073 W GmsClient: 	at android.os.Looper.loopOnce(Looper.java:205)
09-08 02:11:49.253  4990  5073 W GmsClient: 	at android.os.Looper.loop(Looper.java:294)
09-08 02:11:49.253  4990  5073 W GmsClient: 	at android.os.HandlerThread.run(HandlerThread.java:67)
09-08 02:11:49.319   329   329 D Zygote  : Forked child process 5238
09-08 02:11:49.427   538  1013 W system_server: Long monitor contention with owner android.fg (563) at int com.android.server.am.ActivityManagerService.bindServiceInstance(android.app.IApplicationThread, android.os.IBinder, android.content.Intent, java.lang.String, android.app.IServiceConnection, long, java.lang.String, boolean, int, java.lang.String, android.app.IApplicationThread, java.lang.String, int)(ActivityManagerService.java:13404) waiters=4 in void com.android.server.am.ActivityManagerService.serviceDoneExecuting(android.os.IBinder, int, int, int) for 352ms
09-08 02:11:49.439   538   575 W system_server: Long monitor contention with owner android.fg (563) at int com.android.server.am.ActivityManagerService.bindServiceInstance(android.app.IApplicationThread, android.os.IBinder, android.content.Intent, java.lang.String, android.app.IServiceConnection, long, java.lang.String, boolean, int, java.lang.String, android.app.IApplicationThread, java.lang.String, int)(ActivityManagerService.java:13404) waiters=3 in boolean com.android.server.am.BroadcastQueueModernImpl.lambda$new$0(android.os.Message) for 124ms
09-08 02:11:49.447  4990  4990 E ChimeraSrvcProxy: Proxy without impl failing onBind()
09-08 02:11:49.492  5199  5199 I DomainSelectionResolver: DomainSelectionResolver created: device-config=false
09-08 02:11:49.535  4990  4990 I ChimeraSrvcProxy: com.google.android.gms.geotimezone.GeoTimeZoneService returning NullBinder for action android.service.timezone.PrimaryLocationTimeZoneProviderService
09-08 02:11:49.650   538   583 W system_server: Long monitor contention with owner binder:538_13 (1748) at int com.android.server.am.ActivityManagerService.bindServiceInstance(android.app.IApplicationThread, android.os.IBinder, android.content.Intent, java.lang.String, android.app.IServiceConnection, long, java.lang.String, boolean, int, java.lang.String, android.app.IApplicationThread, java.lang.String, int)(ActivityManagerService.java:13404) waiters=2 in boolean com.android.server.am.ActivityManagerService$LocalService.isProfileOwner(int) for 163ms
09-08 02:11:49.661  4990  4990 E ChimeraSrvcProxy: Proxy without impl failing onBind()
09-08 02:11:49.674  4990  4990 I ChimeraSrvcProxy: com.google.android.location.network.NetworkLocationService returning NullBinder for action com.android.location.service.v3.NetworkLocationProvider
09-08 02:11:49.677  5238  5238 I gle.android.gms: Using CollectorTypeCC GC.
09-08 02:11:49.697  5238  5238 W gle.android.gms: Unexpected CPU variant for x86: x86_64.
09-08 02:11:49.697  5238  5238 W gle.android.gms: Known variants: atom, sandybridge, silvermont, goldmont, goldmont-plus, tremont, kabylake, default
09-08 02:11:49.715   538   563 I ServiceWatcher: [network] chose new implementation 10128/com.google.android.gms/com.google.android.location.network.NetworkLocationService@2
09-08 02:11:49.717   538   563 I ServiceWatcher: [fused] chose new implementation 10128/com.google.android.gms/com.google.android.location.fused.FusedLocationService@1
09-08 02:11:49.732  4990  4990 E ChimeraSrvcProxy: Proxy without impl failing onBind()
09-08 02:11:49.735  4990  4990 I ChimeraSrvcProxy: com.google.android.location.fused.FusedLocationService returning NullBinder for action com.android.location.service.FusedLocationProvider
09-08 02:11:49.737  4990  4990 E ChimeraSrvcProxy: Proxy without impl failing onBind()
09-08 02:11:49.739  4990  4990 I ChimeraSrvcProxy: com.google.android.gms.location.geocode.GeocodeService returning NullBinder for action com.android.location.service.GeocodeProvider
09-08 02:11:49.742  4990  4990 E ChimeraSrvcProxy: Proxy without impl failing onBind()
09-08 02:11:49.743  4990  4990 I ChimeraSrvcProxy: com.google.android.location.internal.server.HardwareArProviderService returning NullBinder for action com.android.location.service.ActivityRecognitionProvider
09-08 02:11:49.745  4990  4990 E ChimeraSrvcProxy: Proxy without impl failing onBind()
09-08 02:11:49.746  4990  4990 I ChimeraSrvcProxy: com.google.android.location.internal.GoogleLocationManagerService returning NullBinder for action com.android.location.service.GeofenceProvider
09-08 02:11:49.748  4990  4990 E ChimeraSrvcProxy: Proxy without impl failing onBind()
09-08 02:11:49.749  4990  4990 I ChimeraSrvcProxy: com.google.android.gms.geotimezone.GeoTimeZoneService returning NullBinder for action android.service.timezone.PrimaryLocationTimeZoneProviderService
09-08 02:11:49.751  4990  4990 E ChimeraSrvcProxy: Proxy without impl failing onBind()
09-08 02:11:49.752  4990  4990 I ChimeraSrvcProxy: com.google.android.location.network.NetworkLocationService returning NullBinder for action com.android.location.service.v3.NetworkLocationProvider
09-08 02:11:49.754  4990  4990 E ChimeraSrvcProxy: Proxy without impl failing onBind()
09-08 02:11:49.833  4651  4724 E IPCThreadState: Binder transaction failure: 149745/29201/-28
09-08 02:11:49.836  4651  4724 E JavaBinder: !!! FAILED BINDER TRANSACTION !!!  (parcel size = 420)
09-08 02:11:49.837  4651  4724 W GmsClient: IGmsServiceBroker.getService failed
09-08 02:11:49.837  4651  4724 W GmsClient: android.os.DeadObjectException: Transaction failed on small parcel; remote process probably died, but this could also be caused by running out of binder buffer space
09-08 02:11:49.837  4651  4724 W GmsClient: 	at android.os.BinderProxy.transactNative(Native Method)
09-08 02:11:49.837  4651  4724 W GmsClient: 	at android.os.BinderProxy.transact(BinderProxy.java:584)
09-08 02:11:49.837  4651  4724 W GmsClient: 	at fsu.s(PG:14)
09-08 02:11:49.837  4651  4724 W GmsClient: 	at frm.run(PG:65)
09-08 02:11:49.837  4651  4724 W GmsClient: 	at android.os.Handler.handleCallback(Handler.java:958)
09-08 02:11:49.837  4651  4724 W GmsClient: 	at android.os.Handler.dispatchMessage(Handler.java:99)
09-08 02:11:49.837  4651  4724 W GmsClient: 	at android.os.Looper.loopOnce(Looper.java:205)
09-08 02:11:49.837  4651  4724 W GmsClient: 	at android.os.Looper.loop(Looper.java:294)
09-08 02:11:49.837  4651  4724 W GmsClient: 	at android.os.HandlerThread.run(HandlerThread.java:67)
09-08 02:11:49.856  5238  5238 E gle.android.gms: Not starting debugger since process cannot load the jdwp agent.
09-08 02:11:49.876  5182  5182 W .android.dialer: Long monitor contention with owner GoogleApiHandler (5220) at boolean noe.b(nod, android.content.ServiceConnection, java.lang.String)(PG:9) waiters=0 in void nof.onServiceConnected(android.content.ComponentName, android.os.IBinder) for 716ms
09-08 02:11:49.884   538   563 I ServiceWatcher: [GeocoderProxy] chose new implementation 10128/com.google.android.gms/.location.geocode.GeocodeService@2
09-08 02:11:49.887   538   563 I ServiceWatcher: [HardwareActivityRecognitionProxy] chose new implementation 10128/com.google.android.gms/com.google.android.location.internal.server.HardwareArProviderService@1
09-08 02:11:49.889   538   563 I ServiceWatcher: [GeofenceProxy] chose new implementation 10128/com.google.android.gms/com.google.android.location.internal.GoogleLocationManagerService@1
09-08 02:11:49.890   538   563 I ServiceWatcher: [RealLocationTimeZoneProviderProxy] chose new implementation 10128/com.google.android.gms/.geotimezone.GeoTimeZoneService@1
09-08 02:11:49.893   538   563 I ServiceWatcher: [network] chose new implementation 10128/com.google.android.gms/com.google.android.location.network.NetworkLocationService@2
09-08 02:11:49.894   538   563 I ServiceWatcher: [fused] chose new implementation 10128/com.google.android.gms/com.google.android.location.fused.FusedLocationService@1
09-08 02:11:49.895   538   563 I ServiceWatcher: [GeocoderProxy] chose new implementation 10128/com.google.android.gms/.location.geocode.GeocodeService@2
09-08 02:11:50.036   538   563 I ServiceWatcher: [HardwareActivityRecognitionProxy] chose new implementation 10128/com.google.android.gms/com.google.android.location.internal.server.HardwareArProviderService@1
09-08 02:11:50.041  5238  5238 D CompatibilityChangeReporter: Compat change id reported: 171979766; UID 10128; state: ENABLED
09-08 02:11:50.043  5238  5238 D CompatibilityChangeReporter: Compat change id reported: 242716250; UID 10128; state: DISABLED
09-08 02:11:50.051   538   563 I ServiceWatcher: [GeofenceProxy] chose new implementation 10128/com.google.android.gms/com.google.android.location.internal.GoogleLocationManagerService@1
09-08 02:11:50.054   538   563 I ServiceWatcher: [RealLocationTimeZoneProviderProxy] chose new implementation 10128/com.google.android.gms/.geotimezone.GeoTimeZoneService@1
09-08 02:11:50.149  4990  4990 I ChimeraSrvcProxy: com.google.android.location.fused.FusedLocationService returning NullBinder for action com.android.location.service.FusedLocationProvider
09-08 02:11:50.167  4990  4990 E ChimeraSrvcProxy: Proxy without impl failing onBind()
09-08 02:11:50.170  4990  4990 I ChimeraSrvcProxy: com.google.android.gms.location.geocode.GeocodeService returning NullBinder for action com.android.location.service.GeocodeProvider
09-08 02:11:50.202  5238  5238 D nativeloader: Configuring clns-6 for other apk /system/framework/org.apache.http.legacy.jar. target_sdk_version=33, uses_libraries=ALL, library_path=/product/priv-app/PrebuiltGmsCore/lib/x86_64:/product/priv-app/PrebuiltGmsCore/PrebuiltGmsCore.apk!/lib/x86_64, permitted_path=/data:/mnt/expand:/data/user/0/com.google.android.gms
09-08 02:11:50.204  4990  4990 E ChimeraSrvcProxy: Proxy without impl failing onBind()
09-08 02:11:50.357  4990  4990 I ChimeraSrvcProxy: com.google.android.location.internal.server.HardwareArProviderService returning NullBinder for action com.android.location.service.ActivityRecognitionProvider
09-08 02:11:50.361  4990  4990 E ChimeraSrvcProxy: Proxy without impl failing onBind()
09-08 02:11:50.362  4990  4990 I ChimeraSrvcProxy: com.google.android.location.internal.GoogleLocationManagerService returning NullBinder for action com.android.location.service.GeofenceProvider
09-08 02:11:50.395  4595  4630 W earchbox:search: Long monitor contention with owner main (4595) at boolean com.google.android.gms.common.internal.ai.handleMessage(android.os.Message)(PG:14) waiters=0 in boolean com.google.android.gms.common.internal.aj.b(com.google.android.gms.common.internal.af, android.content.ServiceConnection, java.lang.String, java.util.concurrent.Executor) for 396ms
09-08 02:11:50.407  4595  4813 E IPCThreadState: Binder transaction failure: 149374/29201/-28
09-08 02:11:50.408  4595  4813 E JavaBinder: !!! FAILED BINDER TRANSACTION !!!  (parcel size = 268)
09-08 02:11:50.409  4595  4813 I GoogleAuthUtil: Error on service connection.
09-08 02:11:50.409  4595  4813 I GoogleAuthUtil: android.os.DeadObjectException: Transaction failed on small parcel; remote process probably died, but this could also be caused by running out of binder buffer space
09-08 02:11:50.409  4595  4813 I GoogleAuthUtil: 	at android.os.BinderProxy.transactNative(Native Method)
09-08 02:11:50.409  4595  4813 I GoogleAuthUtil: 	at android.os.BinderProxy.transact(BinderProxy.java:584)
09-08 02:11:50.409  4595  4813 I GoogleAuthUtil: 	at com.google.android.a.a.hj(PG:2)
09-08 02:11:50.409  4595  4813 I GoogleAuthUtil: 	at com.google.android.gms.auth.g.a(PG:7)
09-08 02:11:50.409  4595  4813 I GoogleAuthUtil: 	at com.google.android.gms.auth.m.g(PG:11)
09-08 02:11:50.409  4595  4813 I GoogleAuthUtil: 	at com.google.android.gms.auth.f.d(PG:13)
09-08 02:11:50.409  4595  4813 I GoogleAuthUtil: 	at com.google.android.gms.auth.n.c(PG:1)
09-08 02:11:50.409  4595  4813 I GoogleAuthUtil: 	at com.google.apps.tiktok.account.data.a.m.a(PG:5)
09-08 02:11:50.409  4595  4813 I GoogleAuthUtil: 	at com.google.apps.tiktok.tracing.em.a(PG:2)
09-08 02:11:50.409  4595  4813 I GoogleAuthUtil: 	at com.google.common.util.concurrent.dx.a(PG:1)
09-08 02:11:50.409  4595  4813 I GoogleAuthUtil: 	at com.google.common.util.concurrent.cv.run(PG:4)
09-08 02:11:50.409  4595  4813 I GoogleAuthUtil: 	at com.google.common.util.concurrent.dz.run(PG:1)
09-08 02:11:50.409  4595  4813 I GoogleAuthUtil: 	at com.google.android.libraries.i.ae.run(PG:1)
09-08 02:11:50.409  4595  4813 I GoogleAuthUtil: 	at java.util.concurrent.ThreadPoolExecutor.runWorker(ThreadPoolExecutor.java:1145)
09-08 02:11:50.409  4595  4813 I GoogleAuthUtil: 	at java.util.concurrent.ThreadPoolExecutor$Worker.run(ThreadPoolExecutor.java:644)
09-08 02:11:50.409  4595  4813 I GoogleAuthUtil: 	at com.google.android.libraries.i.i.run(PG:2)
09-08 02:11:50.409  4595  4813 I GoogleAuthUtil: 	at com.google.android.libraries.i.p.run(PG:4)
09-08 02:11:50.409  4595  4813 I GoogleAuthUtil: 	at java.lang.Thread.run(Thread.java:1012)
09-08 02:11:50.418  4595  4813 E m       : Got more than one input Future failure. Logging failures after the first
09-08 02:11:50.418  4595  4813 E m       : java.io.IOException: Error on service connection.
09-08 02:11:50.418  4595  4813 E m       : 	at com.google.android.gms.auth.m.g(PG:13)
09-08 02:11:50.418  4595  4813 E m       : 	at com.google.android.gms.auth.f.d(PG:13)
09-08 02:11:50.418  4595  4813 E m       : 	at com.google.android.gms.auth.n.c(PG:1)
09-08 02:11:50.418  4595  4813 E m       : 	at com.google.apps.tiktok.account.data.a.m.a(PG:5)
09-08 02:11:50.418  4595  4813 E m       : 	at com.google.apps.tiktok.tracing.em.a(PG:2)
09-08 02:11:50.418  4595  4813 E m       : 	at com.google.common.util.concurrent.dx.a(PG:1)
09-08 02:11:50.418  4595  4813 E m       : 	at com.google.common.util.concurrent.cv.run(PG:4)
09-08 02:11:50.418  4595  4813 E m       : 	at com.google.common.util.concurrent.dz.run(PG:1)
09-08 02:11:50.418  4595  4813 E m       : 	at com.google.android.libraries.i.ae.run(PG:1)
09-08 02:11:50.418  4595  4813 E m       : 	at java.util.concurrent.ThreadPoolExecutor.runWorker(ThreadPoolExecutor.java:1145)
09-08 02:11:50.418  4595  4813 E m       : 	at java.util.concurrent.ThreadPoolExecutor$Worker.run(ThreadPoolExecutor.java:644)
09-08 02:11:50.418  4595  4813 E m       : 	at com.google.android.libraries.i.i.run(PG:2)
09-08 02:11:50.418  4595  4813 E m       : 	at com.google.android.libraries.i.p.run(PG:4)
09-08 02:11:50.418  4595  4813 E m       : 	at java.lang.Thread.run(Thread.java:1012)
09-08 02:11:50.418  4595  4813 E m       : Caused by: android.os.DeadObjectException: Transaction failed on small parcel; remote process probably died, but this could also be caused by running out of binder buffer space
09-08 02:11:50.418  4595  4813 E m       : 	at android.os.BinderProxy.transactNative(Native Method)
09-08 02:11:50.418  4595  4813 E m       : 	at android.os.BinderProxy.transact(BinderProxy.java:584)
09-08 02:11:50.418  4595  4813 E m       : 	at com.google.android.a.a.hj(PG:2)
09-08 02:11:50.418  4595  4813 E m       : 	at com.google.android.gms.auth.g.a(PG:7)
09-08 02:11:50.418  4595  4813 E m       : 	at com.google.android.gms.auth.m.g(PG:11)
09-08 02:11:50.418  4595  4813 E m       : 	... 13 more
09-08 02:11:50.422  4990  5103 I ChimeraSrvcProxy: NullBinder for com.google.android.gms.auth.account.data.service.START triggering remote TransactionTooLargeException due to Service without Chimera impl
09-08 02:11:50.423  4990  5103 W .gms.persistent: Large reply transaction of 1056768 bytes, interface descriptor , code 46
09-08 02:11:50.508  4990  5051 I ChimeraSrvcProxy: NullBinder for com.google.android.gms.phenotype.service.START triggering remote TransactionTooLargeException due to Service without Chimera impl
09-08 02:11:50.510  4990  5051 W .gms.persistent: Large reply transaction of 1056768 bytes, interface descriptor , code 46
09-08 02:11:50.602  5238  5238 D nativeloader: Configuring clns-7 for other apk /system/framework/com.android.media.remotedisplay.jar. target_sdk_version=33, uses_libraries=ALL, library_path=/product/priv-app/PrebuiltGmsCore/lib/x86_64:/product/priv-app/PrebuiltGmsCore/PrebuiltGmsCore.apk!/lib/x86_64, permitted_path=/data:/mnt/expand:/data/user/0/com.google.android.gms
09-08 02:11:50.606  5238  5238 D nativeloader: Configuring clns-8 for other apk /system/framework/com.android.location.provider.jar. target_sdk_version=33, uses_libraries=ALL, library_path=/product/priv-app/PrebuiltGmsCore/lib/x86_64:/product/priv-app/PrebuiltGmsCore/PrebuiltGmsCore.apk!/lib/x86_64, permitted_path=/data:/mnt/expand:/data/user/0/com.google.android.gms
09-08 02:11:50.609  5238  5238 D ApplicationLoaders: Returning zygote-cached class loader: /system_ext/framework/androidx.window.extensions.jar
09-08 02:11:50.609  5238  5238 D ApplicationLoaders: Returning zygote-cached class loader: /system_ext/framework/androidx.window.sidecar.jar
09-08 02:11:50.780  4990  4990 E ChimeraSrvcProxy: Proxy without impl failing onBind()
09-08 02:11:50.794  4990  4990 I ChimeraSrvcProxy: com.google.android.location.reporting.service.ReportingAndroidService returning NullBinder for action com.google.android.gms.location.reporting.service.START
09-08 02:11:50.934   538  1013 W system_server: Long monitor contention with owner android.fg (563) at boolean com.android.server.am.ActivityManagerService.unbindService(android.app.IServiceConnection)(ActivityManagerService.java:13426) waiters=1 in void com.android.server.am.ActivityManagerService.publishService(android.os.IBinder, android.content.Intent, android.os.IBinder) for 127ms
09-08 02:11:51.016  5020  5027 I ustin.converter: Background young concurrent copying GC freed 14717(1349KB) AllocSpace objects, 0(0B) LOS objects, 23% free, 4734KB/6191KB, paused 2.488ms,487us total 749.573ms
09-08 02:11:51.179  4990  5073 I ChimeraSrvcProxy: NullBinder for com.google.android.chimera.BoundService.START throwing RemoteException due to Service without Chimera impl
09-08 02:11:51.182  4990  5073 W GmsClient: IGmsServiceBroker.getService failed
09-08 02:11:51.182  4990  5073 W GmsClient: android.os.RemoteException: Service without Chimera impl
09-08 02:11:51.182  4990  5073 W GmsClient: 	at hhl.onTransact(:com.google.android.gms@231818047@23.18.18 (190800-535401451):2)
09-08 02:11:51.182  4990  5073 W GmsClient: 	at android.os.Binder.transact(Binder.java:1183)
09-08 02:11:51.182  4990  5073 W GmsClient: 	at aboj.ge(:com.google.android.gms@231818047@23.18.18 (190800-535401451):5)
09-08 02:11:51.182  4990  5073 W GmsClient: 	at abmq.y(:com.google.android.gms@231818047@23.18.18 (190800-535401451):12)
09-08 02:11:51.182  4990  5073 W GmsClient: 	at aavc.run(:com.google.android.gms@231818047@23.18.18 (190800-535401451):5)
09-08 02:11:51.182  4990  5073 W GmsClient: 	at android.os.Handler.handleCallback(Handler.java:958)
09-08 02:11:51.182  4990  5073 W GmsClient: 	at android.os.Handler.dispatchMessage(Handler.java:99)
09-08 02:11:51.182  4990  5073 W GmsClient: 	at avye.ll(:com.google.android.gms@231818047@23.18.18 (190800-535401451):0)
09-08 02:11:51.182  4990  5073 W GmsClient: 	at avye.dispatchMessage(:com.google.android.gms@231818047@23.18.18 (190800-535401451):1)
09-08 02:11:51.182  4990  5073 W GmsClient: 	at android.os.Looper.loopOnce(Looper.java:205)
09-08 02:11:51.182  4990  5073 W GmsClient: 	at android.os.Looper.loop(Looper.java:294)
09-08 02:11:51.182  4990  5073 W GmsClient: 	at android.os.HandlerThread.run(HandlerThread.java:67)
09-08 02:11:51.186  4990  5097 I ChimeraSrvcProxy: NullBinder for com.google.android.gms.clearcut.service.START triggering remote TransactionTooLargeException due to Service without Chimera impl
09-08 02:11:51.187  4990  5097 W .gms.persistent: Large reply transaction of 1056768 bytes, interface descriptor , code 46
09-08 02:11:51.242  4990  4998 I .gms.persistent: Background concurrent copying GC freed 45301(1835KB) AllocSpace objects, 0(0B) LOS objects, 49% free, 4096KB/8193KB, paused 77.710ms,498us total 3.452s
09-08 02:11:51.307  4239  5210 I MediaProvider: Scanned internal due to REASON_MOUNTED, found 0 items in 5154ms, 0 inserts 0 updates 0 deletes
09-08 02:11:51.552  5199  5211 W m.android.phone: Long monitor contention with owner main (5199) at com.android.internal.telephony.RadioServiceProxy com.android.internal.telephony.RIL.getRadioServiceProxy(int, android.os.Message)(RIL.java:1073) waiters=0 in com.android.internal.telephony.RadioServiceProxy com.android.internal.telephony.RIL.getRadioServiceProxy(int, android.os.Message) for 578ms
09-08 02:11:51.686  4239  5210 W ModernMediaScanner: Failed to visit /oem/media: java.nio.file.NoSuchFileException: /oem/media
09-08 02:11:51.697  4239  5210 I MediaProvider: Scanned internal due to REASON_MOUNTED, found 0 items in 12ms, 0 inserts 0 updates 0 deletes
09-08 02:11:52.490  4651  4724 E IPCThreadState: Binder transaction failure: 150690/29201/-28
09-08 02:11:52.492  4651  4724 E JavaBinder: !!! FAILED BINDER TRANSACTION !!!  (parcel size = 912)
09-08 02:11:52.495  4651  4724 W GmsClient: IGmsServiceBroker.getService failed
09-08 02:11:52.495  4651  4724 W GmsClient: android.os.DeadObjectException: Transaction failed on small parcel; remote process probably died, but this could also be caused by running out of binder buffer space
09-08 02:11:52.495  4651  4724 W GmsClient: 	at android.os.BinderProxy.transactNative(Native Method)
09-08 02:11:52.495  4651  4724 W GmsClient: 	at android.os.BinderProxy.transact(BinderProxy.java:584)
09-08 02:11:52.495  4651  4724 W GmsClient: 	at fsu.s(PG:14)
09-08 02:11:52.495  4651  4724 W GmsClient: 	at frm.run(PG:65)
09-08 02:11:52.495  4651  4724 W GmsClient: 	at android.os.Handler.handleCallback(Handler.java:958)
09-08 02:11:52.495  4651  4724 W GmsClient: 	at android.os.Handler.dispatchMessage(Handler.java:99)
09-08 02:11:52.495  4651  4724 W GmsClient: 	at android.os.Looper.loopOnce(Looper.java:205)
09-08 02:11:52.495  4651  4724 W GmsClient: 	at android.os.Looper.loop(Looper.java:294)
09-08 02:11:52.495  4651  4724 W GmsClient: 	at android.os.HandlerThread.run(HandlerThread.java:67)
09-08 02:11:52.844  1103  1103 W ndroid.systemui: Long monitor contention with owner SysUiBg (1180) at android.os.Message android.os.MessageQueue.next()(MessageQueue.java:364) waiters=0 in boolean android.os.MessageQueue.enqueueMessage(android.os.Message, long) for 2.395s
09-08 02:11:52.940  1103  1182 D EGL_emulation: app_time_stats: avg=46897.21ms min=46897.21ms max=46897.21ms count=1
09-08 02:11:53.107  5020  5020 W ustin.converter: Verification of void androidx.compose.ui.focus.FocusTargetNode$FocusTargetElement.inspectableProperties(androidx.compose.ui.platform.InspectorInfo) took 162.992ms (36.81 bytecodes/s) (1400B approximate peak alloc)
09-08 02:11:53.472  2893  2899 I .apps.wellbeing: Background young concurrent copying GC freed 45161(2438KB) AllocSpace objects, 0(0B) LOS objects, 30% free, 5701KB/8260KB, paused 2.251ms,274us total 635.318ms
09-08 02:11:53.640  4990  4990 E ChimeraSrvcProxy: Proxy without impl failing onBind()
09-08 02:11:53.642  4990  4990 I ChimeraSrvcProxy: com.google.android.gms.geotimezone.GeoTimeZoneService returning NullBinder for action android.service.timezone.PrimaryLocationTimeZoneProviderService
09-08 02:11:53.798  5020  5020 W ustin.converter: Method boolean androidx.compose.runtime.snapshots.SnapshotStateList.conditionalUpdate(boolean, kotlin.jvm.functions.Function1) failed lock verification and will run slower.
09-08 02:11:53.798  5020  5020 W ustin.converter: Common causes for lock verification issues are non-optimized dex code
09-08 02:11:53.798  5020  5020 W ustin.converter: and incorrect proguard optimizations.
09-08 02:11:53.804  5020  5020 W ustin.converter: Method boolean androidx.compose.runtime.snapshots.SnapshotStateList.conditionalUpdate$default(androidx.compose.runtime.snapshots.SnapshotStateList, boolean, kotlin.jvm.functions.Function1, int, java.lang.Object) failed lock verification and will run slower.
09-08 02:11:53.805  5020  5020 W ustin.converter: Method java.lang.Object androidx.compose.runtime.snapshots.SnapshotStateList.mutate(kotlin.jvm.functions.Function1) failed lock verification and will run slower.
09-08 02:11:53.805  5020  5020 W ustin.converter: Method void androidx.compose.runtime.snapshots.SnapshotStateList.update(boolean, kotlin.jvm.functions.Function1) failed lock verification and will run slower.
09-08 02:11:53.806  5020  5020 W ustin.converter: Method void androidx.compose.runtime.snapshots.SnapshotStateList.update$default(androidx.compose.runtime.snapshots.SnapshotStateList, boolean, kotlin.jvm.functions.Function1, int, java.lang.Object) failed lock verification and will run slower.
09-08 02:11:53.880   538   653 W system_server: Long monitor contention with owner binder:538_13 (1748) at boolean com.android.server.am.ActivityManagerService.unbindService(android.app.IServiceConnection)(ActivityManagerService.java:13426) waiters=7 in void com.android.server.am.ActivityManagerService.publishService(android.os.IBinder, android.content.Intent, android.os.IBinder) for 237ms
09-08 02:11:53.887  4990  5073 I ChimeraSrvcProxy: NullBinder for com.google.android.chimera.BoundService.START throwing RemoteException due to Service without Chimera impl
09-08 02:11:53.890  4990  5073 W GmsClient: IGmsServiceBroker.getService failed
09-08 02:11:53.890  4990  5073 W GmsClient: android.os.RemoteException: Service without Chimera impl
09-08 02:11:53.890  4990  5073 W GmsClient: 	at hhl.onTransact(:com.google.android.gms@231818047@23.18.18 (190800-535401451):2)
09-08 02:11:53.890  4990  5073 W GmsClient: 	at android.os.Binder.transact(Binder.java:1183)
09-08 02:11:53.890  4990  5073 W GmsClient: 	at aboj.ge(:com.google.android.gms@231818047@23.18.18 (190800-535401451):5)
09-08 02:11:53.890  4990  5073 W GmsClient: 	at abmq.y(:com.google.android.gms@231818047@23.18.18 (190800-535401451):12)
09-08 02:11:53.890  4990  5073 W GmsClient: 	at aavc.run(:com.google.android.gms@231818047@23.18.18 (190800-535401451):5)
09-08 02:11:53.890  4990  5073 W GmsClient: 	at android.os.Handler.handleCallback(Handler.java:958)
09-08 02:11:53.890  4990  5073 W GmsClient: 	at android.os.Handler.dispatchMessage(Handler.java:99)
09-08 02:11:53.890  4990  5073 W GmsClient: 	at avye.ll(:com.google.android.gms@231818047@23.18.18 (190800-535401451):0)
09-08 02:11:53.890  4990  5073 W GmsClient: 	at avye.dispatchMessage(:com.google.android.gms@231818047@23.18.18 (190800-535401451):1)
09-08 02:11:53.890  4990  5073 W GmsClient: 	at android.os.Looper.loopOnce(Looper.java:205)
09-08 02:11:53.890  4990  5073 W GmsClient: 	at android.os.Looper.loop(Looper.java:294)
09-08 02:11:53.890  4990  5073 W GmsClient: 	at android.os.HandlerThread.run(HandlerThread.java:67)
09-08 02:11:53.891  4990  4990 E ChimeraSrvcProxy: Proxy without impl failing onBind()
09-08 02:11:53.892  4990  4990 I ChimeraSrvcProxy: com.google.android.location.network.NetworkLocationService returning NullBinder for action com.android.location.service.v3.NetworkLocationProvider
09-08 02:11:53.955  4990  4990 E ChimeraSrvcProxy: Proxy without impl failing onBind()
09-08 02:11:53.958  4990  4990 I ChimeraSrvcProxy: com.google.android.location.fused.FusedLocationService returning NullBinder for action com.android.location.service.FusedLocationProvider
09-08 02:11:53.975  4990  4990 E ChimeraSrvcProxy: Proxy without impl failing onBind()
09-08 02:11:53.976  4990  4990 I ChimeraSrvcProxy: com.google.android.gms.location.geocode.GeocodeService returning NullBinder for action com.android.location.service.GeocodeProvider
09-08 02:11:53.986  4990  5073 I ChimeraSrvcProxy: NullBinder for com.google.android.chimera.BoundService.START throwing RemoteException due to Service without Chimera impl
09-08 02:11:53.989  4990  5073 W GmsClient: IGmsServiceBroker.getService failed
09-08 02:11:53.989  4990  5073 W GmsClient: android.os.RemoteException: Service without Chimera impl
09-08 02:11:53.989  4990  5073 W GmsClient: 	at hhl.onTransact(:com.google.android.gms@231818047@23.18.18 (190800-535401451):2)
09-08 02:11:53.989  4990  5073 W GmsClient: 	at android.os.Binder.transact(Binder.java:1183)
09-08 02:11:53.989  4990  5073 W GmsClient: 	at aboj.ge(:com.google.android.gms@231818047@23.18.18 (190800-535401451):5)
09-08 02:11:53.989  4990  5073 W GmsClient: 	at abmq.y(:com.google.android.gms@231818047@23.18.18 (190800-535401451):12)
09-08 02:11:53.989  4990  5073 W GmsClient: 	at aavc.run(:com.google.android.gms@231818047@23.18.18 (190800-535401451):5)
09-08 02:11:53.989  4990  5073 W GmsClient: 	at android.os.Handler.handleCallback(Handler.java:958)
09-08 02:11:53.989  4990  5073 W GmsClient: 	at android.os.Handler.dispatchMessage(Handler.java:99)
09-08 02:11:53.989  4990  5073 W GmsClient: 	at avye.ll(:com.google.android.gms@231818047@23.18.18 (190800-535401451):0)
09-08 02:11:53.989  4990  5073 W GmsClient: 	at avye.dispatchMessage(:com.google.android.gms@231818047@23.18.18 (190800-535401451):1)
09-08 02:11:53.989  4990  5073 W GmsClient: 	at android.os.Looper.loopOnce(Looper.java:205)
09-08 02:11:53.989  4990  5073 W GmsClient: 	at android.os.Looper.loop(Looper.java:294)
09-08 02:11:53.989  4990  5073 W GmsClient: 	at android.os.HandlerThread.run(HandlerThread.java:67)
09-08 02:11:54.201  5182  5226 E PhenotypeFlagCommitter: Retrieving snapshot for com.google.android.dialer failed
09-08 02:11:54.201  5182  5226 E PhenotypeFlagCommitter: java.util.concurrent.TimeoutException: Timed out waiting for Task
09-08 02:11:54.201  5182  5226 E PhenotypeFlagCommitter: 	at ofh.O(PG:7)
09-08 02:11:54.201  5182  5226 E PhenotypeFlagCommitter: 	at nwm.d(PG:2)
09-08 02:11:54.201  5182  5226 E PhenotypeFlagCommitter: 	at nwm.c(PG:2)
09-08 02:11:54.201  5182  5226 E PhenotypeFlagCommitter: 	at htv.call(PG:66)
09-08 02:11:54.201  5182  5226 E PhenotypeFlagCommitter: 	at svs.call(PG:7)
09-08 02:11:54.201  5182  5226 E PhenotypeFlagCommitter: 	at syd.a(Unknown Source:2)
09-08 02:11:54.201  5182  5226 E PhenotypeFlagCommitter: 	at sxh.run(PG:3)
09-08 02:11:54.201  5182  5226 E PhenotypeFlagCommitter: 	at sye.run(Unknown Source:4)
09-08 02:11:54.201  5182  5226 E PhenotypeFlagCommitter: 	at ocg.run(PG:1)
09-08 02:11:54.201  5182  5226 E PhenotypeFlagCommitter: 	at java.util.concurrent.ThreadPoolExecutor.runWorker(ThreadPoolExecutor.java:1145)
09-08 02:11:54.201  5182  5226 E PhenotypeFlagCommitter: 	at java.util.concurrent.ThreadPoolExecutor$Worker.run(ThreadPoolExecutor.java:644)
09-08 02:11:54.201  5182  5226 E PhenotypeFlagCommitter: 	at oca.run(PG:19)
09-08 02:11:54.201  5182  5226 E PhenotypeFlagCommitter: 	at nxu.run(PG:53)
09-08 02:11:54.201  5182  5226 E PhenotypeFlagCommitter: 	at java.lang.Thread.run(Thread.java:1012)
09-08 02:11:54.201  5182  5226 E PhenotypeFlagCommitter: 	at ocj.run(PG:6)
09-08 02:11:54.202  5182  5226 I DialerFlags: com.android.dialer.phenotype.Flags$1.onSuccess:111 finished with result: false
09-08 02:11:54.220  5182  5182 I DialerVoicemailModule: com.android.voicemail.impl.VoicemailModule.provideVoicemailClient:75 Not VVM package [CONTEXT enable_persistent_logger=true ]
09-08 02:11:54.223  5182  5182 I DialerDataSubscriptionChangeReceiver: com.android.voicemail.impl.DataSubscriptionChangeReceiver.onReceive:53 voicemail module disabled
09-08 02:11:54.346  2893  3111 W .apps.wellbeing: Long monitor contention with owner main (2893) at boolean hix.handleMessage(android.os.Message)(PG:14) waiters=0 in boolean hiv.d(hiu, android.content.ServiceConnection) for 152ms
09-08 02:11:54.378  5020  5020 W ustin.converter: Verification of int androidx.compose.material3.OutlinedTextFieldMeasurePolicy.maxIntrinsicWidth(androidx.compose.ui.layout.IntrinsicMeasureScope, java.util.List, int) took 119.370ms (75.40 bytecodes/s) (1552B approximate peak alloc)
09-08 02:11:54.464  5238  5238 D nativeloader: InitLlndkLibrariesProduct: libEGL.so:libGLESv1_CM.so:libGLESv2.so:libGLESv3.so:libRS.so:libandroid_net.so:libbinder_ndk.so:libc.so:libcgrouprc.so:libclang_rt.asan-x86_64-android.so:libcom.android.tethering.connectivity_native.so:libdl.so:libft2.so:liblog.so:libm.so:libmediandk.so:libnativewindow.so:libneuralnetworks.so:libselinux.so:libsync.so:libvndksupport.so:libvulkan.so
09-08 02:11:54.464  5238  5238 D nativeloader: Configuring product-clns-9 for unbundled product apk /product/priv-app/PrebuiltGmsCore/PrebuiltGmsCore.apk. target_sdk_version=33, uses_libraries=, library_path=/product/priv-app/PrebuiltGmsCore/lib/x86_64:/product/priv-app/PrebuiltGmsCore/PrebuiltGmsCore.apk!/lib/x86_64:/product/lib64:/system/product/lib64, permitted_path=/data:/mnt/expand:/data/user/0/com.google.android.gms:/product/lib64:/system/product/lib64
09-08 02:11:54.469  5238  5238 D nativeloader: InitVndkspLibrariesProduct: android.hardware.common-V2-ndk.so:android.hardware.common.fmq-V1-ndk.so:android.hardware.graphics.allocator-V2-ndk.so:android.hardware.graphics.common-V4-ndk.so:android.hardware.graphics.common@1.0.so:android.hardware.graphics.common@1.1.so:android.hardware.graphics.common@1.2.so:android.hardware.graphics.composer3-V1-ndk.so:android.hardware.graphics.mapper@2.0.so:android.hardware.graphics.mapper@2.1.so:android.hardware.graphics.mapper@3.0.so:android.hardware.graphics.mapper@4.0.so:android.hardware.renderscript@1.0.so:android.hidl.memory.token@1.0.so:android.hidl.memory@1.0-impl.so:android.hidl.memory@1.0.so:android.hidl.safe_union@1.0.so:libRSCpuRef.so:libRSDriver.so:libRS_internal.so:libbase.so:libbcinfo.so:libblas.so:libc++.so:libcompiler_rt.so:libcutils.so:libdmabufheap.so:libgralloctypes.so:libhardware.so:libhidlbase.so:libhidlmemory.so:libion.so:libjsoncpp.so:liblzma.so:libprocessgroup.so:libunwindstack.so:libutils.so:libutilscallstack.so:libz.so
09-08 02:11:54.519  5238  5238 V GraphicsEnvironment: Currently set values for:
09-08 02:11:54.519  5238  5238 V GraphicsEnvironment:   angle_gl_driver_selection_pkgs=[]
09-08 02:11:54.520  5238  5238 V GraphicsEnvironment:   angle_gl_driver_selection_values=[]
09-08 02:11:54.531  5238  5238 V GraphicsEnvironment: ANGLE GameManagerService for com.google.android.gms: false
09-08 02:11:54.531  5238  5238 V GraphicsEnvironment: com.google.android.gms is not listed in per-application setting
09-08 02:11:54.531  5238  5238 V GraphicsEnvironment: Neither updatable production driver nor prerelease driver is supported.
09-08 02:11:55.156  4651  4724 W putmethod.latin: Long monitor contention with owner main (4651) at boolean fti.handleMessage(android.os.Message)(PG:20) waiters=0 in boolean ftg.d(ftf, android.content.ServiceConnection) for 283ms
09-08 02:11:55.194  5182  5220 E IPCThreadState: Binder transaction failure: 150802/29201/-28
09-08 02:11:55.196  5182  5220 E JavaBinder: !!! FAILED BINDER TRANSACTION !!!  (parcel size = 396)
09-08 02:11:55.198  5182  5220 W GmsClient: IGmsServiceBroker.getService failed
09-08 02:11:55.198  5182  5220 W GmsClient: android.os.DeadObjectException: Transaction failed on small parcel; remote process probably died, but this could also be caused by running out of binder buffer space
09-08 02:11:55.198  5182  5220 W GmsClient: 	at android.os.BinderProxy.transactNative(Native Method)
09-08 02:11:55.198  5182  5220 W GmsClient: 	at android.os.BinderProxy.transact(BinderProxy.java:584)
09-08 02:11:55.198  5182  5220 W GmsClient: 	at nnv.s(PG:13)
09-08 02:11:55.198  5182  5220 W GmsClient: 	at mwn.run(PG:56)
09-08 02:11:55.198  5182  5220 W GmsClient: 	at android.os.Handler.handleCallback(Handler.java:958)
09-08 02:11:55.198  5182  5220 W GmsClient: 	at android.os.Handler.dispatchMessage(Handler.java:99)
09-08 02:11:55.198  5182  5220 W GmsClient: 	at ntu.b(Unknown Source:0)
09-08 02:11:55.198  5182  5220 W GmsClient: 	at ntu.dispatchMessage(Unknown Source:0)
09-08 02:11:55.198  5182  5220 W GmsClient: 	at android.os.Looper.loopOnce(Looper.java:205)
09-08 02:11:55.198  5182  5220 W GmsClient: 	at android.os.Looper.loop(Looper.java:294)
09-08 02:11:55.198  5182  5220 W GmsClient: 	at android.os.HandlerThread.run(HandlerThread.java:67)
09-08 02:11:55.220   538   575 W system_server: Long monitor contention with owner bgres-controller (583) at android.os.Message android.os.MessageQueue.next()(MessageQueue.java:364) waiters=0 in boolean android.os.MessageQueue.enqueueMessage(android.os.Message, long) for 775ms
09-08 02:11:55.698  5238  5238 W ProviderHelper: Unknown dynamite feature providerinstaller.dynamite
09-08 02:11:55.704  5238  5238 I DynamiteModule: Considering local module com.google.android.gms.providerinstaller.dynamite:1 and remote module com.google.android.gms.providerinstaller.dynamite:0
09-08 02:11:55.705  5238  5238 I DynamiteModule: Selected local version of com.google.android.gms.providerinstaller.dynamite
09-08 02:11:55.832  5238  5238 V NativeCrypto: Registering com/google/android/gms/org/conscrypt/NativeCrypto's 295 native methods...
09-08 02:11:55.864  5238  5238 I ProviderInstaller: Installed default security provider GmsCore_OpenSSL
09-08 02:11:55.923  4595  4630 E IPCThreadState: Binder transaction failure: 150666/29201/-28
09-08 02:11:55.926  4595  4630 E JavaBinder: !!! FAILED BINDER TRANSACTION !!!  (parcel size = 852)
09-08 02:11:55.927  4595  4630 W GmsClient: IGmsServiceBroker.getService failed
09-08 02:11:55.927  4595  4630 W GmsClient: android.os.DeadObjectException: Transaction failed on small parcel; remote process probably died, but this could also be caused by running out of binder buffer space
09-08 02:11:55.927  4595  4630 W GmsClient: 	at android.os.BinderProxy.transactNative(Native Method)
09-08 02:11:55.927  4595  4630 W GmsClient: 	at android.os.BinderProxy.transact(BinderProxy.java:584)
09-08 02:11:55.927  4595  4630 W GmsClient: 	at com.google.android.gms.common.internal.n.J(PG:15)
09-08 02:11:55.927  4595  4630 W GmsClient: 	at com.google.android.gms.common.api.internal.bm.run(PG:5)
09-08 02:11:55.927  4595  4630 W GmsClient: 	at android.os.Handler.handleCallback(Handler.java:958)
09-08 02:11:55.927  4595  4630 W GmsClient: 	at android.os.Handler.dispatchMessage(Handler.java:99)
09-08 02:11:55.927  4595  4630 W GmsClient: 	at android.os.Looper.loopOnce(Looper.java:205)
09-08 02:11:55.927  4595  4630 W GmsClient: 	at android.os.Looper.loop(Looper.java:294)
09-08 02:11:55.927  4595  4630 W GmsClient: 	at android.os.HandlerThread.run(HandlerThread.java:67)
09-08 02:11:55.930   538   563 W system_server: Long monitor contention with owner binder:538_C (1740) at void com.android.server.am.ActivityManagerService.serviceDoneExecuting(android.os.IBinder, int, int, int)(ActivityManagerService.java:13465) waiters=0 in int com.android.server.am.ActivityManagerService.bindServiceInstance(android.app.IApplicationThread, android.os.IBinder, android.content.Intent, java.lang.String, android.app.IServiceConnection, long, java.lang.String, boolean, int, java.lang.String, android.app.IApplicationThread, java.lang.String, int) for 122ms
09-08 02:11:56.301   538   563 W system_server: Long monitor contention with owner batterystats-handler (581) at android.os.Message android.os.MessageQueue.next()(MessageQueue.java:364) waiters=0 in boolean android.os.MessageQueue.enqueueMessage(android.os.Message, long) for 102ms
09-08 02:11:56.408  5199  5269 D TelephonyProvider: dbh.onOpen: ok, queried table=siminfo
09-08 02:11:56.411  5199  5269 D TelephonyProvider: dbh.onOpen: ok, queried table=carriers
09-08 02:11:56.460   538   575 W system_server: Long monitor contention with owner android.fg (563) at int com.android.server.am.ActivityManagerService.bindServiceInstance(android.app.IApplicationThread, android.os.IBinder, android.content.Intent, java.lang.String, android.app.IServiceConnection, long, java.lang.String, boolean, int, java.lang.String, android.app.IApplicationThread, java.lang.String, int)(ActivityManagerService.java:13404) waiters=3 in boolean com.android.server.am.BroadcastQueueModernImpl.lambda$new$0(android.os.Message) for 283ms
09-08 02:11:56.516  2724  2724 D CellBroadcastReceiver: onReceive Intent { act=android.telephony.action.DEFAULT_SMS_SUBSCRIPTION_CHANGED flg=0x21000010 cmp=com.google.android.cellbroadcastreceiver/com.android.cellbroadcastreceiver.CellBroadcastReceiver (has extras) }
09-08 02:11:56.577  2724  2724 D CellBroadcastReceiver: mockmodem is running? = false
09-08 02:11:56.577  2724  2724 D CellBroadcastReceiver: Start Cell Broadcast configuration for intent=ACTION_ENABLE_CHANNELS
09-08 02:11:56.585  5199  5199 D CompatibilityChangeReporter: Compat change id reported: 183155436; UID 1001; state: ENABLED
09-08 02:11:56.650  5020  5027 I ustin.converter: WaitForGcToComplete blocked HeapTrim on None for 78.962ms
09-08 02:11:56.700  5020  5020 D CompatibilityChangeReporter: Compat change id reported: 289878283; UID 10192; state: ENABLED
09-08 02:11:56.719  4651  4651 W putmethod.latin: Long monitor contention with owner GoogleApiHandler (4724) at boolean ftg.d(ftf, android.content.ServiceConnection)(PG:13) waiters=0 in void fth.onServiceConnected(android.content.ComponentName, android.os.IBinder) for 1.264s
09-08 02:11:56.761   538  1013 W system_server: Long monitor contention with owner binder:538_C (1740) at void com.android.server.am.ActivityManagerService.serviceDoneExecuting(android.os.IBinder, int, int, int)(ActivityManagerService.java:13465) waiters=0 in android.content.ComponentName com.android.server.am.ActivityManagerService.startService(android.app.IApplicationThread, android.content.Intent, java.lang.String, boolean, java.lang.String, java.lang.String, int, boolean, int, java.lang.String, java.lang.String) for 179ms
09-08 02:11:56.790  2724  5273 E CellBroadcastConfigService: fails to setCellBroadcastRanges
09-08 02:11:56.828  4595  4595 W earchbox:search: Long monitor contention with owner GoogleApiHandler (4630) at boolean com.google.android.gms.common.internal.aj.b(com.google.android.gms.common.internal.af, android.content.ServiceConnection, java.lang.String, java.util.concurrent.Executor)(PG:13) waiters=0 in void com.google.android.gms.common.internal.ah.onServiceConnected(android.content.ComponentName, android.os.IBinder) for 708ms
09-08 02:11:57.265  5199  5199 D CellBroadcastConfigTracker-0: init
09-08 02:11:57.407   538   594 W system_server: Long monitor contention with owner binder:538_13 (1748) at void com.android.server.power.PowerManagerService.acquireWakeLockInternal(android.os.IBinder, int, int, java.lang.String, java.lang.String, android.os.WorkSource, java.lang.String, int, int, android.os.IWakeLockCallback)(PowerManagerService.java:1633) waiters=0 in void com.android.server.power.PowerManagerService.handleSandman(int) for 127ms
09-08 02:11:57.409  5199  5199 D CellBroadcastServiceManager: CellBroadcastServiceManager created for phone 0
09-08 02:11:57.443  5199  5199 D CellBroadcastServiceManager: getCellBroadcastServicePackageName: com.google.android.cellbroadcastservice
09-08 02:11:57.511  1103  1103 I Choreographer: Skipped 52 frames!  The application may be doing too much work on its main thread.
09-08 02:11:57.569  5238  5277 I Watchcat: Started
09-08 02:11:57.600  5238  5238 D CompatibilityChangeReporter: Compat change id reported: 183155436; UID 10128; state: ENABLED
09-08 02:11:57.602  5238  5238 I GmsApplication: [gms_startup_benchmark] Static start time (ms): 971538, Startup latency (ms): 3061, Is system user: true
09-08 02:11:57.920  5238  5238 I cuir    : Primes not initialized, returning default (no-op) Primes instance which will ignore all calls. Please call Primes.initialize(...) before using any Primes API.
09-08 02:11:57.922   538   555 W system_server: Long monitor contention with owner android.bg (574) at android.content.ComponentName com.android.server.infra.AbstractPerUserSystemService.getServiceComponent(java.lang.String)(AbstractPerUserSystemService.java:239) waiters=0 in void com.android.server.autofill.AutofillManagerService$AutoFillManagerServiceStub.setHasCallback(int, int, boolean) for 550ms
09-08 02:11:58.027   538   538 W ServiceConnector.Impl: mayInterruptIfRunning not supported - ignoring
09-08 02:11:58.039   538   575 W system_server: Long monitor contention with owner main (538) at int com.android.server.am.ActivityManagerService.bindServiceInstance(android.app.IApplicationThread, android.os.IBinder, android.content.Intent, java.lang.String, android.app.IServiceConnection, long, java.lang.String, boolean, int, java.lang.String, android.app.IApplicationThread, java.lang.String, int)(ActivityManagerService.java:13404) waiters=2 in boolean com.android.server.am.BroadcastQueueModernImpl.lambda$new$0(android.os.Message) for 582ms
09-08 02:11:58.042   538  1748 W system_server: Long monitor contention with owner main (538) at int com.android.server.am.ActivityManagerService.bindServiceInstance(android.app.IApplicationThread, android.os.IBinder, android.content.Intent, java.lang.String, android.app.IServiceConnection, long, java.lang.String, boolean, int, java.lang.String, android.app.IApplicationThread, java.lang.String, int)(ActivityManagerService.java:13404) waiters=3 in boolean com.android.server.am.ActivityManagerService.unbindService(android.app.IServiceConnection) for 498ms
09-08 02:11:58.146  5199  5199 D CellBroadcastServiceManager: serviceWasBound=true
09-08 02:11:58.156  5199  5199 D CellBroadcastServiceManager: CellBroadcastServiceManager created for phone 0
09-08 02:11:58.158  5199  5199 D CellBroadcastServiceManager: getCellBroadcastServicePackageName: com.google.android.cellbroadcastservice
09-08 02:11:58.161  5199  5199 D CellBroadcastServiceManager: serviceWasBound=true
09-08 02:11:58.413  1278  1278 D GsmCellBroadcastHandler: subId[-1] is not valid
09-08 02:11:58.680  5020  5027 I ustin.converter: Background concurrent copying GC freed 10642(875KB) AllocSpace objects, 1(24KB) LOS objects, 49% free, 5359KB/10MB, paused 2.458ms,268us total 807.818ms
09-08 02:11:58.762  5238  5277 I GMS_MM_Logger: Start time: 245630
09-08 02:11:58.797  5238  5277 I GMS_MM_Logger: Started.
09-08 02:11:58.803  4990  4990 E ChimeraSrvcProxy: Proxy without impl failing onBind()
09-08 02:11:58.805  4990  4990 I ChimeraSrvcProxy: com.google.android.location.internal.server.HardwareArProviderService returning NullBinder for action com.android.location.service.ActivityRecognitionProvider
09-08 02:11:58.807  4990  5002 I ChimeraSrvcProxy: NullBinder for com.google.android.gms.phenotype.service.START triggering remote TransactionTooLargeException due to Service without Chimera impl
09-08 02:11:58.807  4990  5002 W .gms.persistent: Large reply transaction of 1056768 bytes, interface descriptor , code 46
09-08 02:11:58.845  4990  5103 W ChimeraSrvcProxy: Failed to read the buffer size file. Using default NullBinder reply size. java.io.FileNotFoundException: /data/user_de/0/com.google.android.gms/files/binder_buffer_size.txt: open failed: ENOENT (No such file or directory)
09-08 02:11:58.849  4990  5103 I ChimeraSrvcProxy: NullBinder for com.google.android.gms.location.reporting.service.START triggering remote TransactionTooLargeException due to Service without Chimera impl
09-08 02:11:58.854  4990  5103 W .gms.persistent: Large reply transaction of 1056768 bytes, interface descriptor , code 46
09-08 02:11:58.878  4990  5051 I ChimeraSrvcProxy: NullBinder for com.google.android.gms.clearcut.service.START triggering remote TransactionTooLargeException due to Service without Chimera impl
09-08 02:11:59.072  4990  4990 E ChimeraSrvcProxy: Proxy without impl failing onBind()
09-08 02:11:59.075  4990  4990 I ChimeraSrvcProxy: com.google.android.location.internal.GoogleLocationManagerService returning NullBinder for action com.android.location.service.GeofenceProvider
09-08 02:11:59.079  4990  5090 I ChimeraSrvcProxy: NullBinder for com.google.android.gms.clearcut.service.START triggering remote TransactionTooLargeException due to Service without Chimera impl
09-08 02:11:59.080  4990  5090 W .gms.persistent: Large reply transaction of 1056768 bytes, interface descriptor , code 46
09-08 02:11:59.131  4990  4990 E ChimeraSrvcProxy: Proxy without impl failing onBind()
09-08 02:11:59.138  4990  4990 I ChimeraSrvcProxy: com.google.android.gms.geotimezone.GeoTimeZoneService returning NullBinder for action android.service.timezone.PrimaryLocationTimeZoneProviderService
09-08 02:11:59.159  4990  5051 W .gms.persistent: Large reply transaction of 1056768 bytes, interface descriptor , code 46
09-08 02:11:59.197  4990  5097 E ChimeraPrvdrProxy: Provider proxy missing implementation
09-08 02:11:59.201  4990  5088 E ChimeraPrvdrProxy: Provider proxy missing implementation
09-08 02:11:59.203  5238  5281 E Auth    : [GoogleAuthUtil] RemoteException when fetching accounts
09-08 02:11:59.203  5238  5281 E Auth    : android.os.RemoteException: Null result from AccountChimeraContentProvider
09-08 02:11:59.203  5238  5281 E Auth    : 	at lvj.u(:com.google.android.gms@231818047@23.18.18 (190800-535401451):9)
