09-08 02:11:59.203  5238  5281 E Auth    : 	at aurd.run(:com.google.android.gms@231818047@23.18.18 (190800-535401451):4)
09-08 02:11:59.203  5238  5281 E Auth    : 	at java.util.concurrent.Executors$RunnableAdapter.call(Executors.java:487)
09-08 02:11:59.203  5238  5281 E Auth    : 	at java.util.concurrent.FutureTask.run(FutureTask.java:264)
09-08 02:11:59.203  5238  5281 E Auth    : 	at aced.c(:com.google.android.gms@231818047@23.18.18 (190800-535401451):6)
09-08 02:11:59.203  5238  5281 E Auth    : 	at aced.run(:com.google.android.gms@231818047@23.18.18 (190800-535401451):7)
09-08 02:11:59.203  5238  5281 E Auth    : 	at java.util.concurrent.ThreadPoolExecutor.runWorker(ThreadPoolExecutor.java:1145)
09-08 02:11:59.203  5238  5281 E Auth    : 	at java.util.concurrent.ThreadPoolExecutor$Worker.run(ThreadPoolExecutor.java:644)
09-08 02:11:59.203  5238  5281 E Auth    : 	at acjn.run(:com.google.android.gms@231818047@23.18.18 (190800-535401451):0)
09-08 02:11:59.203  5238  5281 E Auth    : 	at java.lang.Thread.run(Thread.java:1012)
09-08 02:11:59.270  4990  4990 E ChimeraSrvcProxy: Proxy without impl failing onBind()
09-08 02:11:59.273  4990  4990 I ChimeraSrvcProxy: com.google.android.location.network.NetworkLocationService returning NullBinder for action com.android.location.service.v3.NetworkLocationProvider
09-08 02:11:59.280  4990  4990 E ChimeraSrvcProxy: Proxy without impl failing onBind()
09-08 02:11:59.280  4990  4990 I ChimeraSrvcProxy: com.google.android.location.fused.FusedLocationService returning NullBinder for action com.android.location.service.FusedLocationProvider
09-08 02:11:59.300  4990  4990 E ChimeraSrvcProxy: Proxy without impl failing onBind()
09-08 02:11:59.304  4990  4990 I ChimeraSrvcProxy: com.google.android.gms.location.geocode.GeocodeService returning NullBinder for action com.android.location.service.GeocodeProvider
09-08 02:11:59.306  4990  4990 E ChimeraSrvcProxy: Proxy without impl failing onBind()
09-08 02:11:59.307  4990  4990 I ChimeraSrvcProxy: com.google.android.location.internal.server.HardwareArProviderService returning NullBinder for action com.android.location.service.ActivityRecognitionProvider
09-08 02:11:59.338  5238  5281 W GmsCoreLogger: Fetching relevant Google account(s) failed. [CONTEXT service_id=299 ]
09-08 02:11:59.338  5238  5281 W GmsCoreLogger: android.os.RemoteException: Null result from AccountChimeraContentProvider
09-08 02:11:59.338  5238  5281 W GmsCoreLogger: 	at lvj.u(:com.google.android.gms@231818047@23.18.18 (190800-535401451):9)
09-08 02:11:59.338  5238  5281 W GmsCoreLogger: 	at aurd.run(:com.google.android.gms@231818047@23.18.18 (190800-535401451):4)
09-08 02:11:59.338  5238  5281 W GmsCoreLogger: 	at java.util.concurrent.Executors$RunnableAdapter.call(Executors.java:487)
09-08 02:11:59.338  5238  5281 W GmsCoreLogger: 	at java.util.concurrent.FutureTask.run(FutureTask.java:264)
09-08 02:11:59.338  5238  5281 W GmsCoreLogger: 	at aced.c(:com.google.android.gms@231818047@23.18.18 (190800-535401451):6)
09-08 02:11:59.338  5238  5281 W GmsCoreLogger: 	at aced.run(:com.google.android.gms@231818047@23.18.18 (190800-535401451):7)
09-08 02:11:59.338  5238  5281 W GmsCoreLogger: 	at java.util.concurrent.ThreadPoolExecutor.runWorker(ThreadPoolExecutor.java:1145)
09-08 02:11:59.338  5238  5281 W GmsCoreLogger: 	at java.util.concurrent.ThreadPoolExecutor$Worker.run(ThreadPoolExecutor.java:644)
09-08 02:11:59.338  5238  5281 W GmsCoreLogger: 	at acjn.run(:com.google.android.gms@231818047@23.18.18 (190800-535401451):0)
09-08 02:11:59.338  5238  5281 W GmsCoreLogger: 	at java.lang.Thread.run(Thread.java:1012)
09-08 02:11:59.385  5238  5284 D CompatibilityChangeReporter: Compat change id reported: 160794467; UID 10128; state: ENABLED
09-08 02:11:59.455  4990  4990 E ChimeraSrvcProxy: Proxy without impl failing onBind()
09-08 02:11:59.458  4990  4990 I ChimeraSrvcProxy: com.google.android.location.internal.GoogleLocationManagerService returning NullBinder for action com.android.location.service.GeofenceProvider
09-08 02:11:59.462  4990  4990 E ChimeraSrvcProxy: Proxy without impl failing onBind()
09-08 02:11:59.463  4990  4990 I ChimeraSrvcProxy: com.google.android.gms.geotimezone.GeoTimeZoneService returning NullBinder for action android.service.timezone.PrimaryLocationTimeZoneProviderService
09-08 02:11:59.466  4990  4990 E ChimeraSrvcProxy: Proxy without impl failing onBind()
09-08 02:11:59.466  4990  4990 I ChimeraSrvcProxy: com.google.android.location.network.NetworkLocationService returning NullBinder for action com.android.location.service.v3.NetworkLocationProvider
09-08 02:11:59.470  4990  4990 E ChimeraRcvrProxy: com.google.android.gms.chimera.GmsIntentOperationService$PersistentTrustedReceiver dropping broadcast android.intent.action.DOMAINS_NEED_VERIFICATION
09-08 02:11:59.759  4990  4990 E ChimeraSrvcProxy: Proxy without impl failing onBind()
09-08 02:11:59.782   538  1028 D ConnectivityService: NetReassign [no changes] [c 0] [a 0] [i 1]
09-08 02:11:59.814   538  1740 I DefaultPermGrantPolicy: Revoking permissions from disabled data services for user:0
09-08 02:12:00.030   538   654 I DefaultPermGrantPolicy: Granting permissions to enabled data services for user:0
09-08 02:12:00.124   394   696 W ServiceManagerCppClient: Permission failure: android.permission.ROTATE_SURFACE_FLINGER from uid=10192 pid=0
09-08 02:12:00.124   394   696 D PermissionCache: checking android.permission.ROTATE_SURFACE_FLINGER for uid=10192 => denied (72728 us)
09-08 02:12:00.126   394   452 W ServiceManagerCppClient: Permission failure: android.permission.ROTATE_SURFACE_FLINGER from uid=10192 pid=5020
09-08 02:12:00.127   394   452 D PermissionCache: checking android.permission.ROTATE_SURFACE_FLINGER for uid=10192 => denied (74225 us)
09-08 02:12:00.132   394   696 W ServiceManagerCppClient: Permission failure: android.permission.INTERNAL_SYSTEM_WINDOW from uid=10192 pid=0
09-08 02:12:00.133   394   696 D PermissionCache: checking android.permission.INTERNAL_SYSTEM_WINDOW for uid=10192 => denied (7866 us)
09-08 02:12:00.135   394   452 W ServiceManagerCppClient: Permission failure: android.permission.INTERNAL_SYSTEM_WINDOW from uid=10192 pid=5020
09-08 02:12:00.135   394   452 D PermissionCache: checking android.permission.INTERNAL_SYSTEM_WINDOW for uid=10192 => denied (7940 us)
09-08 02:12:00.138   394   696 W ServiceManagerCppClient: Permission failure: android.permission.ACCESS_SURFACE_FLINGER from uid=10192 pid=0
09-08 02:12:00.138   394   696 D PermissionCache: checking android.permission.ACCESS_SURFACE_FLINGER for uid=10192 => denied (4798 us)
09-08 02:12:00.140   394   452 W ServiceManagerCppClient: Permission failure: android.permission.ACCESS_SURFACE_FLINGER from uid=10192 pid=5020
09-08 02:12:00.141   394   452 D PermissionCache: checking android.permission.ACCESS_SURFACE_FLINGER for uid=10192 => denied (4750 us)
09-08 02:12:00.424  4990  5055 W bwft    : Succeeded but not registered: com.google.android.gms.droidguard [CONTEXT service_id=51 ]
09-08 02:12:00.492  4990  4990 I ChimeraSrvcProxy: com.google.android.location.fused.FusedLocationService returning NullBinder for action com.android.location.service.FusedLocationProvider
09-08 02:12:00.542  4990  5055 W bwft    : Succeeded but not registered: com.google.android.gms.threadnetwork#com.google.android.gms [CONTEXT service_id=51 ]
09-08 02:12:00.547  4990  5055 W bwft    : Succeeded but not registered: com.google.android.gms.enterprise [CONTEXT service_id=51 ]
09-08 02:12:00.606  4990  5055 W bwft    : Succeeded but not registered: com.google.android.client_error_logging [CONTEXT service_id=51 ]
09-08 02:12:00.651  4990  4990 E ChimeraSrvcProxy: Proxy without impl failing onBind()
09-08 02:12:00.654  4990  4990 I ChimeraSrvcProxy: com.google.android.gms.location.geocode.GeocodeService returning NullBinder for action com.android.location.service.GeocodeProvider
09-08 02:12:00.675  4990  5055 W bwft    : Succeeded but not registered: com.google.android.gms.auth_managed [CONTEXT service_id=51 ]
09-08 02:12:00.703  5020  5173 W OpenGLRenderer: Failed to choose config with EGL_SWAP_BEHAVIOR_PRESERVED, retrying without...
09-08 02:12:00.712  4990  4990 E ChimeraSrvcProxy: Proxy without impl failing onBind()
09-08 02:12:00.715  4990  4990 I ChimeraSrvcProxy: com.google.android.location.internal.server.HardwareArProviderService returning NullBinder for action com.android.location.service.ActivityRecognitionProvider
09-08 02:12:00.718  2893  3013 W WellbeingSettingsProvid: <DWB> Call failed: get_actions
09-08 02:12:00.718  2893  3013 W WellbeingSettingsProvid: java.util.concurrent.TimeoutException: Waited 5000 milliseconds (plus 87 milliseconds, 809000 nanoseconds delay) for lki@2d16812[status=PENDING, info=[inputFuture=[lkh@cafbe3[status=PENDING, setFuture=[ljp@3be99e0[status=PENDING, info=[inputFuture=[lki@e49f499[status=PENDING, info=[inputFuture=[lki@559f35e[status=PENDING, info=[inputFuture=[lld@827733f[status=PENDING, info=[futures=[lki@fa3740c[status=PENDING, info=[inputFuture=[lki@33c4155[status=PENDING, info=[inputFuture=[lmb@94de76a[status=PENDING, info=[delegate=[lng@8aa045b[status=PENDING, info=[task=[running=[NOT STARTED YET], propagating=[bwh@719c4f8]]]]]]]], function=[propagating=[bvr@fcc9dd1]]]]], function=[propagating=[cur@2db1036]]]]]]]], function=[propagating=[dce@4945d3a]]]]], function=[propagating=[bvq@5fa8b37]]]]], exceptionType=[class java.lang.Throwable], fallback=[propagating=[bwc@77f3748]]]]]]], function=[propagating=[bvq@5a238a4]]]]
09-08 02:12:00.718  2893  3013 W WellbeingSettingsProvid: 	at lkf.get(PG:47)
09-08 02:12:00.718  2893  3013 W WellbeingSettingsProvid: 	at llt.get(PG:2)
09-08 02:12:00.718  2893  3013 W WellbeingSettingsProvid: 	at com.google.android.apps.wellbeing.api.impl.WellbeingSettingsProvider.i(PG:1)
09-08 02:12:00.718  2893  3013 W WellbeingSettingsProvid: 	at com.google.android.apps.wellbeing.api.impl.WellbeingSettingsProvider.call(PG:13)
09-08 02:12:00.718  2893  3013 W WellbeingSettingsProvid: 	at android.content.ContentProvider.call(ContentProvider.java:2679)
09-08 02:12:00.718  2893  3013 W WellbeingSettingsProvid: 	at android.content.ContentProvider$Transport.call(ContentProvider.java:628)
09-08 02:12:00.718  2893  3013 W WellbeingSettingsProvid: 	at android.content.ContentProviderNative.onTransact(ContentProviderNative.java:307)
09-08 02:12:00.718  2893  3013 W WellbeingSettingsProvid: 	at android.os.Binder.execTransactInternal(Binder.java:1339)
09-08 02:12:00.718  2893  3013 W WellbeingSettingsProvid: 	at android.os.Binder.execTransact(Binder.java:1275)
09-08 02:12:00.720  4990  5055 W bwft    : Succeeded but not registered: com.google.android.gms.audit [CONTEXT service_id=51 ]
09-08 02:12:00.723  4990  5055 W bwft    : Succeeded but not registered: com.google.android.gms.appinvite [CONTEXT service_id=51 ]
09-08 02:12:00.725  4990  5055 W bwft    : Succeeded but not registered: com.google.android.gms.cast [CONTEXT service_id=51 ]
09-08 02:12:00.727  4990  5055 W bwft    : Succeeded but not registered: com.google.android.gms.locationsharing [CONTEXT service_id=51 ]
09-08 02:12:00.729  4990  5055 W bwft    : Succeeded but not registered: com.google.android.gms.statementservice [CONTEXT service_id=51 ]
09-08 02:12:00.731  4990  5055 W bwft    : Succeeded but not registered: com.google.android.gms.wallet [CONTEXT service_id=51 ]
09-08 02:12:00.733  4990  5055 W bwft    : Succeeded but not registered: com.google.android.gms.auth.proximity [CONTEXT service_id=51 ]
09-08 02:12:00.735  4990  5055 W bwft    : Succeeded but not registered: com.google.android.gms.car [CONTEXT service_id=51 ]
09-08 02:12:00.737  4990  5055 W bwft    : Succeeded but not registered: com.google.android.gms.matchstick [CONTEXT service_id=51 ]
09-08 02:12:00.739  4990  5055 W bwft    : Succeeded but not registered: com.google.android.gms.kidsdownload#com.google.android.gms [CONTEXT service_id=51 ]
09-08 02:12:00.753  5020  5173 W OpenGLRenderer: Failed to initialize 101010-2 format, error = EGL_SUCCESS
09-08 02:12:00.805   538   538 W system_server: Long monitor contention with owner PowerManagerService (594) at void com.android.server.power.PowerManagerService.handleSandman(int)(PowerManagerService.java:3446) waiters=0 in void com.android.server.power.PowerManagerService.releaseWakeLockInternal(android.os.IBinder, int) for 385ms
09-08 02:12:00.832   538   663 W system_server: Long monitor contention with owner PowerManagerService (594) at void com.android.server.power.PowerManagerService.handleSandman(int)(PowerManagerService.java:3446) waiters=1 in void com.android.server.power.PowerManagerService.releaseWakeLockInternal(android.os.IBinder, int) for 438ms
09-08 02:12:00.971   538  1753 I DefaultPermGrantPolicy: Revoking permissions from disabled data services for user:0
09-08 02:12:01.093  4990  5055 W bwft    : Succeeded but not registered: com.google.android.gms.games [CONTEXT service_id=51 ]
09-08 02:12:01.098  4990  5055 W bwft    : Succeeded but not registered: com.google.android.gms.admob [CONTEXT service_id=51 ]
09-08 02:12:01.100  4990  5055 W bwft    : Succeeded but not registered: com.google.android.gms.permissions [CONTEXT service_id=51 ]
09-08 02:12:01.198  4990  5055 W bwft    : Succeeded but not registered: com.google.android.gms.panorama [CONTEXT service_id=51 ]
09-08 02:12:01.225  1103  1109 I ndroid.systemui: Background young concurrent copying GC freed 659557(30MB) AllocSpace objects, 0(0B) LOS objects, 12% free, 32MB/37MB, paused 553.886ms,500us total 5.887s
09-08 02:12:01.237   127   127 I hwservicemanager: getTransport: Cannot find entry android.hardware.graphics.mapper@4.0::IMapper/default in either framework or device VINTF manifest.
09-08 02:12:01.258  5020  5173 I Gralloc4: mapper 4.x is not supported
09-08 02:12:01.298  4990  5055 W bwft    : Succeeded but not registered: com.google.android.gms.instantapps [CONTEXT service_id=51 ]
09-08 02:12:01.305  4990  5055 W bwft    : Succeeded but not registered: com.google.android.gms.feedback [CONTEXT service_id=51 ]
09-08 02:12:01.308  4990  5055 W bwft    : Succeeded but not registered: com.google.android.gms.credential_manager [CONTEXT service_id=51 ]
09-08 02:12:01.503  1278  1278 D CdmaServiceCategoryProgramHandler: Idle: release wakelock
09-08 02:12:01.533  4990  5055 W bwft    : Succeeded but not registered: com.google.android.gms.auth_api_phone [CONTEXT service_id=51 ]
09-08 02:12:01.539  4990  5055 W bwft    : Succeeded but not registered: com.google.android.gms.enpromo [CONTEXT service_id=51 ]
09-08 02:12:01.580  1278  1278 D CellBroadcastHandler: Idle: release wakelock
09-08 02:12:01.587  1278  1278 D GsmCellBroadcastHandler: Idle: release wakelock
09-08 02:12:01.618  4990  4990 E ChimeraSrvcProxy: Proxy without impl failing onBind()
09-08 02:12:01.671   538   654 W system_server: Long monitor contention with owner android.fg (563) at int com.android.server.am.ActivityManagerService.bindServiceInstance(android.app.IApplicationThread, android.os.IBinder, android.content.Intent, java.lang.String, android.app.IServiceConnection, long, java.lang.String, boolean, int, java.lang.String, android.app.IApplicationThread, java.lang.String, int)(ActivityManagerService.java:13404) waiters=0 in android.content.Intent com.android.server.am.ActivityManagerService.registerReceiverWithFeature(android.app.IApplicationThread, java.lang.String, java.lang.String, java.lang.String, android.content.IIntentReceiver, android.content.IntentFilter, java.lang.String, int, int) for 281ms
09-08 02:12:01.706  5020  5173 E OpenGLRenderer: Unable to match the desired swap behavior.
09-08 02:12:01.945   538   654 D ConnectivityService: requestNetwork for uid/pid:1001/5199 activeRequest: null callbackRequest: 65 [NetworkRequest [ REQUEST id=66, [ Capabilities: INTERNET&NOT_RESTRICTED&TRUSTED&NOT_VCN_MANAGED Uid: 1001 RequestorUid: 1001 RequestorPkg: com.android.phone UnderlyingNetworks: Null] ]] callback flags: 0 order: 2147483647
09-08 02:12:01.954   538  1028 D ConnectivityService: NetReassign [66 : null → 100] [c 0] [a 0] [i 1]
09-08 02:12:01.957   538  1019 D WifiNetworkFactory: got request NetworkRequest [ REQUEST id=66, [ Capabilities: INTERNET&NOT_RESTRICTED&TRUSTED&NOT_VCN_MANAGED Uid: 1001 RequestorUid: 1001 RequestorPkg: com.android.phone UnderlyingNetworks: Null] ]
09-08 02:12:01.959   538  1019 D UntrustedWifiNetworkFactory: got request NetworkRequest [ REQUEST id=66, [ Capabilities: INTERNET&NOT_RESTRICTED&TRUSTED&NOT_VCN_MANAGED Uid: 1001 RequestorUid: 1001 RequestorPkg: com.android.phone UnderlyingNetworks: Null] ]
09-08 02:12:01.960   538  1019 D OemPaidWifiNetworkFactory: got request NetworkRequest [ REQUEST id=66, [ Capabilities: INTERNET&NOT_RESTRICTED&TRUSTED&NOT_VCN_MANAGED Uid: 1001 RequestorUid: 1001 RequestorPkg: com.android.phone UnderlyingNetworks: Null] ]
09-08 02:12:01.961   538  1019 D MultiInternetWifiNetworkFactory: got request NetworkRequest [ REQUEST id=66, [ Capabilities: INTERNET&NOT_RESTRICTED&TRUSTED&NOT_VCN_MANAGED Uid: 1001 RequestorUid: 1001 RequestorPkg: com.android.phone UnderlyingNetworks: Null] ]
09-08 02:12:02.059  4990  5055 W bwft    : Succeeded but not registered: com.google.android.libraries.surveys#com.google.android.gms [CONTEXT service_id=51 ]
09-08 02:12:02.066  4990  4990 I ChimeraSrvcProxy: com.google.android.location.internal.GoogleLocationManagerService returning NullBinder for action com.android.location.service.GeofenceProvider
09-08 02:12:02.097  4990  5055 W bwft    : Succeeded but not registered: com.google.android.gms.family [CONTEXT service_id=51 ]
09-08 02:12:02.100  4990  5055 W bwft    : Succeeded but not registered: com.google.android.gms.potokens [CONTEXT service_id=51 ]
09-08 02:12:02.102  4990  5055 W bwft    : Succeeded but not registered: com.google.android.gms.gmscompliance [CONTEXT service_id=51 ]
09-08 02:12:02.104  4990  5055 W bwft    : Succeeded but not registered: com.google.android.gms.recaptcha [CONTEXT service_id=51 ]
09-08 02:12:02.123  5020  5287 E SurfaceSyncGroup: Failed to receive transaction ready in 1000ms. Marking SurfaceSyncGroup(wmsSync-VRI[MainActivity]#0) as ready
09-08 02:12:02.132   538   654 W ServiceManagerCppClient: Permission failure: android.permission.ROTATE_SURFACE_FLINGER from uid=10192 pid=0
09-08 02:12:02.137   538   654 D PermissionCache: checking android.permission.ROTATE_SURFACE_FLINGER for uid=10192 => denied (5386 us)
09-08 02:12:02.138   538   654 W ServiceManagerCppClient: Permission failure: android.permission.INTERNAL_SYSTEM_WINDOW from uid=10192 pid=0
09-08 02:12:02.139   538   654 D PermissionCache: checking android.permission.INTERNAL_SYSTEM_WINDOW for uid=10192 => denied (1067 us)
09-08 02:12:02.141   538   654 W ServiceManagerCppClient: Permission failure: android.permission.ACCESS_SURFACE_FLINGER from uid=10192 pid=0
09-08 02:12:02.192  4990  4990 E ChimeraSrvcProxy: Proxy without impl failing onBind()
09-08 02:12:02.193  4990  4990 I ChimeraSrvcProxy: com.google.android.gms.geotimezone.GeoTimeZoneService returning NullBinder for action android.service.timezone.PrimaryLocationTimeZoneProviderService
09-08 02:12:02.223  5020  5287 E SurfaceSyncGroup: Failed to receive transaction ready in 1000ms. Marking SurfaceSyncGroup(VRI[MainActivity]#1) as ready
09-08 02:12:02.252  5238  5238 W gle.android.gms: Long monitor contention with owner highpool[0] (5277) at dgzn dgzn.q(char)(:com.google.android.gms@231818047@23.18.18 (190800-535401451):0) waiters=0 in dgzn dgzn.q(char) for 1.723s
09-08 02:12:02.270   538   654 D PermissionCache: checking android.permission.ACCESS_SURFACE_FLINGER for uid=10192 => denied (129635 us)
09-08 02:12:02.286  5238  5238 D BoundBrokerSvc: onBind: Intent { act=com.google.android.mobstore.service.START pkg=com.google.android.gms }
09-08 02:12:02.290  5238  5238 D BoundBrokerSvc: Loading bound service for intent: Intent { act=com.google.android.mobstore.service.START pkg=com.google.android.gms }
09-08 02:12:02.419  4990  5055 W bwft    : Succeeded but not registered: com.google.android.gms.chromesync [CONTEXT service_id=51 ]
09-08 02:12:02.423  4990  5055 W bwft    : Succeeded but not registered: com.google.android.gms.measurement [CONTEXT service_id=51 ]
09-08 02:12:02.426  4990  5055 W bwft    : Succeeded but not registered: com.google.android.gms.kidssettings#com.google.android.gms [CONTEXT service_id=51 ]
09-08 02:12:02.428  4990  5055 W bwft    : Succeeded but not registered: com.google.android.gms.backup [CONTEXT service_id=51 ]
09-08 02:12:02.615  4990  5055 W bwft    : Succeeded but not registered: com.google.android.gms.checkin [CONTEXT service_id=51 ]
09-08 02:12:02.621  4990  5055 W bwft    : Succeeded but not registered: com.google.android.gms.contextmanager [CONTEXT service_id=51 ]
09-08 02:12:02.623  4990  5055 W bwft    : Succeeded but not registered: com.google.android.gms.trustagent [CONTEXT service_id=51 ]
09-08 02:12:02.625  4990  5055 W bwft    : Succeeded but not registered: com.google.android.gms.herrevad [CONTEXT service_id=51 ]
09-08 02:12:02.627  4990  5055 W bwft    : Succeeded but not registered: com.google.android.gms.chimera_debug [CONTEXT service_id=51 ]
09-08 02:12:02.630  4990  5055 W bwft    : Succeeded but not registered: com.google.android.gms.pay [CONTEXT service_id=51 ]
09-08 02:12:02.633  4990  5055 W bwft    : Succeeded but not registered: com.google.android.metrics [CONTEXT service_id=51 ]
09-08 02:12:02.677  4990  5055 W bwft    : Succeeded but not registered: com.google.android.gms.thunderbird [CONTEXT service_id=51 ]
09-08 02:12:02.681  4990  5055 W bwft    : Succeeded but not registered: com.google.android.gms.auth_api_proxy [CONTEXT service_id=51 ]
09-08 02:12:02.683  4990  5055 W bwft    : Succeeded but not registered: com.google.android.gms.common.download [CONTEXT service_id=51 ]
09-08 02:12:02.686  4990  5055 W bwft    : Succeeded but not registered: com.google.android.gms.icing.mdd [CONTEXT service_id=51 ]
09-08 02:12:02.690  4990  5055 W bwft    : Succeeded but not registered: com.google.android.location [CONTEXT service_id=51 ]
09-08 02:12:02.692  4990  5055 W bwft    : Succeeded but not registered: com.google.android.gms.telephonyspam [CONTEXT service_id=51 ]
09-08 02:12:03.154  4990  5055 W bwft    : Succeeded but not registered: com.google.android.gms.romanesco [CONTEXT service_id=51 ]
09-08 02:12:03.160  4990  4990 E ChimeraSrvcProxy: Proxy without impl failing onBind()
09-08 02:12:03.172  4990  5055 W bwft    : Succeeded but not registered: com.google.android.gms.smartdevice [CONTEXT service_id=51 ]
09-08 02:12:03.310   394   413 E IPCThreadState: binder thread pool (4 threads) starved for 121 ms
09-08 02:12:03.593  5020  5020 I Choreographer: Skipped 1195 frames!  The application may be doing too much work on its main thread.
09-08 02:12:03.712  1103  1175 W WindowOnBackDispatcher: sendCancelIfRunning: isInProgress=falsecallback=android.view.ViewRootImpl$$ExternalSyntheticLambda17@445095
09-08 02:12:03.902  5020  5126 W ustin.converter: Verification of androidx.compose.ui.test.SemanticsNodeInteractionCollection androidx.compose.ui.test.FindersKt.onAllNodesWithTag$default(androidx.compose.ui.test.SemanticsNodeInteractionsProvider, java.lang.String, boolean, int, java.lang.Object) took 108.419ms (92.23 bytecodes/s) (1592B approximate peak alloc)
09-08 02:12:04.003  4990  4990 I ChimeraSrvcProxy: com.google.android.location.network.NetworkLocationService returning NullBinder for action com.android.location.service.v3.NetworkLocationProvider
09-08 02:12:04.008  4990  5055 W bwft    : Succeeded but not registered: com.google.android.gms.constellation [CONTEXT service_id=51 ]
09-08 02:12:04.011  4990  5055 W bwft    : Succeeded but not registered: com.google.android.gms.notifications [CONTEXT service_id=51 ]
09-08 02:12:04.013  4990  5055 W bwft    : Succeeded but not registered: com.google.android.gms.mdisync [CONTEXT service_id=51 ]
09-08 02:12:04.016  4990  5055 W bwft    : Succeeded but not registered: com.google.android.gms.locationsharingreporter [CONTEXT service_id=51 ]
09-08 02:12:04.018  4990  5055 W bwft    : Succeeded but not registered: com.google.android.gms.ipa [CONTEXT service_id=51 ]
09-08 02:12:04.020  4990  5055 W bwft    : Succeeded but not registered: com.google.android.gms.accountsettings [CONTEXT service_id=51 ]
09-08 02:12:04.022  4990  5055 W bwft    : Succeeded but not registered: com.google.android.gms.places [CONTEXT service_id=51 ]
09-08 02:12:04.025  4990  5055 W bwft    : Succeeded but not registered: com.google.android.gms.security [CONTEXT service_id=51 ]
09-08 02:12:04.027  4990  5055 W bwft    : Succeeded but not registered: com.google.android.gms.ads [CONTEXT service_id=51 ]
09-08 02:12:04.029  4990  5055 W bwft    : Succeeded but not registered: com.google.android.gms.update [CONTEXT service_id=51 ]
09-08 02:12:04.047  1103  1109 I ndroid.systemui: WaitForGcToComplete blocked Background on None for 1.698s
09-08 02:12:04.212  5238  5277 I GmsModuleFndr: Beginning GMS chimera module scan
09-08 02:12:04.271   538   563 W system_server: Long monitor contention with owner binder:538_14 (1753) at void com.android.server.am.ActivityManagerService.publishService(android.os.IBinder, android.content.Intent, android.os.IBinder)(ActivityManagerService.java:13444) waiters=0 in boolean com.android.server.am.ActivityManagerService.unbindService(android.app.IServiceConnection) for 907ms
09-08 02:12:04.281   538  1740 W system_server: Long monitor contention with owner binder:538_14 (1753) at void com.android.server.am.ActivityManagerService.publishService(android.os.IBinder, android.content.Intent, android.os.IBinder)(ActivityManagerService.java:13444) waiters=1 in void com.android.server.am.ActivityManagerService.serviceDoneExecuting(android.os.IBinder, int, int, int) for 1.995s
09-08 02:12:04.296   538   555 W system_server: Long monitor contention with owner binder:538_14 (1753) at void com.android.server.am.ActivityManagerService.publishService(android.os.IBinder, android.content.Intent, android.os.IBinder)(ActivityManagerService.java:13444) waiters=2 in boolean com.android.server.am.ActivityManagerService.unbindService(android.app.IServiceConnection) for 1.402s
09-08 02:12:04.301   538  1013 W system_server: Long monitor contention with owner binder:538_5 (654) at void com.android.server.wm.Session.setOnBackInvokedCallbackInfo(android.view.IWindow, android.window.OnBackInvokedCallbackInfo)(Session.java:951) waiters=0 in void com.android.server.wm.WindowManagerService.removeWindow(com.android.server.wm.Session, android.view.IWindow) for 561ms
09-08 02:12:04.312   538  1013 W InputManager-JNI: Input channel object '7addf84 Splash Screen com.agustin.converter (client)' was disposed without first being removed with the input manager!
09-08 02:12:04.320   538  1748 W system_server: Long monitor contention with owner binder:538_5 (654) at void com.android.server.wm.Session.setOnBackInvokedCallbackInfo(android.view.IWindow, android.window.OnBackInvokedCallbackInfo)(Session.java:951) waiters=1 in void com.android.server.wm.ActivityClientController.activityIdle(android.os.IBinder, android.content.res.Configuration, boolean) for 562ms
09-08 02:12:04.329  1103  1175 I Choreographer: Skipped 80 frames!  The application may be doing too much work on its main thread.
09-08 02:12:04.525   538   567 W system_server: Long monitor contention with owner binder:538_5 (654) at void com.android.server.wm.Session.setOnBackInvokedCallbackInfo(android.view.IWindow, android.window.OnBackInvokedCallbackInfo)(Session.java:951) waiters=2 in void com.android.server.wm.SurfaceAnimator.lambda$getFinishedCallback$1(com.android.server.wm.SurfaceAnimator$OnAnimationFinishedCallback, int, com.android.server.wm.AnimationAdapter) for 735ms
09-08 02:12:04.528  4651  4724 E IPCThreadState: Binder transaction failure: 152465/29201/-28
09-08 02:12:04.532  4651  4724 E JavaBinder: !!! FAILED BINDER TRANSACTION !!!  (parcel size = 420)
09-08 02:12:04.534  4651  4724 W GmsClient: IGmsServiceBroker.getService failed
09-08 02:12:04.534  4651  4724 W GmsClient: android.os.DeadObjectException: Transaction failed on small parcel; remote process probably died, but this could also be caused by running out of binder buffer space
09-08 02:12:04.534  4651  4724 W GmsClient: 	at android.os.BinderProxy.transactNative(Native Method)
09-08 02:12:04.534  4651  4724 W GmsClient: 	at android.os.BinderProxy.transact(BinderProxy.java:584)
09-08 02:12:04.534  4651  4724 W GmsClient: 	at fsu.s(PG:14)
09-08 02:12:04.534  4651  4724 W GmsClient: 	at frm.run(PG:65)
09-08 02:12:04.534  4651  4724 W GmsClient: 	at android.os.Handler.handleCallback(Handler.java:958)
09-08 02:12:04.534  4651  4724 W GmsClient: 	at android.os.Handler.dispatchMessage(Handler.java:99)
09-08 02:12:04.534  4651  4724 W GmsClient: 	at android.os.Looper.loopOnce(Looper.java:205)
09-08 02:12:04.534  4651  4724 W GmsClient: 	at android.os.Looper.loop(Looper.java:294)
09-08 02:12:04.534  4651  4724 W GmsClient: 	at android.os.HandlerThread.run(HandlerThread.java:67)
09-08 02:12:05.153  5020  5020 W ustin.converter: Verification of int androidx.compose.ui.semantics.Role.hashCode() took 221.115ms (31.66 bytecodes/s) (1296B approximate peak alloc)
09-08 02:12:05.197  4990  5055 W bwft    : Succeeded but not registered: com.google.android.gms.gass [CONTEXT service_id=51 ]
09-08 02:12:05.202  4990  5055 W bwft    : Succeeded but not registered: com.google.android.gms.clearcut.public [CONTEXT service_id=51 ]
09-08 02:12:05.204  4990  5055 W bwft    : Succeeded but not registered: com.google.android.gms.fido [CONTEXT service_id=51 ]
09-08 02:12:05.431  5020  5174 I OpenGLRenderer: Davey! duration=1103ms; Flags=0, FrameTimelineVsyncId=12524, IntendedVsync=981143539848, Vsync=981443539818, InputEventId=0, HandleInputStart=981484301000, AnimationStart=981484446000, PerformTraversalsStart=981484664000, DrawStart=981485928000, FrameDeadline=981160206514, FrameInterval=981443584000, FrameStartTime=16666665, SyncQueued=981492344000, SyncStart=981497635000, IssueDrawCommandsStart=981498578000, SwapBuffers=982142199000, FrameCompleted=982252129000, DequeueBufferDuration=140000, QueueBufferDuration=62927000, GpuCompleted=982251505000, SwapBuffersCompleted=982252129000, DisplayPresentTime=0, CommandSubmissionCompleted=982142199000,
09-08 02:12:05.539  4990  5055 W bwft    : Succeeded but not registered: com.google.android.gms.fitness [CONTEXT service_id=51 ]
09-08 02:12:05.544  4990  5055 W bwft    : Succeeded but not registered: com.google.android.gms.wearable [CONTEXT service_id=51 ]
09-08 02:12:05.547  4990  5055 W bwft    : Succeeded but not registered: com.google.android.gms.octarine [CONTEXT service_id=51 ]
09-08 02:12:05.560  4595  4630 E IPCThreadState: Binder transaction failure: 152423/29201/-28
09-08 02:12:05.564  4595  4630 E JavaBinder: !!! FAILED BINDER TRANSACTION !!!  (parcel size = 1404)
09-08 02:12:05.565  4595  4630 W GmsClient: IGmsServiceBroker.getService failed
09-08 02:12:05.565  4595  4630 W GmsClient: android.os.DeadObjectException: Transaction failed on small parcel; remote process probably died, but this could also be caused by running out of binder buffer space
09-08 02:12:05.565  4595  4630 W GmsClient: 	at android.os.BinderProxy.transactNative(Native Method)
09-08 02:12:05.565  4595  4630 W GmsClient: 	at android.os.BinderProxy.transact(BinderProxy.java:584)
09-08 02:12:05.565  4595  4630 W GmsClient: 	at com.google.android.gms.common.internal.n.J(PG:15)
09-08 02:12:05.565  4595  4630 W GmsClient: 	at com.google.android.gms.common.api.internal.bm.run(PG:5)
09-08 02:12:05.565  4595  4630 W GmsClient: 	at android.os.Handler.handleCallback(Handler.java:958)
09-08 02:12:05.565  4595  4630 W GmsClient: 	at android.os.Handler.dispatchMessage(Handler.java:99)
09-08 02:12:05.565  4595  4630 W GmsClient: 	at android.os.Looper.loopOnce(Looper.java:205)
09-08 02:12:05.565  4595  4630 W GmsClient: 	at android.os.Looper.loop(Looper.java:294)
09-08 02:12:05.565  4595  4630 W GmsClient: 	at android.os.HandlerThread.run(HandlerThread.java:67)
09-08 02:12:05.596  5020  5020 D Compose Focus: Owner FocusChanged(true)
09-08 02:12:05.603  2893  3111 E IPCThreadState: Binder transaction failure: 152477/29201/-28
09-08 02:12:05.668  4990  5051 E ChimeraPrvdrProxy: Provider proxy missing implementation
09-08 02:12:05.699  1103  1109 I ndroid.systemui: Background young concurrent copying GC freed 526978(24MB) AllocSpace objects, 0(0B) LOS objects, 61% free, 14MB/37MB, paused 684.077ms,584us total 1.648s
09-08 02:12:05.739  4990  5055 W bwft    : Succeeded but not registered: com.google.android.gms.reminders [CONTEXT service_id=51 ]
09-08 02:12:05.830   538   538 W system_server: Long monitor contention with owner android.bg (574) at android.os.Message android.os.MessageQueue.next()(MessageQueue.java:364) waiters=0 in boolean android.os.MessageQueue.enqueueMessage(android.os.Message, long) for 1.430s
09-08 02:12:05.850  5020  5020 I ImeTracker: com.agustin.converter:5509cf1f: onRequestShow at ORIGIN_CLIENT_SHOW_SOFT_INPUT reason SHOW_SOFT_INPUT_BY_INSETS_API
09-08 02:12:05.854  5020  5020 D InsetsController: show(ime(), fromIme=false)
09-08 02:12:05.858  5020  5020 I ImeTracker: com.agustin.converter:5509cf1f: onFailed at PHASE_CLIENT_REQUEST_IME_SHOW
09-08 02:12:06.040  5182  5220 E IPCThreadState: Binder transaction failure: 152414/29201/-28
09-08 02:12:06.047  4990  5055 W bwft    : Succeeded but not registered: com.google.android.gms.googlehelp [CONTEXT service_id=51 ]
09-08 02:12:06.049  4990  5055 W bwft    : Succeeded but not registered: com.google.android.gms.tapandpay [CONTEXT service_id=51 ]
09-08 02:12:06.051  4990  5055 W bwft    : Succeeded but not registered: com.google.android.gms.presencemanager [CONTEXT service_id=51 ]
09-08 02:12:06.054  4990  5055 W bwft    : Succeeded but not registered: com.google.android.gms.growth [CONTEXT service_id=51 ]
09-08 02:12:06.056  4990  5055 W bwft    : Succeeded but not registered: com.google.android.gms.udc [CONTEXT service_id=51 ]
09-08 02:12:06.058  4990  5055 W bwft    : Succeeded but not registered: com.google.android.gms.mlbenchmark#com.google.android.gms [CONTEXT service_id=51 ]
09-08 02:12:06.060  4990  5055 W bwft    : Succeeded but not registered: com.google.android.gms.gcm [CONTEXT service_id=51 ]
09-08 02:12:06.062  4990  5055 W bwft    : Succeeded but not registered: com.google.android.gms.nearby [CONTEXT service_id=51 ]
09-08 02:12:06.065  4990  5055 W bwft    : Succeeded but not registered: com.google.android.gms.setupservices [CONTEXT service_id=51 ]
09-08 02:12:06.067  4990  5055 W bwft    : Succeeded but not registered: com.google.android.gms.autofill [CONTEXT service_id=51 ]
09-08 02:12:06.070  4990  5055 W bwft    : Succeeded but not registered: com.google.android.gms.auth_account [CONTEXT service_id=51 ]
09-08 02:12:06.073  4990  5055 W bwft    : Succeeded but not registered: com.google.android.gms.icing.mdh [CONTEXT service_id=51 ]
09-08 02:12:06.075  4990  5055 W bwft    : Succeeded but not registered: com.google.android.gms.auth.blockstore [CONTEXT service_id=51 ]
09-08 02:12:06.077  4990  5055 W bwft    : Succeeded but not registered: com.google.android.gms.analytics [CONTEXT service_id=51 ]
09-08 02:12:06.079  4990  5055 W bwft    : Succeeded but not registered: com.google.android.gms.usagereporting [CONTEXT service_id=51 ]
09-08 02:12:06.081  4990  5055 W bwft    : Succeeded but not registered: com.google.android.gms.ocr [CONTEXT service_id=51 ]
09-08 02:12:06.083  4990  5055 W bwft    : Succeeded but not registered: com.google.android.gms.appstate [CONTEXT service_id=51 ]
09-08 02:12:06.186  5182  5220 E JavaBinder: !!! FAILED BINDER TRANSACTION !!!  (parcel size = 888)
09-08 02:12:06.237  4990  5002 E ChimeraPrvdrProxy: Provider proxy missing implementation
09-08 02:12:06.264  4990  5055 W bwft    : Succeeded but not registered: com.google.android.gms.mobile_data_plan [CONTEXT service_id=51 ]
09-08 02:12:06.269  4990  5055 W bwft    : Succeeded but not registered: com.google.android.gms.platformconfigurator [CONTEXT service_id=51 ]
09-08 02:12:06.271  4990  5055 W bwft    : Succeeded but not registered: com.google.android.mainline.release [CONTEXT service_id=51 ]
09-08 02:12:06.274  4990  5055 W bwft    : Succeeded but not registered: com.google.android.gms.drive [CONTEXT service_id=51 ]
09-08 02:12:06.276  4990  5055 W bwft    : Succeeded but not registered: com.google.android.gms.auth_authzen [CONTEXT service_id=51 ]
09-08 02:12:06.278  4990  5055 W bwft    : Succeeded but not registered: com.google.android.gms.firebase.auth [CONTEXT service_id=51 ]
09-08 02:12:06.280  4990  5055 W bwft    : Succeeded but not registered: com.google.android.gms.adsidentity [CONTEXT service_id=51 ]
09-08 02:12:06.283  4990  5055 W bwft    : Succeeded but not registered: com.google.android.gms.ulr [CONTEXT service_id=51 ]
09-08 02:12:06.285  4990  5055 W bwft    : Succeeded but not registered: org.chromium.net.cronet [CONTEXT service_id=51 ]
09-08 02:12:06.287  4990  5055 W bwft    : Succeeded but not registered: com.google.android.gms.findmydevice [CONTEXT service_id=51 ]
09-08 02:12:06.289  4990  5055 W bwft    : Succeeded but not registered: com.google.android.gms.nnapi.drivermanager [CONTEXT service_id=51 ]
09-08 02:12:06.291  4990  5055 W bwft    : Succeeded but not registered: com.google.android.gms.signin [CONTEXT service_id=51 ]
09-08 02:12:06.334  1103  1103 I Choreographer: Skipped 180 frames!  The application may be doing too much work on its main thread.
09-08 02:12:06.562  5238  5238 D BoundBrokerSvc: onUnbind: Intent { act=com.google.android.mobstore.service.START pkg=com.google.android.gms }
09-08 02:12:06.702  4990  5055 W bwft    : Succeeded but not registered: com.google.android.gms.auth.api.credentials [CONTEXT service_id=51 ]
09-08 02:12:06.755  5182  5220 W GmsClient: IGmsServiceBroker.getService failed
09-08 02:12:06.755  5182  5220 W GmsClient: android.os.DeadObjectException: Transaction failed on small parcel; remote process probably died, but this could also be caused by running out of binder buffer space
09-08 02:12:06.755  5182  5220 W GmsClient: 	at android.os.BinderProxy.transactNative(Native Method)
09-08 02:12:06.755  5182  5220 W GmsClient: 	at android.os.BinderProxy.transact(BinderProxy.java:584)
09-08 02:12:06.755  5182  5220 W GmsClient: 	at nnv.s(PG:13)
09-08 02:12:06.755  5182  5220 W GmsClient: 	at mwn.run(PG:56)
09-08 02:12:06.755  5182  5220 W GmsClient: 	at android.os.Handler.handleCallback(Handler.java:958)
09-08 02:12:06.755  5182  5220 W GmsClient: 	at android.os.Handler.dispatchMessage(Handler.java:99)
09-08 02:12:06.755  5182  5220 W GmsClient: 	at ntu.b(Unknown Source:0)
09-08 02:12:06.755  5182  5220 W GmsClient: 	at ntu.dispatchMessage(Unknown Source:0)
09-08 02:12:06.755  5182  5220 W GmsClient: 	at android.os.Looper.loopOnce(Looper.java:205)
09-08 02:12:06.755  5182  5220 W GmsClient: 	at android.os.Looper.loop(Looper.java:294)
09-08 02:12:06.755  5182  5220 W GmsClient: 	at android.os.HandlerThread.run(HandlerThread.java:67)
09-08 02:12:06.836  4239  5210 D CompatibilityChangeReporter: Compat change id reported: 263076149; UID 10175; state: ENABLED
09-08 02:12:06.877  4990  5055 W bwft    : Succeeded but not registered: com.google.android.gms.learning#com.google.android.gms [CONTEXT service_id=51 ]
09-08 02:12:06.882  4990  5055 W bwft    : Succeeded but not registered: com.google.android.gms.dck [CONTEXT service_id=51 ]
09-08 02:12:06.887  4990  5051 I ChimeraSrvcProxy: NullBinder for com.google.android.gms.clearcut.service.START triggering remote TransactionTooLargeException due to Service without Chimera impl
09-08 02:12:06.887  4990  5051 W .gms.persistent: Large reply transaction of 1056768 bytes, interface descriptor , code 46
09-08 02:12:06.921  1103  1103 I Choreographer: Skipped 30 frames!  The application may be doing too much work on its main thread.
09-08 02:12:06.945  4990  5002 E ChimeraPrvdrProxy: Provider proxy missing implementation
09-08 02:12:07.067  4990  5002 I ChimeraSrvcProxy: NullBinder for com.google.android.gms.phenotype.service.START triggering remote TransactionTooLargeException due to Service without Chimera impl
09-08 02:12:07.073  4990  5002 W .gms.persistent: Large reply transaction of 1056768 bytes, interface descriptor , code 46
09-08 02:12:07.134  4990  5055 W bwft    : Succeeded but not registered: com.google.android.gms.appdoctor [CONTEXT service_id=51 ]
09-08 02:12:07.212  5182  5188 I .android.dialer: Background concurrent copying GC freed 61642(2826KB) AllocSpace objects, 0(0B) LOS objects, 49% free, 3572KB/7145KB, paused 329.356ms,339us total 793.702ms
09-08 02:12:07.255  4990  5055 W bwft    : Succeeded but not registered: com.google.android.gms.semanticlocation [CONTEXT service_id=51 ]
09-08 02:12:07.257  4990  5055 W bwft    : Succeeded but not registered: com.google.android.gms.auth_cryptauth [CONTEXT service_id=51 ]
09-08 02:12:07.260  4990  5055 W bwft    : Succeeded but not registered: com.google.android.gms [CONTEXT service_id=51 ]
09-08 02:12:07.327  4990  5055 W bwft    : Succeeded but not registered: com.google.android.gms.vision.sdk [CONTEXT service_id=51 ]
09-08 02:12:07.332  4990  5055 W bwft    : Succeeded but not registered: com.google.android.gms.languageprofile [CONTEXT service_id=51 ]
09-08 02:12:07.335  4990  5055 W bwft    : Succeeded but not registered: com.google.android.gms.auth_folsom [CONTEXT service_id=51 ]
09-08 02:12:07.337  4990  5055 W bwft    : Succeeded but not registered: com.google.android.gms.learning.platformservices.sharing [CONTEXT service_id=51 ]
09-08 02:12:07.339  4990  5055 W bwft    : Succeeded but not registered: com.google.android.gms.smart_profile [CONTEXT service_id=51 ]
09-08 02:12:07.565  5182  5182 I DialerDataSubscriptionChangeReceiver: com.android.dialer.voicemail.service.receivers.DataSubscriptionChangeReceiver.onReceive:82 Received ACTION_DEFAULT_DATA_SUBSCRIPTION_CHANGED
09-08 02:12:07.571  5182  5182 I DialerBroadcastReceiverStrategyImpl: com.android.dialer.broadcastreceiverstrategy.impl.BroadcastReceiverStrategyImpl.backgroundThenInlineThenForeground:76 try doing work using a background service
09-08 02:12:07.596  4990  5055 W bwft    : Succeeded but not registered: com.google.android.gms.icing [CONTEXT service_id=51 ]
09-08 02:12:07.703  4990  5055 E ChimeraPrvdrProxy: Provider proxy missing implementation
09-08 02:12:07.717  5020  5020 I Choreographer: Skipped 78 frames!  The application may be doing too much work on its main thread.
09-08 02:12:07.759  4990  4990 E ChimeraSrvcProxy: Proxy without impl failing onBind()
09-08 02:12:07.762  4990  4990 I ChimeraSrvcProxy: com.google.android.location.fused.FusedLocationService returning NullBinder for action com.android.location.service.FusedLocationProvider
09-08 02:12:07.765  4990  4990 D CompatibilityChangeReporter: Compat change id reported: 119147584; UID 10128; state: ENABLED
09-08 02:12:07.876  5020  5173 D EGL_emulation: app_time_stats: avg=1698.45ms min=768.35ms max=2471.27ms count=3
09-08 02:12:08.023  1103  1109 I ndroid.systemui: WaitForGcToComplete blocked HeapTrim on None for 181.139ms
09-08 02:12:08.153   538  5304 I system_server: libdebuggerd_client: started dumping process 5199
09-08 02:12:08.157   185   185 I tombstoned: registered intercept for pid 5199 and type kDebuggerdJavaBacktrace
09-08 02:12:08.158  5199  5201 I m.android.phone: Thread[2,tid=5201,WaitingInMainSignalCatcherLoop,Thread*=0x7549ddcac6f0,peer=0x12c80460,"Signal Catcher"]: reacting to signal 3
09-08 02:12:08.159  5199  5201 I m.android.phone:
09-08 02:12:08.263  4990  4997 I .gms.persistent: Compiler allocated 5032KB to compile void bwhy.C(java.util.Set, long, dmuh, dmui, java.util.List, java.util.LinkedHashMap, dzew, bwhx, boolean)
09-08 02:12:08.461  4990  4990 E ChimeraSrvcProxy: Proxy without impl failing onBind()
09-08 02:12:08.465  4990  4990 I ChimeraSrvcProxy: com.google.android.gms.location.geocode.GeocodeService returning NullBinder for action com.android.location.service.GeocodeProvider
09-08 02:12:08.496  5020  5126 W ustin.converter: Verification of java.lang.Object androidx.compose.ui.test.AndroidInputDispatcher.access$getBatchLock$p(androidx.compose.ui.test.AndroidInputDispatcher) took 129.500ms (23.17 bytecodes/s) (1280B approximate peak alloc)
09-08 02:12:08.580   185   185 I tombstoned: received crash request for pid 5199
09-08 02:12:08.580   185   185 I tombstoned: found intercept fd 512 for pid 5199 and type kDebuggerdJavaBacktrace
09-08 02:12:08.584   185   185 W tombstoned: skipping tombstone file creation due to intercept
09-08 02:12:08.605  5199  5201 I m.android.phone: Wrote stack traces to tombstoned
09-08 02:12:08.614   538   663 W system_server: Long monitor contention with owner android.fg (563) at int com.android.server.am.ActivityManagerService.bindServiceInstance(android.app.IApplicationThread, android.os.IBinder, android.content.Intent, java.lang.String, android.app.IServiceConnection, long, java.lang.String, boolean, int, java.lang.String, android.app.IApplicationThread, java.lang.String, int)(ActivityManagerService.java:13404) waiters=5 in int com.android.server.am.ActivityManagerService.broadcastIntentWithFeature(android.app.IApplicationThread, java.lang.String, android.content.Intent, java.lang.String, android.content.IIntentReceiver, int, java.lang.String, android.os.Bundle, java.lang.String[], java.lang.String[], java.lang.String[], int, android.os.Bundle, boolean, boolean, int) for 1.392s
09-08 02:12:08.640   538   654 W system_server: Long monitor contention with owner android.fg (563) at int com.android.server.am.ActivityManagerService.bindServiceInstance(android.app.IApplicationThread, android.os.IBinder, android.content.Intent, java.lang.String, android.app.IServiceConnection, long, java.lang.String, boolean, int, java.lang.String, android.app.IApplicationThread, java.lang.String, int)(ActivityManagerService.java:13404) waiters=6 in android.content.Intent com.android.server.am.ActivityManagerService.registerReceiverWithFeature(android.app.IApplicationThread, java.lang.String, java.lang.String, java.lang.String, android.content.IIntentReceiver, android.content.IntentFilter, java.lang.String, int, int) for 1.416s
09-08 02:12:08.796   538  5304 I system_server: libdebuggerd_client: done dumping process 5199
09-08 02:12:08.918  2893  3111 E JavaBinder: !!! FAILED BINDER TRANSACTION !!!  (parcel size = 412)
09-08 02:12:08.921  2893  3111 W GmsClient: IGmsServiceBroker.getService failed
09-08 02:12:08.921  2893  3111 W GmsClient: android.os.DeadObjectException: Transaction failed on small parcel; remote process probably died, but this could also be caused by running out of binder buffer space
09-08 02:12:08.921  2893  3111 W GmsClient: 	at android.os.BinderProxy.transactNative(Native Method)
09-08 02:12:08.921  2893  3111 W GmsClient: 	at android.os.BinderProxy.transact(BinderProxy.java:584)
09-08 02:12:08.921  2893  3111 W GmsClient: 	at hih.r(PG:14)
09-08 02:12:08.921  2893  3111 W GmsClient: 	at awn.run(PG:34)
09-08 02:12:08.921  2893  3111 W GmsClient: 	at android.os.Handler.handleCallback(Handler.java:958)
09-08 02:12:08.921  2893  3111 W GmsClient: 	at android.os.Handler.dispatchMessage(Handler.java:99)
09-08 02:12:08.921  2893  3111 W GmsClient: 	at android.os.Looper.loopOnce(Looper.java:205)
09-08 02:12:08.921  2893  3111 W GmsClient: 	at android.os.Looper.loop(Looper.java:294)
09-08 02:12:08.921  2893  3111 W GmsClient: 	at android.os.HandlerThread.run(HandlerThread.java:67)
09-08 02:12:08.983  5199  5199 D ImsExternalCallTracker: Registering: Handler (com.android.internal.telephony.imsphone.ImsPhone) {aef460}
09-08 02:12:09.020  5182  5228 I SnapshotHandler: Unable to retrieve flag snapshot for com.google.android.libraries.performance.primes#com.google.android.dialer, using defaults.
09-08 02:12:09.134   538   577 I libprocessgroup: Successfully killed process cgroup uid 1001 pid 5199 in 57ms
09-08 02:12:09.151   329   329 I Zygote  : Process 5199 exited due to signal 9 (Killed)
09-08 02:12:09.195   538  1028 D ConnectivityService: releasing NetworkRequest [ REQUEST id=66, [ Capabilities: INTERNET&NOT_RESTRICTED&TRUSTED&NOT_VCN_MANAGED Uid: 1001 RequestorUid: 1001 RequestorPkg: com.android.phone UnderlyingNetworks: Null] ] (release request)
09-08 02:12:09.216  4990  4990 E ChimeraSrvcProxy: Proxy without impl failing onBind()
09-08 02:12:09.220  4990  4990 I ChimeraSrvcProxy: com.google.android.location.internal.server.HardwareArProviderService returning NullBinder for action com.android.location.service.ActivityRecognitionProvider
09-08 02:12:09.371  5020  5173 D EGL_emulation: app_time_stats: avg=656.63ms min=174.66ms max=1138.60ms count=2
09-08 02:12:09.595   538   654 W system_server: Long monitor contention with owner binder:538_14 (1753) at int com.android.server.am.ActivityManagerService.bindServiceInstance(android.app.IApplicationThread, android.os.IBinder, android.content.Intent, java.lang.String, android.app.IServiceConnection, long, java.lang.String, boolean, int, java.lang.String, android.app.IApplicationThread, java.lang.String, int)(ActivityManagerService.java:13404) waiters=2 in void com.android.server.am.ActivityManagerService$AppDeathRecipient.binderDied() for 409ms
09-08 02:12:09.603  1278  1278 D GsmCellBroadcastHandler: cleanup
09-08 02:12:09.850   538   577 I libprocessgroup: Successfully killed process cgroup uid 1001 pid 5199 in 0ms
09-08 02:12:09.870  1103  1182 D EGL_emulation: app_time_stats: avg=16926.82ms min=16926.82ms max=16926.82ms count=1
