09-08 02:12:21.675   538   556 W system_server: Long monitor contention with owner binder:538_1A (2250) at void com.android.server.wm.Session.setOnBackInvokedCallbackInfo(android.view.IWindow, android.window.OnBackInvokedCallbackInfo)(Session.java:951) waiters=0 in void com.android.server.wm.WindowManagerService.removeWindow(com.android.server.wm.Session, android.view.IWindow) for 269ms
09-08 02:12:21.683   538   556 W InputManager-JNI: Input channel object 'cc64f70 Splash Screen com.agustin.converter.test (client)' was disposed without first being removed with the input manager!
09-08 02:12:21.692   538   567 W system_server: Long monitor contention with owner binder:538_1A (2250) at void com.android.server.wm.Session.setOnBackInvokedCallbackInfo(android.view.IWindow, android.window.OnBackInvokedCallbackInfo)(Session.java:951) waiters=1 in void com.android.server.wm.SurfaceAnimator.lambda$getFinishedCallback$1(com.android.server.wm.SurfaceAnimator$OnAnimationFinishedCallback, int, com.android.server.wm.AnimationAdapter) for 281ms
09-08 02:12:21.856  5182  5220 W .android.dialer: Long monitor contention with owner main (5182) at boolean njd.handleMessage(android.os.Message)(PG:20) waiters=0 in boolean noe.b(nod, android.content.ServiceConnection, java.lang.String) for 1.523s
09-08 02:12:22.017   538   566 W system_server: Long monitor contention with owner binder:538_4 (653) at boolean com.android.server.am.ActivityManagerService.unbindService(android.app.IServiceConnection)(ActivityManagerService.java:13426) waiters=1 in void com.android.server.am.ActivityManagerService.trimApplications(boolean, int) for 703ms
09-08 02:12:22.215  1103  1103 I Choreographer: Skipped 50 frames!  The application may be doing too much work on its main thread.
09-08 02:12:22.273   538   575 W system_server: Long monitor contention with owner bgres-controller (583) at android.os.Message android.os.MessageQueue.next()(MessageQueue.java:364) waiters=0 in boolean android.os.MessageQueue.enqueueMessage(android.os.Message, long) for 3.448s
09-08 02:12:22.359  4990  5016 W .gms.persistent: Large reply transaction of 1056768 bytes, interface descriptor , code 46
09-08 02:12:22.603  1390  2148 E OpenGLRenderer: Unable to match the desired swap behavior.
09-08 02:12:22.776  4595  4695 E OpenGLRenderer: Unable to match the desired swap behavior.
09-08 02:12:22.813   394   394 I BpBinder: onLastStrongRef automatically unlinking death recipients:
09-08 02:12:23.004   538  5369 I system_server: libdebuggerd_client: started dumping process 5238
09-08 02:12:23.010  4990  4990 E ChimeraSrvcProxy: Proxy without impl failing onBind()
09-08 02:12:23.013  4990  4990 I ChimeraSrvcProxy: com.google.android.location.reporting.service.ReportingAndroidService returning NullBinder for action com.google.android.gms.location.reporting.service.START
09-08 02:12:23.044  4990  5097 I ChimeraSrvcProxy: NullBinder for com.google.android.gms.clearcut.service.START triggering remote TransactionTooLargeException due to Service without Chimera impl
09-08 02:12:23.048  4990  5097 W .gms.persistent: Large reply transaction of 1056768 bytes, interface descriptor , code 46
09-08 02:12:23.070   185   185 I tombstoned: registered intercept for pid 5238 and type kDebuggerdJavaBacktrace
09-08 02:12:23.074  5238  5242 I gle.android.gms: Thread[2,tid=5242,WaitingInMainSignalCatcherLoop,Thread*=0x7549ddcac6f0,peer=0x12c80460,"Signal Catcher"]: reacting to signal 3
09-08 02:12:23.075  5238  5242 I gle.android.gms:
09-08 02:12:23.108   538   566 W system_server: Long monitor contention with owner binder:538_13 (1748) at void com.android.server.am.BatteryStatsService.noteEvent(int, java.lang.String, int)(BatteryStatsService.java:980) waiters=0 in void com.android.server.am.BatteryStatsService.updateBatteryStatsOnActivityUsage(java.lang.String, java.lang.String, int, int, boolean) for 516ms
09-08 02:12:23.455  1390  1390 I Choreographer: Skipped 51 frames!  The application may be doing too much work on its main thread.
09-08 02:12:23.816  4595  4715 E SurfaceSyncGroup: Failed to receive transaction ready in 1000ms. Marking SurfaceSyncGroup(wmsSync-VRI[NexusLauncherActivity]#2) as ready
09-08 02:12:23.922   538  2894 W system_server: Long monitor contention with owner android.anim (567) at android.content.res.Configuration com.android.server.wm.ActivityTaskManagerService.getGlobalConfigurationForPid(int)(ActivityTaskManagerService.java:1133) waiters=0 in void com.android.server.wm.ActivityClientController.activityIdle(android.os.IBinder, android.content.res.Configuration, boolean) for 439ms
09-08 02:12:25.685  1103  1103 I Choreographer: Skipped 32 frames!  The application may be doing too much work on its main thread.
09-08 02:12:25.987   538  1812 W AppSearchIcing: icing-search-engine.cc:283: Error: 5, Message: Document (com.google.android.googlequicksearchbox$OneSearchZeroStateGoogleSuggestions/default, zp) not found.
09-08 02:12:25.988   538   652 D WifiNl80211Manager: Scan result ready event
09-08 02:12:25.989   538   652 D WifiNative: Scan result ready event
09-08 02:12:25.995  5020  5020 W ustin.converter: Verification of androidx.compose.ui.focus.FocusTargetNode androidx.compose.ui.focus.FocusTraversalKt.getActiveChild(androidx.compose.ui.focus.FocusTargetNode) took 819.602ms (549.05 bytecodes/s) (11552B approximate peak alloc)
09-08 02:12:26.020  1390  2649 D OneSearchSuggestProvider: Created the binder channel successfully for end point service =com.google.android.apps.search.googleapp.search.suggest.plugins.onesearch.server.OneSearchSuggestService , mChannel=z1{delegate=s1{logId=10, target=directaddress:///AndroidComponentAddress%5BIntent%20%7B%20act=grpc.io.action.BIND%20cmp=com.google.android.googlequicksearchbox/com.google.android.apps.search.googleapp.search.suggest.plugins.onesearch.server.OneSearchSuggestService%20%7D%5D}} , mOneSearchConnection=X1.T@15d86fc
09-08 02:12:26.570   538  1025 W system_server: Long monitor contention with owner binder:538_13 (1748) at void com.android.server.am.OomAdjuster.performUpdateOomAdjPendingTargetsLocked(int)(OomAdjuster.java:920) waiters=0 in boolean com.android.server.am.ActivityManagerService.isAppStartModeDisabled(int, java.lang.String) for 626ms
09-08 02:12:26.652   538   563 W system_server: Long monitor contention with owner binder:538_13 (1748) at int com.android.server.am.ActivityManagerService.bindServiceInstance(android.app.IApplicationThread, android.os.IBinder, android.content.Intent, java.lang.String, android.app.IServiceConnection, long, java.lang.String, boolean, int, java.lang.String, android.app.IApplicationThread, java.lang.String, int)(ActivityManagerService.java:13404) waiters=1 in int com.android.server.am.ActivityManagerService.bindServiceInstance(android.app.IApplicationThread, android.os.IBinder, android.content.Intent, java.lang.String, android.app.IServiceConnection, long, java.lang.String, boolean, int, java.lang.String, android.app.IApplicationThread, java.lang.String, int) for 3.862s
09-08 02:12:26.727  1390  2148 D EGL_emulation: app_time_stats: avg=920.34ms min=353.42ms max=1994.76ms count=3
09-08 02:12:26.896  4595  4595 E A       : Error getting TikTok accounts list.
09-08 02:12:26.896  4595  4595 E A       : android.os.RemoteException: Null result from AccountChimeraContentProvider
09-08 02:12:26.896  4595  4595 E A       : 	at com.google.android.gms.auth.f.c(PG:9)
09-08 02:12:26.896  4595  4595 E A       : 	at com.google.apps.tiktok.account.data.a.m.a(PG:1)
09-08 02:12:26.896  4595  4595 E A       : 	at com.google.apps.tiktok.tracing.em.a(PG:2)
09-08 02:12:26.896  4595  4595 E A       : 	at com.google.common.util.concurrent.dx.a(PG:1)
09-08 02:12:26.896  4595  4595 E A       : 	at com.google.common.util.concurrent.cv.run(PG:4)
09-08 02:12:26.896  4595  4595 E A       : 	at com.google.common.util.concurrent.dz.run(PG:1)
09-08 02:12:26.896  4595  4595 E A       : 	at com.google.android.libraries.i.ae.run(PG:1)
09-08 02:12:26.896  4595  4595 E A       : 	at java.util.concurrent.ThreadPoolExecutor.runWorker(ThreadPoolExecutor.java:1145)
09-08 02:12:26.896  4595  4595 E A       : 	at java.util.concurrent.ThreadPoolExecutor$Worker.run(ThreadPoolExecutor.java:644)
09-08 02:12:26.896  4595  4595 E A       : 	at com.google.android.libraries.i.i.run(PG:2)
09-08 02:12:26.896  4595  4595 E A       : 	at com.google.android.libraries.i.p.run(PG:4)
09-08 02:12:26.896  4595  4595 E A       : 	at java.lang.Thread.run(Thread.java:1012)
09-08 02:12:26.905  4595  4595 E A       : Error getting TikTok accounts list.
09-08 02:12:26.905  4595  4595 E A       : android.os.RemoteException: Null result from AccountChimeraContentProvider
09-08 02:12:26.905  4595  4595 E A       : 	at com.google.android.gms.auth.f.c(PG:9)
09-08 02:12:26.905  4595  4595 E A       : 	at com.google.apps.tiktok.account.data.a.m.a(PG:1)
09-08 02:12:26.905  4595  4595 E A       : 	at com.google.apps.tiktok.tracing.em.a(PG:2)
09-08 02:12:26.905  4595  4595 E A       : 	at com.google.common.util.concurrent.dx.a(PG:1)
09-08 02:12:26.905  4595  4595 E A       : 	at com.google.common.util.concurrent.cv.run(PG:4)
09-08 02:12:26.905  4595  4595 E A       : 	at com.google.common.util.concurrent.dz.run(PG:1)
09-08 02:12:26.905  4595  4595 E A       : 	at com.google.android.libraries.i.ae.run(PG:1)
09-08 02:12:26.905  4595  4595 E A       : 	at java.util.concurrent.ThreadPoolExecutor.runWorker(ThreadPoolExecutor.java:1145)
09-08 02:12:26.905  4595  4595 E A       : 	at java.util.concurrent.ThreadPoolExecutor$Worker.run(ThreadPoolExecutor.java:644)
09-08 02:12:26.905  4595  4595 E A       : 	at com.google.android.libraries.i.i.run(PG:2)
09-08 02:12:26.905  4595  4595 E A       : 	at com.google.android.libraries.i.p.run(PG:4)
09-08 02:12:26.905  4595  4595 E A       : 	at java.lang.Thread.run(Thread.java:1012)
09-08 02:12:26.916  1390  1390 I Choreographer: Skipped 74 frames!  The application may be doing too much work on its main thread.
09-08 02:12:27.471  4990  4990 E ChimeraSrvcProxy: Proxy without impl failing onBind()
09-08 02:12:27.475  4990  4990 I ChimeraSrvcProxy: com.google.android.location.internal.server.HardwareArProviderService returning NullBinder for action com.android.location.service.ActivityRecognitionProvider
09-08 02:12:27.523   538  5377 I system_server: libdebuggerd_client: started dumping process 4595
09-08 02:12:27.529   185   185 I tombstoned: registered intercept for pid 4595 and type kDebuggerdJavaBacktrace
09-08 02:12:27.530  4595  4597 I earchbox:search: Thread[2,tid=4597,WaitingInMainSignalCatcherLoop,Thread*=0x7549ddcac6f0,peer=0x14b83268,"Signal Catcher"]: reacting to signal 3
09-08 02:12:27.530  4595  4597 I earchbox:search:
09-08 02:12:27.786  2893  3111 W .apps.wellbeing: Long monitor contention with owner main (2893) at boolean hix.handleMessage(android.os.Message)(PG:14) waiters=0 in boolean hiv.d(hiu, android.content.ServiceConnection) for 4.309s
09-08 02:12:27.916  4990  5051 I ChimeraSrvcProxy: NullBinder for com.google.android.chimera.BoundService.START triggering remote TransactionTooLargeException due to Service without Chimera impl
09-08 02:12:27.919  4990  5051 W .gms.persistent: Large reply transaction of 1056768 bytes, interface descriptor , code 46
09-08 02:12:28.086   185   185 I tombstoned: received crash request for pid 4595
09-08 02:12:28.087   185   185 I tombstoned: found intercept fd 513 for pid 4595 and type kDebuggerdJavaBacktrace
09-08 02:12:28.090   185   185 W tombstoned: skipping tombstone file creation due to intercept
09-08 02:12:28.091  4595  4597 I earchbox:search: Wrote stack traces to tombstoned
09-08 02:12:28.272   538  5377 I system_server: libdebuggerd_client: done dumping process 4595
09-08 02:12:28.290  4595  4595 I Choreographer: Skipped 329 frames!  The application may be doing too much work on its main thread.
09-08 02:12:28.307  4651  4724 W putmethod.latin: Long monitor contention with owner main (4651) at boolean fti.handleMessage(android.os.Message)(PG:20) waiters=0 in boolean ftg.d(ftf, android.content.ServiceConnection) for 4.273s
09-08 02:12:28.310  4990  4990 E ChimeraSrvcProxy: Proxy without impl failing onBind()
09-08 02:12:28.333  4990  4990 I ChimeraSrvcProxy: com.google.android.location.internal.GoogleLocationManagerService returning NullBinder for action com.android.location.service.GeofenceProvider
09-08 02:12:28.381  5020  5020 D LifecycleMonitor: Lifecycle status change: com.agustin.converter.MainActivity@695ef6b in: DESTROYED
09-08 02:12:28.384  5020  5020 V ActivityScenario: Update currentActivityStage to DESTROYED, currentActivity=null
09-08 02:12:28.387  5020  5020 W WindowOnBackDispatcher: sendCancelIfRunning: isInProgress=falsecallback=android.view.ViewRootImpl$$ExternalSyntheticLambda17@90500e1
09-08 02:12:28.450   538  2894 W InputManager-JNI: Input channel object '84ed77c com.agustin.converter/com.agustin.converter.MainActivity (client)' was disposed without first being removed with the input manager!
09-08 02:12:28.459  5020  5020 I Choreographer: Skipped 241 frames!  The application may be doing too much work on its main thread.
09-08 02:12:28.579  5020  5020 I ImeTracker: com.agustin.converter:6c01301d: onRequestHide at ORIGIN_CLIENT_HIDE_SOFT_INPUT reason HIDE_SOFT_INPUT
09-08 02:12:28.582  5020  5020 I ImeTracker: com.agustin.converter:6c01301d: onFailed at PHASE_CLIENT_VIEW_SERVED
09-08 02:12:28.897  1390  1398 W System  : A resource failed to call release.
09-08 02:12:28.903  1390  1398 W System  : A resource failed to call release.
09-08 02:12:28.904  1390  1398 W System  : A resource failed to call release.
09-08 02:12:29.058  4990  4990 E ChimeraSrvcProxy: Proxy without impl failing onBind()
09-08 02:12:29.093  5020  5126 W ustin.converter: Verification of void kotlinx.coroutines.internal.CoroutineExceptionHandlerImplKt.ensurePlatformExceptionHandlerLoaded(kotlinx.coroutines.CoroutineExceptionHandler) took 415.311ms (55.38 bytecodes/s) (1840B approximate peak alloc)
09-08 02:12:29.115  4990  4990 I ChimeraSrvcProxy: com.google.android.gms.geotimezone.GeoTimeZoneService returning NullBinder for action android.service.timezone.PrimaryLocationTimeZoneProviderService
09-08 02:12:29.229   538   583 W system_server: Long monitor contention with owner ActivityManager (575) at boolean com.android.server.am.BroadcastQueueModernImpl.lambda$new$0(android.os.Message)(BroadcastQueueModernImpl.java:295) waiters=7 in boolean com.android.server.am.ActivityManagerService$LocalService.isProfileOwner(int) for 173ms
09-08 02:12:29.249  4990  4990 E ChimeraSrvcProxy: Proxy without impl failing onBind()
09-08 02:12:29.252  4990  4990 I ChimeraSrvcProxy: com.google.android.location.network.NetworkLocationService returning NullBinder for action com.android.location.service.v3.NetworkLocationProvider
09-08 02:12:29.257  1103  1103 W ndroid.systemui: Long monitor contention with owner SysUiBg (1180) at android.os.Message android.os.MessageQueue.next()(MessageQueue.java:364) waiters=0 in boolean android.os.MessageQueue.enqueueMessage(android.os.Message, long) for 1.143s
09-08 02:12:29.268  4595  4595 I A       : Created gRPC endpoint to "search" for service class com.google.android.apps.search.googleapp.search.suggest.plugins.onesearch.server.OneSearchSuggestService
09-08 02:12:29.346  5329  5329 W WindowOnBackDispatcher: sendCancelIfRunning: isInProgress=falsecallback=android.view.ViewRootImpl$$ExternalSyntheticLambda17@cf5614d
09-08 02:12:29.369  4990  4990 E ChimeraSrvcProxy: Proxy without impl failing onBind()
09-08 02:12:29.372  4990  4990 I ChimeraSrvcProxy: com.google.android.location.fused.FusedLocationService returning NullBinder for action com.android.location.service.FusedLocationProvider
09-08 02:12:29.409   538  1741 W InputManager-JNI: Input channel object 'b126c3e com.agustin.converter.test/androidx.test.core.app.InstrumentationActivityInvoker$EmptyActivity (client)' was disposed without first being removed with the input manager!
09-08 02:12:29.558  4990  4990 E ChimeraSrvcProxy: Proxy without impl failing onBind()
09-08 02:12:29.558  4990  4990 I ChimeraSrvcProxy: com.google.android.gms.location.geocode.GeocodeService returning NullBinder for action com.android.location.service.GeocodeProvider
09-08 02:12:29.774  4595  4630 E IPCThreadState: Binder transaction failure: 158479/29201/-28
09-08 02:12:29.775  4595  4630 E JavaBinder: !!! FAILED BINDER TRANSACTION !!!  (parcel size = 852)
09-08 02:12:29.775  4595  4630 W GmsClient: IGmsServiceBroker.getService failed
09-08 02:12:29.775  4595  4630 W GmsClient: android.os.DeadObjectException: Transaction failed on small parcel; remote process probably died, but this could also be caused by running out of binder buffer space
09-08 02:12:29.775  4595  4630 W GmsClient: 	at android.os.BinderProxy.transactNative(Native Method)
09-08 02:12:29.775  4595  4630 W GmsClient: 	at android.os.BinderProxy.transact(BinderProxy.java:584)
09-08 02:12:29.775  4595  4630 W GmsClient: 	at com.google.android.gms.common.internal.n.J(PG:15)
09-08 02:12:29.775  4595  4630 W GmsClient: 	at com.google.android.gms.common.api.internal.bm.run(PG:5)
09-08 02:12:29.775  4595  4630 W GmsClient: 	at android.os.Handler.handleCallback(Handler.java:958)
09-08 02:12:29.775  4595  4630 W GmsClient: 	at android.os.Handler.dispatchMessage(Handler.java:99)
09-08 02:12:29.775  4595  4630 W GmsClient: 	at android.os.Looper.loopOnce(Looper.java:205)
09-08 02:12:29.775  4595  4630 W GmsClient: 	at android.os.Looper.loop(Looper.java:294)
09-08 02:12:29.775  4595  4630 W GmsClient: 	at android.os.HandlerThread.run(HandlerThread.java:67)
09-08 02:12:29.831  4595  4672 W DynamiteModule: Local module descriptor class for com.google.android.gms.googlecertificates not found.
09-08 02:12:29.838  4595  4595 E ClientLoggingReceiver: Logging to Clearcut failed.
09-08 02:12:29.838  4595  4595 E ClientLoggingReceiver: com.google.android.gms.common.api.n: 22: API failed to connect while resuming due to an unknown error.
09-08 02:12:29.838  4595  4595 E ClientLoggingReceiver: 	at com.google.android.libraries.v.b.a(PG:7)
09-08 02:12:29.838  4595  4595 E ClientLoggingReceiver: 	at com.google.android.gms.common.api.internal.t.handleMessage(PG:6)
09-08 02:12:29.838  4595  4595 E ClientLoggingReceiver: 	at android.os.Handler.dispatchMessage(Handler.java:106)
09-08 02:12:29.838  4595  4595 E ClientLoggingReceiver: 	at android.os.Looper.loopOnce(Looper.java:205)
09-08 02:12:29.838  4595  4595 E ClientLoggingReceiver: 	at android.os.Looper.loop(Looper.java:294)
09-08 02:12:29.838  4595  4595 E ClientLoggingReceiver: 	at android.app.ActivityThread.main(ActivityThread.java:8177)
09-08 02:12:29.838  4595  4595 E ClientLoggingReceiver: 	at java.lang.reflect.Method.invoke(Native Method)
09-08 02:12:29.838  4595  4595 E ClientLoggingReceiver: 	at com.android.internal.os.RuntimeInit$MethodAndArgsCaller.run(RuntimeInit.java:552)
09-08 02:12:29.838  4595  4595 E ClientLoggingReceiver: 	at com.android.internal.os.ZygoteInit.main(ZygoteInit.java:971)
09-08 02:12:29.930  5182  5220 E IPCThreadState: Binder transaction failure: 158483/29201/-28
09-08 02:12:29.930  5182  5220 E JavaBinder: !!! FAILED BINDER TRANSACTION !!!  (parcel size = 396)
09-08 02:12:29.935  5182  5220 W GmsClient: IGmsServiceBroker.getService failed
09-08 02:12:29.935  5182  5220 W GmsClient: android.os.DeadObjectException: Transaction failed on small parcel; remote process probably died, but this could also be caused by running out of binder buffer space
09-08 02:12:29.935  5182  5220 W GmsClient: 	at android.os.BinderProxy.transactNative(Native Method)
09-08 02:12:29.935  5182  5220 W GmsClient: 	at android.os.BinderProxy.transact(BinderProxy.java:584)
09-08 02:12:29.935  5182  5220 W GmsClient: 	at nnv.s(PG:13)
09-08 02:12:29.935  5182  5220 W GmsClient: 	at mwn.run(PG:56)
09-08 02:12:29.935  5182  5220 W GmsClient: 	at android.os.Handler.handleCallback(Handler.java:958)
09-08 02:12:29.935  5182  5220 W GmsClient: 	at android.os.Handler.dispatchMessage(Handler.java:99)
09-08 02:12:29.935  5182  5220 W GmsClient: 	at ntu.b(Unknown Source:0)
09-08 02:12:29.935  5182  5220 W GmsClient: 	at ntu.dispatchMessage(Unknown Source:0)
09-08 02:12:29.935  5182  5220 W GmsClient: 	at android.os.Looper.loopOnce(Looper.java:205)
09-08 02:12:29.935  5182  5220 W GmsClient: 	at android.os.Looper.loop(Looper.java:294)
09-08 02:12:29.935  5182  5220 W GmsClient: 	at android.os.HandlerThread.run(HandlerThread.java:67)
09-08 02:12:29.959   538   563 W system_server: Long monitor contention with owner ActivityManager (575) at boolean com.android.server.am.BroadcastQueueModernImpl.lambda$new$0(android.os.Message)(BroadcastQueueModernImpl.java:295) waiters=0 in int com.android.server.am.ActivityManagerService.bindServiceInstance(android.app.IApplicationThread, android.os.IBinder, android.content.Intent, java.lang.String, android.app.IServiceConnection, long, java.lang.String, boolean, int, java.lang.String, android.app.IApplicationThread, java.lang.String, int) for 551ms
09-08 02:12:30.024   538   566 W system_server: Long monitor contention with owner ActivityManager (575) at boolean com.android.server.am.BroadcastQueueModernImpl.lambda$new$0(android.os.Message)(BroadcastQueueModernImpl.java:295) waiters=1 in void com.android.server.am.ProcessRecord.updateProcessInfo(boolean, boolean, boolean) for 509ms
09-08 02:12:30.030   538  1741 W system_server: Long monitor contention with owner ActivityManager (575) at boolean com.android.server.am.BroadcastQueueModernImpl.lambda$new$0(android.os.Message)(BroadcastQueueModernImpl.java:295) waiters=2 in android.content.Intent com.android.server.am.ActivityManagerService.registerReceiverWithFeature(android.app.IApplicationThread, java.lang.String, java.lang.String, java.lang.String, android.content.IIntentReceiver, android.content.IntentFilter, java.lang.String, int, int) for 491ms
09-08 02:12:30.031   538  2894 W system_server: Long monitor contention with owner ActivityManager (575) at boolean com.android.server.am.BroadcastQueueModernImpl.lambda$new$0(android.os.Message)(BroadcastQueueModernImpl.java:295) waiters=3 in void com.android.server.am.ActivityManagerService.serviceDoneExecuting(android.os.IBinder, int, int, int) for 473ms
09-08 02:12:30.033   538  1748 W system_server: Long monitor contention with owner ActivityManager (575) at boolean com.android.server.am.BroadcastQueueModernImpl.lambda$new$0(android.os.Message)(BroadcastQueueModernImpl.java:295) waiters=4 in void com.android.server.am.ActivityManagerService.publishService(android.os.IBinder, android.content.Intent, android.os.IBinder) for 474ms
09-08 02:12:30.051  4990  4990 E ChimeraSrvcProxy: Proxy without impl failing onBind()
09-08 02:12:30.054  4595  4672 W earchbox:search: Long monitor contention with owner GoogleApiHandler (4630) at android.content.IContentProvider android.app.ActivityThread.acquireProvider(android.content.Context, java.lang.String, int, boolean)(ActivityThread.java:7330) waiters=0 in android.content.IContentProvider android.app.ActivityThread.acquireProvider(android.content.Context, java.lang.String, int, boolean) for 205ms
09-08 02:12:30.057  4990  4990 I ChimeraSrvcProxy: com.google.android.location.internal.server.HardwareArProviderService returning NullBinder for action com.android.location.service.ActivityRecognitionProvider
09-08 02:12:30.079  4990  5002 I ChimeraSrvcProxy: NullBinder for com.google.android.gms.phenotype.service.START triggering remote TransactionTooLargeException due to Service without Chimera impl
09-08 02:12:30.083  4990  5002 W .gms.persistent: Large reply transaction of 1056768 bytes, interface descriptor , code 46
09-08 02:12:30.130  4651  4724 E IPCThreadState: Binder transaction failure: 159942/29201/-28
09-08 02:12:30.132  4651  4724 E JavaBinder: !!! FAILED BINDER TRANSACTION !!!  (parcel size = 912)
09-08 02:12:30.136  4651  4724 W GmsClient: IGmsServiceBroker.getService failed
09-08 02:12:30.136  4651  4724 W GmsClient: android.os.DeadObjectException: Transaction failed on small parcel; remote process probably died, but this could also be caused by running out of binder buffer space
09-08 02:12:30.136  4651  4724 W GmsClient: 	at android.os.BinderProxy.transactNative(Native Method)
09-08 02:12:30.136  4651  4724 W GmsClient: 	at android.os.BinderProxy.transact(BinderProxy.java:584)
09-08 02:12:30.136  4651  4724 W GmsClient: 	at fsu.s(PG:14)
09-08 02:12:30.136  4651  4724 W GmsClient: 	at frm.run(PG:65)
09-08 02:12:30.136  4651  4724 W GmsClient: 	at android.os.Handler.handleCallback(Handler.java:958)
09-08 02:12:30.136  4651  4724 W GmsClient: 	at android.os.Handler.dispatchMessage(Handler.java:99)
09-08 02:12:30.136  4651  4724 W GmsClient: 	at android.os.Looper.loopOnce(Looper.java:205)
09-08 02:12:30.136  4651  4724 W GmsClient: 	at android.os.Looper.loop(Looper.java:294)
09-08 02:12:30.136  4651  4724 W GmsClient: 	at android.os.HandlerThread.run(HandlerThread.java:67)
09-08 02:12:30.239  5238  5293 E IPCThreadState: Binder transaction failure: 159202/29201/-28
09-08 02:12:30.296   538  1748 W system_server: Long monitor contention with owner binder:538_17 (2133) at int com.android.server.am.ActivityManagerService.bindServiceInstance(android.app.IApplicationThread, android.os.IBinder, android.content.Intent, java.lang.String, android.app.IServiceConnection, long, java.lang.String, boolean, int, java.lang.String, android.app.IApplicationThread, java.lang.String, int)(ActivityManagerService.java:13404) waiters=2 in void com.android.server.am.ActivityManagerService.serviceDoneExecuting(android.os.IBinder, int, int, int) for 246ms
09-08 02:12:30.301   538  2894 W system_server: Long monitor contention with owner binder:538_17 (2133) at int com.android.server.am.ActivityManagerService.bindServiceInstance(android.app.IApplicationThread, android.os.IBinder, android.content.Intent, java.lang.String, android.app.IServiceConnection, long, java.lang.String, boolean, int, java.lang.String, android.app.IApplicationThread, java.lang.String, int)(ActivityManagerService.java:13404) waiters=3 in android.app.ContentProviderHolder com.android.server.am.ContentProviderHelper.getContentProviderImpl(android.app.IApplicationThread, java.lang.String, android.os.IBinder, int, java.lang.String, java.lang.String, boolean, int) for 245ms
09-08 02:12:30.317  4990  5051 I ChimeraSrvcProxy: NullBinder for com.google.android.gms.phenotype.service.START triggering remote TransactionTooLargeException due to Service without Chimera impl
09-08 02:12:30.322  4990  5051 W .gms.persistent: Large reply transaction of 1056768 bytes, interface descriptor , code 46
09-08 02:12:30.397  4990  4990 E ChimeraSrvcProxy: Proxy without impl failing onBind()
09-08 02:12:30.451  5020  5126 D IdlingRegistry: Unregistering idling resources: [androidx.compose.ui.test.junit4.EspressoLink@b49a175]
09-08 02:12:30.455  5020  5126 I TestRunner: finished: convertsCelsiusToFahrenheit_defaultDropdowns(com.agustin.converter.ui.ComposeConversionTest)
